08-04 15:14:28.455 28079 28079 W RcsClientLib: 	at android.os.Handler.handleCallback(Handler.java:938)
08-04 15:14:28.455 28079 28079 W RcsClientLib: 	at android.os.Handler.dispatchMessage(Handler.java:99)
08-04 15:14:28.455 28079 28079 W RcsClientLib: 	at android.os.Looper.loop(Looper.java:223)
08-04 15:14:28.455 28079 28079 W RcsClientLib: 	at android.app.ActivityThread.main(ActivityThread.java:7656)
08-04 15:14:28.455 28079 28079 W RcsClientLib: 	at java.lang.reflect.Method.invoke(Native Method)
08-04 15:14:28.455 28079 28079 W RcsClientLib: 	at com.android.internal.os.RuntimeInit$MethodAndArgsCaller.run(RuntimeInit.java:592)
08-04 15:14:28.455 28079 28079 W RcsClientLib: 	at com.android.internal.os.ZygoteInit.main(ZygoteInit.java:947)
08-04 15:14:28.455 28079 28079 I BugleRcsEngine: [2] aeec.disconnect: Disconnecting BusinessInfoService
08-04 15:14:28.455 28079 28079 W RcsClientLib: Unexpected error when trying to unbind com.google.android.ims.rcsservice.businessinfo.IBusinessInfo: Service not registered: aeed@b62d95d
08-04 15:14:28.455 28079 28079 W RcsClientLib: java.lang.IllegalArgumentException: Service not registered: aeed@b62d95d
08-04 15:14:28.455 28079 28079 W RcsClientLib: 	at android.app.LoadedApk.forgetServiceDispatcher(LoadedApk.java:1757)
08-04 15:14:28.455 28079 28079 W RcsClientLib: 	at android.app.ContextImpl.unbindService(ContextImpl.java:1874)
08-04 15:14:28.455 28079 28079 W RcsClientLib: 	at android.content.ContextWrapper.unbindService(ContextWrapper.java:792)
08-04 15:14:28.455 28079 28079 W RcsClientLib: 	at aeec.b(PG:43)
08-04 15:14:28.455 28079 28079 W RcsClientLib: 	at aeec.disconnect(PG:41)
08-04 15:14:28.455 28079 28079 W RcsClientLib: 	at koc.b(PG:43)
08-04 15:14:28.455 28079 28079 W RcsClientLib: 	at kof.a(PG:38)
08-04 15:14:28.455 28079 28079 W RcsClientLib: 	at riw.a(PG:43)
08-04 15:14:28.455 28079 28079 W RcsClientLib: 	at rif.run(Unknown Source:1)
08-04 15:14:28.455 28079 28079 W RcsClientLib: 	at afou.run(PG:3)
08-04 15:14:28.455 28079 28079 W RcsClientLib: 	at android.os.Handler.handleCallback(Handler.java:938)
08-04 15:14:28.455 28079 28079 W RcsClientLib: 	at android.os.Handler.dispatchMessage(Handler.java:99)
08-04 15:14:28.455 28079 28079 W RcsClientLib: 	at android.os.Looper.loop(Looper.java:223)
08-04 15:14:28.455 28079 28079 W RcsClientLib: 	at android.app.ActivityThread.main(ActivityThread.java:7656)
08-04 15:14:28.455 28079 28079 W RcsClientLib: 	at java.lang.reflect.Method.invoke(Native Method)
08-04 15:14:28.455 28079 28079 W RcsClientLib: 	at com.android.internal.os.RuntimeInit$MethodAndArgsCaller.run(RuntimeInit.java:592)
08-04 15:14:28.455 28079 28079 W RcsClientLib: 	at com.android.internal.os.ZygoteInit.main(ZygoteInit.java:947)
08-04 15:14:28.455 28079 28079 I BugleRcsEngine: [2] aeec.disconnect: Disconnecting RcsMessagingService
08-04 15:14:28.455 28079 28079 W RcsClientLib: Unexpected error when trying to unbind com.google.android.rcs.client.messaging.IMessaging: Service not registered: aeed@d032fa3
08-04 15:14:28.455 28079 28079 W RcsClientLib: java.lang.IllegalArgumentException: Service not registered: aeed@d032fa3
08-04 15:14:28.455 28079 28079 W RcsClientLib: 	at android.app.LoadedApk.forgetServiceDispatcher(LoadedApk.java:1757)
08-04 15:14:28.455 28079 28079 W RcsClientLib: 	at android.app.ContextImpl.unbindService(ContextImpl.java:1874)
08-04 15:14:28.455 28079 28079 W RcsClientLib: 	at android.content.ContextWrapper.unbindService(ContextWrapper.java:792)
08-04 15:14:28.455 28079 28079 W RcsClientLib: 	at aeec.b(PG:43)
08-04 15:14:28.455 28079 28079 W RcsClientLib: 	at aeec.disconnect(PG:41)
08-04 15:14:28.455 28079 28079 W RcsClientLib: 	at koc.b(PG:44)
08-04 15:14:28.455 28079 28079 W RcsClientLib: 	at kof.a(PG:38)
08-04 15:14:28.455 28079 28079 W RcsClientLib: 	at riw.a(PG:43)
08-04 15:14:28.455 28079 28079 W RcsClientLib: 	at rif.run(Unknown Source:1)
08-04 15:14:28.455 28079 28079 W RcsClientLib: 	at afou.run(PG:3)
08-04 15:14:28.455 28079 28079 W RcsClientLib: 	at android.os.Handler.handleCallback(Handler.java:938)
08-04 15:14:28.455 28079 28079 W RcsClientLib: 	at android.os.Handler.dispatchMessage(Handler.java:99)
08-04 15:14:28.455 28079 28079 W RcsClientLib: 	at android.os.Looper.loop(Looper.java:223)
08-04 15:14:28.455 28079 28079 W RcsClientLib: 	at android.app.ActivityThread.main(ActivityThread.java:7656)
08-04 15:14:28.455 28079 28079 W RcsClientLib: 	at java.lang.reflect.Method.invoke(Native Method)
08-04 15:14:28.455 28079 28079 W RcsClientLib: 	at com.android.internal.os.RuntimeInit$MethodAndArgsCaller.run(RuntimeInit.java:592)
08-04 15:14:28.455 28079 28079 W RcsClientLib: 	at com.android.internal.os.ZygoteInit.main(ZygoteInit.java:947)
08-04 15:14:28.455 28079 28079 I BugleRcsEngine: [2] aeec.disconnect: Disconnecting TransportControlService
08-04 15:14:28.455 28079 28079 W RcsClientLib: Unexpected error when trying to unbind com.google.android.ims.rcsservice.transportcontrol.ITransportControl: Service not registered: aeed@ff8ae59
08-04 15:14:28.455 28079 28079 W RcsClientLib: java.lang.IllegalArgumentException: Service not registered: aeed@ff8ae59
08-04 15:14:28.455 28079 28079 W RcsClientLib: 	at android.app.LoadedApk.forgetServiceDispatcher(LoadedApk.java:1757)
08-04 15:14:28.455 28079 28079 W RcsClientLib: 	at android.app.ContextImpl.unbindService(ContextImpl.java:1874)
08-04 15:14:28.455 28079 28079 W RcsClientLib: 	at android.content.ContextWrapper.unbindService(ContextWrapper.java:792)
08-04 15:14:28.455 28079 28079 W RcsClientLib: 	at aeec.b(PG:43)
08-04 15:14:28.455 28079 28079 W RcsClientLib: 	at aeec.disconnect(PG:41)
08-04 15:14:28.455 28079 28079 W RcsClientLib: 	at koc.b(PG:45)
08-04 15:14:28.455 28079 28079 W RcsClientLib: 	at kof.a(PG:38)
08-04 15:14:28.455 28079 28079 W RcsClientLib: 	at riw.a(PG:43)
08-04 15:14:28.455 28079 28079 W RcsClientLib: 	at rif.run(Unknown Source:1)
08-04 15:14:28.455 28079 28079 W RcsClientLib: 	at afou.run(PG:3)
08-04 15:14:28.455 28079 28079 W RcsClientLib: 	at android.os.Handler.handleCallback(Handler.java:938)
08-04 15:14:28.455 28079 28079 W RcsClientLib: 	at android.os.Handler.dispatchMessage(Handler.java:99)
08-04 15:14:28.455 28079 28079 W RcsClientLib: 	at android.os.Looper.loop(Looper.java:223)
08-04 15:14:28.455 28079 28079 W RcsClientLib: 	at android.app.ActivityThread.main(ActivityThread.java:7656)
08-04 15:14:28.455 28079 28079 W RcsClientLib: 	at java.lang.reflect.Method.invoke(Native Method)
08-04 15:14:28.455 28079 28079 W RcsClientLib: 	at com.android.internal.os.RuntimeInit$MethodAndArgsCaller.run(RuntimeInit.java:592)
08-04 15:14:28.455 28079 28079 W RcsClientLib: 	at com.android.internal.os.ZygoteInit.main(ZygoteInit.java:947)
08-04 15:14:28.455 28079 28079 W BugleRcs: disconnecting from all Rcs Services
08-04 15:14:28.470 28079 28115 I BugleRcsEngine: [1844] aeec.connect: Connecting SignupService
08-04 15:14:28.470 28079 28115 I BugleRcsEngine: [1844] aeec.connect: shouldUseCarrierServicesJibeService: true, CarrierServices rcs service found: true
08-04 15:14:28.470 28079 28115 I BugleRcsEngine: [1844] aeec.connect: Binding to JibeService in CarrierServices.
08-04 15:14:28.471   532  3441 D CompatibilityChangeReporter: Compat change id reported: 135634846; UID 10125; state: DISABLED
08-04 15:14:28.471   532  3441 D CompatibilityChangeReporter: Compat change id reported: 135754954; UID 10125; state: DISABLED
08-04 15:14:28.471   532   561 D CompatibilityChangeReporter: Compat change id reported: 143937733; UID 10125; state: DISABLED
08-04 15:14:28.472 28079 28079 I RcsClientLib: Service com.google.android.rcs.client.signup.SignupService connected. Will notify listeners: true
08-04 15:14:28.474  2484  5899 I CarrierServices: [263] dsd.a: RcsAvailabilityManager: Calculating Rcs Availability
08-04 15:14:28.478  2484  5899 I CarrierServices: [263] dtf.b: Bugle has minimum required RCS permissions: true
08-04 15:14:28.479   306   306 D Zygote  : Forked child process 28140
08-04 15:14:28.479  2484  5899 I CarrierServices: [263] dtf.a: Rcs is enabled from user settings: true
08-04 15:14:28.479   532   561 I ActivityManager: Start proc 28140:com.google.android.apps.youtube.music/u0a125 for broadcast {com.google.android.apps.youtube.music/androidx.work.impl.background.systemalarm.RescheduleReceiver}
08-04 15:14:28.481  2484  5899 I CarrierServices: [263] dtf.c: Bugle is default SMS app: true
08-04 15:14:28.481  2484  5899 I CarrierServices: [263] dvk.a: Using config server URL from cqx
08-04 15:14:28.482 28140 28140 I libc    : SetHeapTaggingLevel: tag level set to 0
08-04 15:14:28.483  2484  5899 I CarrierServices: [263] ekb.b: Checking if using CarrierServices.apk is possible. Enabled: true, isAtLeastM: true, runningInsideBugle: false
08-04 15:14:28.484   379   404 I adbd    : jdwp connection from 28140
08-04 15:14:28.484  2484  5899 I CarrierServices: [263] chn.h: BindingManager: binding and reset P/H Flag stay same
08-04 15:14:28.484  2484  5899 I CarrierServices: [263] dsd.a: RcsAvailabilityManager: Rcs Availability still CARRIER_SETUP_PENDING (Carrier RCS is not set up)
08-04 15:14:28.485 28079 28115 I BugleRcs: RcsAvailabilityUtilForProvisioningEngineV2: Get Updated RcsAvailability, RcsAvailability: CARRIER_SETUP_PENDING, SimId: Redacted-20
08-04 15:14:28.485 28079 28115 I BugleRcsEngine: [1844] aeec.disconnect: Disconnecting SignupService
08-04 15:14:28.485 28079 28079 I BugleRcsEngine: [2] aeec.disconnect: Disconnecting ChatSessionService
08-04 15:14:28.485 28079 28079 W RcsClientLib: Unexpected error when trying to unbind com.google.android.ims.rcsservice.chatsession.IChatSession: Service not registered: aeed@ece9d17
08-04 15:14:28.486 28079 28079 W RcsClientLib: java.lang.IllegalArgumentException: Service not registered: aeed@ece9d17
08-04 15:14:28.486 28079 28079 W RcsClientLib: 	at android.app.LoadedApk.forgetServiceDispatcher(LoadedApk.java:1757)
08-04 15:14:28.486 28079 28079 W RcsClientLib: 	at android.app.ContextImpl.unbindService(ContextImpl.java:1874)
08-04 15:14:28.486 28079 28079 W RcsClientLib: 	at android.content.ContextWrapper.unbindService(ContextWrapper.java:792)
08-04 15:14:28.486 28079 28079 W RcsClientLib: 	at aeec.b(PG:43)
08-04 15:14:28.486 28079 28079 W RcsClientLib: 	at aeec.disconnect(PG:41)
08-04 15:14:28.486 28079 28079 W RcsClientLib: 	at koc.b(PG:36)
08-04 15:14:28.486 28079 28079 W RcsClientLib: 	at kof.a(PG:38)
08-04 15:14:28.486 28079 28079 W RcsClientLib: 	at riw.a(PG:43)
08-04 15:14:28.486 28079 28079 W RcsClientLib: 	at rif.run(Unknown Source:1)
08-04 15:14:28.486 28079 28079 W RcsClientLib: 	at afou.run(PG:3)
08-04 15:14:28.486 28079 28079 W RcsClientLib: 	at android.os.Handler.handleCallback(Handler.java:938)
08-04 15:14:28.486 28079 28079 W RcsClientLib: 	at android.os.Handler.dispatchMessage(Handler.java:99)
08-04 15:14:28.486 28079 28079 W RcsClientLib: 	at android.os.Looper.loop(Looper.java:223)
08-04 15:14:28.486 28079 28079 W RcsClientLib: 	at android.app.ActivityThread.main(ActivityThread.java:7656)
08-04 15:14:28.486 28079 28079 W RcsClientLib: 	at java.lang.reflect.Method.invoke(Native Method)
08-04 15:14:28.486 28079 28079 W RcsClientLib: 	at com.android.internal.os.RuntimeInit$MethodAndArgsCaller.run(RuntimeInit.java:592)
08-04 15:14:28.486 28079 28079 W RcsClientLib: 	at com.android.internal.os.ZygoteInit.main(ZygoteInit.java:947)
08-04 15:14:28.486 28079 28079 I BugleRcsEngine: [2] aeec.disconnect: Disconnecting EventService
08-04 15:14:28.486 28079 28079 W RcsClientLib: Unexpected error when trying to unbind com.google.android.ims.rcsservice.events.IEvent: Service not registered: aeed@295f3b3
08-04 15:14:28.486 28079 28079 W RcsClientLib: java.lang.IllegalArgumentException: Service not registered: aeed@295f3b3
08-04 15:14:28.486 28079 28079 W RcsClientLib: 	at android.app.LoadedApk.forgetServiceDispatcher(LoadedApk.java:1757)
08-04 15:14:28.486 28079 28079 W RcsClientLib: 	at android.app.ContextImpl.unbindService(ContextImpl.java:1874)
08-04 15:14:28.486 28079 28079 W RcsClientLib: 	at android.content.ContextWrapper.unbindService(ContextWrapper.java:792)
08-04 15:14:28.486 28079 28079 W RcsClientLib: 	at aeec.b(PG:43)
08-04 15:14:28.486 28079 28079 W RcsClientLib: 	at aeec.disconnect(PG:41)
08-04 15:14:28.486 28079 28079 W RcsClientLib: 	at com.google.android.rcs.client.events.EventService.disconnect(PG:7)
08-04 15:14:28.486 28079 28079 W RcsClientLib: 	at koc.b(PG:37)
08-04 15:14:28.486 28079 28079 W RcsClientLib: 	at kof.a(PG:38)
08-04 15:14:28.486 28079 28079 W RcsClientLib: 	at riw.a(PG:43)
08-04 15:14:28.486 28079 28079 W RcsClientLib: 	at rif.run(Unknown Source:1)
08-04 15:14:28.486 28079 28079 W RcsClientLib: 	at afou.run(PG:3)
08-04 15:14:28.486 28079 28079 W RcsClientLib: 	at android.os.Handler.handleCallback(Handler.java:938)
08-04 15:14:28.486 28079 28079 W RcsClientLib: 	at android.os.Handler.dispatchMessage(Handler.java:99)
08-04 15:14:28.486 28079 28079 W RcsClientLib: 	at android.os.Looper.loop(Looper.java:223)
08-04 15:14:28.486 28079 28079 W RcsClientLib: 	at android.app.ActivityThread.main(ActivityThread.java:7656)
08-04 15:14:28.486 28079 28079 W RcsClientLib: 	at java.lang.reflect.Method.invoke(Native Method)
08-04 15:14:28.486 28079 28079 W RcsClientLib: 	at com.android.internal.os.RuntimeInit$MethodAndArgsCaller.run(RuntimeInit.java:592)
08-04 15:14:28.486 28079 28079 W RcsClientLib: 	at com.android.internal.os.ZygoteInit.main(ZygoteInit.java:947)
08-04 15:14:28.486 28079 28079 I BugleRcsEngine: [2] aeec.disconnect: Disconnecting ContactsService
08-04 15:14:28.486 28079 28079 W RcsClientLib: Unexpected error when trying to unbind com.google.android.ims.rcsservice.contacts.IContactsManagement: Service not registered: aeed@53cb8e9
08-04 15:14:28.486 28079 28079 W RcsClientLib: java.lang.IllegalArgumentException: Service not registered: aeed@53cb8e9
08-04 15:14:28.486 28079 28079 W RcsClientLib: 	at android.app.LoadedApk.forgetServiceDispatcher(LoadedApk.java:1757)
08-04 15:14:28.486 28079 28079 W RcsClientLib: 	at android.app.ContextImpl.unbindService(ContextImpl.java:1874)
08-04 15:14:28.486 28079 28079 W RcsClientLib: 	at android.content.ContextWrapper.unbindService(ContextWrapper.java:792)
08-04 15:14:28.486 28079 28079 W RcsClientLib: 	at aeec.b(PG:43)
08-04 15:14:28.486 28079 28079 W RcsClientLib: 	at aeec.disconnect(PG:41)
08-04 15:14:28.486 28079 28079 W RcsClientLib: 	at koc.b(PG:38)
08-04 15:14:28.486 28079 28079 W RcsClientLib: 	at kof.a(PG:38)
08-04 15:14:28.486 28079 28079 W RcsClientLib: 	at riw.a(PG:43)
08-04 15:14:28.486 28079 28079 W RcsClientLib: 	at rif.run(Unknown Source:1)
08-04 15:14:28.486 28079 28079 W RcsClientLib: 	at afou.run(PG:3)
08-04 15:14:28.486 28079 28079 W RcsClientLib: 	at android.os.Handler.handleCallback(Handler.java:938)
08-04 15:14:28.486 28079 28079 W RcsClientLib: 	at android.os.Handler.dispatchMessage(Handler.java:99)
08-04 15:14:28.486 28079 28079 W RcsClientLib: 	at android.os.Looper.loop(Looper.java:223)
08-04 15:14:28.486 28079 28079 W RcsClientLib: 	at android.app.ActivityThread.main(ActivityThread.java:7656)
08-04 15:14:28.486 28079 28079 W RcsClientLib: 	at java.lang.reflect.Method.invoke(Native Method)
08-04 15:14:28.486 28079 28079 W RcsClientLib: 	at com.android.internal.os.RuntimeInit$MethodAndArgsCaller.run(RuntimeInit.java:592)
08-04 15:14:28.486 28079 28079 W RcsClientLib: 	at com.android.internal.os.ZygoteInit.main(ZygoteInit.java:947)
08-04 15:14:28.486 28079 28079 I BugleRcsEngine: [2] aeec.disconnect: Disconnecting FileTransferService
08-04 15:14:28.486 28079 28079 W RcsClientLib: Unexpected error when trying to unbind com.google.android.ims.rcsservice.filetransfer.IFileTransfer: Service not registered: aeed@672180f
08-04 15:14:28.486 28079 28079 W RcsClientLib: java.lang.IllegalArgumentException: Service not registered: aeed@672180f
08-04 15:14:28.486 28079 28079 W RcsClientLib: 	at android.app.LoadedApk.forgetServiceDispatcher(LoadedApk.java:1757)
08-04 15:14:28.486 28079 28079 W RcsClientLib: 	at android.app.ContextImpl.unbindService(ContextImpl.java:1874)
08-04 15:14:28.486 28079 28079 W RcsClientLib: 	at android.content.ContextWrapper.unbindService(ContextWrapper.java:792)
08-04 15:14:28.486 28079 28079 W RcsClientLib: 	at aeec.b(PG:43)
08-04 15:14:28.486 28079 28079 W RcsClientLib: 	at aeec.disconnect(PG:41)
08-04 15:14:28.486 28079 28079 W RcsClientLib: 	at koc.b(PG:39)
08-04 15:14:28.486 28079 28079 W RcsClientLib: 	at kof.a(PG:38)
08-04 15:14:28.486 28079 28079 W RcsClientLib: 	at riw.a(PG:43)
08-04 15:14:28.486 28079 28079 W RcsClientLib: 	at rif.run(Unknown Source:1)
08-04 15:14:28.486 28079 28079 W RcsClientLib: 	at afou.run(PG:3)
08-04 15:14:28.486 28079 28079 W RcsClientLib: 	at android.os.Handler.handleCallback(Handler.java:938)
08-04 15:14:28.486 28079 28079 W RcsClientLib: 	at android.os.Handler.dispatchMessage(Handler.java:99)
08-04 15:14:28.486 28079 28079 W RcsClientLib: 	at android.os.Looper.loop(Looper.java:223)
08-04 15:14:28.486 28079 28079 W RcsClientLib: 	at android.app.ActivityThread.main(ActivityThread.java:7656)
08-04 15:14:28.486 28079 28079 W RcsClientLib: 	at java.lang.reflect.Method.invoke(Native Method)
08-04 15:14:28.486 28079 28079 W RcsClientLib: 	at com.android.internal.os.RuntimeInit$MethodAndArgsCaller.run(RuntimeInit.java:592)
08-04 15:14:28.486 28079 28079 W RcsClientLib: 	at com.android.internal.os.ZygoteInit.main(ZygoteInit.java:947)
08-04 15:14:28.486 28079 28079 I BugleRcsEngine: [2] aeec.disconnect: Disconnecting LocationSharingService
08-04 15:14:28.486 28079 28079 W RcsClientLib: Unexpected error when trying to unbind com.google.android.ims.rcsservice.locationsharing.ILocationSharing: Service not registered: aeed@ead2e7a
08-04 15:14:28.486 28079 28079 W RcsClientLib: java.lang.IllegalArgumentException: Service not registered: aeed@ead2e7a
08-04 15:14:28.486 28079 28079 W RcsClientLib: 	at android.app.LoadedApk.forgetServiceDispatcher(LoadedApk.java:1757)
08-04 15:14:28.486 28079 28079 W RcsClientLib: 	at android.app.ContextImpl.unbindService(ContextImpl.java:1874)
08-04 15:14:28.486 28079 28079 W RcsClientLib: 	at android.content.ContextWrapper.unbindService(ContextWrapper.java:792)
08-04 15:14:28.486 28079 28079 W RcsClientLib: 	at aeec.b(PG:43)
08-04 15:14:28.486 28079 28079 W RcsClientLib: 	at aeec.disconnect(PG:41)
08-04 15:14:28.486 28079 28079 W RcsClientLib: 	at koc.b(PG:40)
08-04 15:14:28.486 28079 28079 W RcsClientLib: 	at kof.a(PG:38)
08-04 15:14:28.486 28079 28079 W RcsClientLib: 	at riw.a(PG:43)
08-04 15:14:28.486 28079 28079 W RcsClientLib: 	at rif.run(Unknown Source:1)
08-04 15:14:28.486 28079 28079 W RcsClientLib: 	at afou.run(PG:3)
08-04 15:14:28.486 28079 28079 W RcsClientLib: 	at android.os.Handler.handleCallback(Handler.java:938)
08-04 15:14:28.486 28079 28079 W RcsClientLib: 	at android.os.Handler.dispatchMessage(Handler.java:99)
08-04 15:14:28.486 28079 28079 W RcsClientLib: 	at android.os.Looper.loop(Looper.java:223)
08-04 15:14:28.486 28079 28079 W RcsClientLib: 	at android.app.ActivityThread.main(ActivityThread.java:7656)
08-04 15:14:28.486 28079 28079 W RcsClientLib: 	at java.lang.reflect.Method.invoke(Native Method)
08-04 15:14:28.486 28079 28079 W RcsClientLib: 	at com.android.internal.os.RuntimeInit$MethodAndArgsCaller.run(RuntimeInit.java:592)
08-04 15:14:28.486 28079 28079 W RcsClientLib: 	at com.android.internal.os.ZygoteInit.main(ZygoteInit.java:947)
08-04 15:14:28.486 28079 28079 I BugleRcsEngine: [2] aeec.disconnect: Disconnecting ImsConnectionTrackerService
08-04 15:14:28.486 28079 28079 W RcsClientLib: Unexpected error when trying to unbind com.google.android.ims.rcsservice.ims.IImsConnectionTracker: Service not registered: aeed@40d8a88
08-04 15:14:28.486 28079 28079 W RcsClientLib: java.lang.IllegalArgumentException: Service not registered: aeed@40d8a88
08-04 15:14:28.486 28079 28079 W RcsClientLib: 	at android.app.LoadedApk.forgetServiceDispatcher(LoadedApk.java:1757)
08-04 15:14:28.486 28079 28079 W RcsClientLib: 	at android.app.ContextImpl.unbindService(ContextImpl.java:1874)
08-04 15:14:28.486 28079 28079 W RcsClientLib: 	at android.content.ContextWrapper.unbindService(ContextWrapper.java:792)
08-04 15:14:28.486 28079 28079 W RcsClientLib: 	at aeec.b(PG:43)
08-04 15:14:28.486 28079 28079 W RcsClientLib: 	at aeec.disconnect(PG:41)
08-04 15:14:28.486 28079 28079 W RcsClientLib: 	at koc.b(PG:41)
08-04 15:14:28.486 28079 28079 W RcsClientLib: 	at kof.a(PG:38)
08-04 15:14:28.486 28079 28079 W RcsClientLib: 	at riw.a(PG:43)
08-04 15:14:28.486 28079 28079 W RcsClientLib: 	at rif.run(Unknown Source:1)
08-04 15:14:28.486 28079 28079 W RcsClientLib: 	at afou.run(PG:3)
08-04 15:14:28.486 28079 28079 W RcsClientLib: 	at android.os.Handler.handleCallback(Handler.java:938)
08-04 15:14:28.486 28079 28079 W RcsClientLib: 	at android.os.Handler.dispatchMessage(Handler.java:99)
08-04 15:14:28.486 28079 28079 W RcsClientLib: 	at android.os.Looper.loop(Looper.java:223)
08-04 15:14:28.486 28079 28079 W RcsClientLib: 	at android.app.ActivityThread.main(ActivityThread.java:7656)
08-04 15:14:28.486 28079 28079 W RcsClientLib: 	at java.lang.reflect.Method.invoke(Native Method)
08-04 15:14:28.486 28079 28079 W RcsClientLib: 	at com.android.internal.os.RuntimeInit$MethodAndArgsCaller.run(RuntimeInit.java:592)
08-04 15:14:28.486 28079 28079 W RcsClientLib: 	at com.android.internal.os.ZygoteInit.main(ZygoteInit.java:947)
08-04 15:14:28.486 28079 28079 I BugleRcsEngine: [2] aeec.disconnect: Disconnecting RcsProfileService
08-04 15:14:28.486 28079 28079 W RcsClientLib: Unexpected error when trying to unbind com.google.android.ims.rcsservice.profile.IRcsProfile: Service not registered: aeed@abafa07
08-04 15:14:28.486 28079 28079 W RcsClientLib: java.lang.IllegalArgumentException: Service not registered: aeed@abafa07
08-04 15:14:28.486 28079 28079 W RcsClientLib: 	at android.app.LoadedApk.forgetServiceDispatcher(LoadedApk.java:1757)
08-04 15:14:28.486 28079 28079 W RcsClientLib: 	at android.app.ContextImpl.unbindService(ContextImpl.java:1874)
08-04 15:14:28.486 28079 28079 W RcsClientLib: 	at android.content.ContextWrapper.unbindService(ContextWrapper.java:792)
08-04 15:14:28.486 28079 28079 W RcsClientLib: 	at aeec.b(PG:43)
08-04 15:14:28.486 28079 28079 W RcsClientLib: 	at aeec.disconnect(PG:41)
08-04 15:14:28.486 28079 28079 W RcsClientLib: 	at koc.b(PG:42)
08-04 15:14:28.486 28079 28079 W RcsClientLib: 	at kof.a(PG:38)
08-04 15:14:28.486 28079 28079 W RcsClientLib: 	at riw.a(PG:43)
08-04 15:14:28.486 28079 28079 W RcsClientLib: 	at rif.run(Unknown Source:1)
08-04 15:14:28.486 28079 28079 W RcsClientLib: 	at afou.run(PG:3)
08-04 15:14:28.486 28079 28079 W RcsClientLib: 	at android.os.Handler.handleCallback(Handler.java:938)
08-04 15:14:28.486 28079 28079 W RcsClientLib: 	at android.os.Handler.dispatchMessage(Handler.java:99)
08-04 15:14:28.486 28079 28079 W RcsClientLib: 	at android.os.Looper.loop(Looper.java:223)
08-04 15:14:28.486 28079 28079 W RcsClientLib: 	at android.app.ActivityThread.main(ActivityThread.java:7656)
08-04 15:14:28.486 28079 28079 W RcsClientLib: 	at java.lang.reflect.Method.invoke(Native Method)
08-04 15:14:28.486 28079 28079 W RcsClientLib: 	at com.android.internal.os.RuntimeInit$MethodAndArgsCaller.run(RuntimeInit.java:592)
08-04 15:14:28.486 28079 28079 W RcsClientLib: 	at com.android.internal.os.ZygoteInit.main(ZygoteInit.java:947)
08-04 15:14:28.486 28079 28079 I BugleRcsEngine: [2] aeec.disconnect: Disconnecting BusinessInfoService
08-04 15:14:28.486 28079 28079 W RcsClientLib: Unexpected error when trying to unbind com.google.android.ims.rcsservice.businessinfo.IBusinessInfo: Service not registered: aeed@b62d95d
08-04 15:14:28.486 28079 28079 W RcsClientLib: java.lang.IllegalArgumentException: Service not registered: aeed@b62d95d
08-04 15:14:28.486 28079 28079 W RcsClientLib: 	at android.app.LoadedApk.forgetServiceDispatcher(LoadedApk.java:1757)
08-04 15:14:28.486 28079 28079 W RcsClientLib: 	at android.app.ContextImpl.unbindService(ContextImpl.java:1874)
08-04 15:14:28.486 28079 28079 W RcsClientLib: 	at android.content.ContextWrapper.unbindService(ContextWrapper.java:792)
08-04 15:14:28.486 28079 28079 W RcsClientLib: 	at aeec.b(PG:43)
08-04 15:14:28.486 28079 28079 W RcsClientLib: 	at aeec.disconnect(PG:41)
08-04 15:14:28.486 28079 28079 W RcsClientLib: 	at koc.b(PG:43)
08-04 15:14:28.486 28079 28079 W RcsClientLib: 	at kof.a(PG:38)
08-04 15:14:28.486 28079 28079 W RcsClientLib: 	at riw.a(PG:43)
08-04 15:14:28.486 28079 28079 W RcsClientLib: 	at rif.run(Unknown Source:1)
08-04 15:14:28.486 28079 28079 W RcsClientLib: 	at afou.run(PG:3)
08-04 15:14:28.486 28079 28079 W RcsClientLib: 	at android.os.Handler.handleCallback(Handler.java:938)
08-04 15:14:28.486 28079 28079 W RcsClientLib: 	at android.os.Handler.dispatchMessage(Handler.java:99)
08-04 15:14:28.486 28079 28079 W RcsClientLib: 	at android.os.Looper.loop(Looper.java:223)
08-04 15:14:28.486 28079 28079 W RcsClientLib: 	at android.app.ActivityThread.main(ActivityThread.java:7656)
08-04 15:14:28.486 28079 28079 W RcsClientLib: 	at java.lang.reflect.Method.invoke(Native Method)
08-04 15:14:28.486 28079 28079 W RcsClientLib: 	at com.android.internal.os.RuntimeInit$MethodAndArgsCaller.run(RuntimeInit.java:592)
08-04 15:14:28.486 28079 28079 W RcsClientLib: 	at com.android.internal.os.ZygoteInit.main(ZygoteInit.java:947)
08-04 15:14:28.486 28079 28079 I BugleRcsEngine: [2] aeec.disconnect: Disconnecting RcsMessagingService
08-04 15:14:28.486 28079 28079 W RcsClientLib: Unexpected error when trying to unbind com.google.android.rcs.client.messaging.IMessaging: Service not registered: aeed@d032fa3
08-04 15:14:28.486 28079 28079 W RcsClientLib: java.lang.IllegalArgumentException: Service not registered: aeed@d032fa3
08-04 15:14:28.486 28079 28079 W RcsClientLib: 	at android.app.LoadedApk.forgetServiceDispatcher(LoadedApk.java:1757)
08-04 15:14:28.486 28079 28079 W RcsClientLib: 	at android.app.ContextImpl.unbindService(ContextImpl.java:1874)
08-04 15:14:28.486 28079 28079 W RcsClientLib: 	at android.content.ContextWrapper.unbindService(ContextWrapper.java:792)
08-04 15:14:28.486 28079 28079 W RcsClientLib: 	at aeec.b(PG:43)
08-04 15:14:28.486 28079 28079 W RcsClientLib: 	at aeec.disconnect(PG:41)
08-04 15:14:28.486 28079 28079 W RcsClientLib: 	at koc.b(PG:44)
08-04 15:14:28.486 28079 28079 W RcsClientLib: 	at kof.a(PG:38)
08-04 15:14:28.486 28079 28079 W RcsClientLib: 	at riw.a(PG:43)
08-04 15:14:28.486 28079 28079 W RcsClientLib: 	at rif.run(Unknown Source:1)
08-04 15:14:28.486 28079 28079 W RcsClientLib: 	at afou.run(PG:3)
08-04 15:14:28.486 28079 28079 W RcsClientLib: 	at android.os.Handler.handleCallback(Handler.java:938)
08-04 15:14:28.486 28079 28079 W RcsClientLib: 	at android.os.Handler.dispatchMessage(Handler.java:99)
08-04 15:14:28.486 28079 28079 W RcsClientLib: 	at android.os.Looper.loop(Looper.java:223)
08-04 15:14:28.486 28079 28079 W RcsClientLib: 	at android.app.ActivityThread.main(ActivityThread.java:7656)
08-04 15:14:28.486 28079 28079 W RcsClientLib: 	at java.lang.reflect.Method.invoke(Native Method)
08-04 15:14:28.486 28079 28079 W RcsClientLib: 	at com.android.internal.os.RuntimeInit$MethodAndArgsCaller.run(RuntimeInit.java:592)
08-04 15:14:28.486 28079 28079 W RcsClientLib: 	at com.android.internal.os.ZygoteInit.main(ZygoteInit.java:947)
08-04 15:14:28.486 28079 28079 I BugleRcsEngine: [2] aeec.disconnect: Disconnecting TransportControlService
08-04 15:14:28.486 28079 28079 W RcsClientLib: Unexpected error when trying to unbind com.google.android.ims.rcsservice.transportcontrol.ITransportControl: Service not registered: aeed@ff8ae59
08-04 15:14:28.486 28079 28079 W RcsClientLib: java.lang.IllegalArgumentException: Service not registered: aeed@ff8ae59
08-04 15:14:28.486 28079 28079 W RcsClientLib: 	at android.app.LoadedApk.forgetServiceDispatcher(LoadedApk.java:1757)
08-04 15:14:28.486 28079 28079 W RcsClientLib: 	at android.app.ContextImpl.unbindService(ContextImpl.java:1874)
08-04 15:14:28.486 28079 28079 W RcsClientLib: 	at android.content.ContextWrapper.unbindService(ContextWrapper.java:792)
08-04 15:14:28.486 28079 28079 W RcsClientLib: 	at aeec.b(PG:43)
08-04 15:14:28.486 28079 28079 W RcsClientLib: 	at aeec.disconnect(PG:41)
08-04 15:14:28.486 28079 28079 W RcsClientLib: 	at koc.b(PG:45)
08-04 15:14:28.486 28079 28079 W RcsClientLib: 	at kof.a(PG:38)
08-04 15:14:28.486 28079 28079 W RcsClientLib: 	at riw.a(PG:43)
08-04 15:14:28.486 28079 28079 W RcsClientLib: 	at rif.run(Unknown Source:1)
08-04 15:14:28.486 28079 28079 W RcsClientLib: 	at afou.run(PG:3)
08-04 15:14:28.486 28079 28079 W RcsClientLib: 	at android.os.Handler.handleCallback(Handler.java:938)
08-04 15:14:28.486 28079 28079 W RcsClientLib: 	at android.os.Handler.dispatchMessage(Handler.java:99)
08-04 15:14:28.486 28079 28079 W RcsClientLib: 	at android.os.Looper.loop(Looper.java:223)
08-04 15:14:28.486 28079 28079 W RcsClientLib: 	at android.app.ActivityThread.main(ActivityThread.java:7656)
08-04 15:14:28.486 28079 28079 W RcsClientLib: 	at java.lang.reflect.Method.invoke(Native Method)
08-04 15:14:28.486 28079 28079 W RcsClientLib: 	at com.android.internal.os.RuntimeInit$MethodAndArgsCaller.run(RuntimeInit.java:592)
08-04 15:14:28.486 28079 28079 W RcsClientLib: 	at com.android.internal.os.ZygoteInit.main(ZygoteInit.java:947)
08-04 15:14:28.486 28079 28079 W BugleRcs: disconnecting from all Rcs Services
08-04 15:14:28.488 28079 28115 I BugleRcs: RcsAvailabilityUtilForProvisioningEngineV2: success updating RCS availability async
08-04 15:14:28.490 28140 28140 D ApplicationLoaders: Returning zygote-cached class loader: /system/framework/android.test.base.jar
08-04 15:14:28.491  2484 13819 I CarrierServices: [268] eav.a: Received Provisioning Event: [Bugle information (100)]
08-04 15:14:28.491  2484 13819 I CarrierServices: [268] eav.a: JibeService is running, passing event to provisioning engine.
08-04 15:14:28.491  2484 13819 I CarrierServices: [268] dqc.a: Handling Provisioning Event: [Bugle information (100)]
08-04 15:14:28.491  2484 13819 I CarrierServices: [268] dsd.a: RcsAvailabilityManager: Calculating Rcs Availability
08-04 15:14:28.491 28140 28140 I s.youtube.musi: The ClassLoaderContext is a special shared library.
08-04 15:14:28.492  2484 13819 I CarrierServices: [268] dtf.b: Bugle has minimum required RCS permissions: true
08-04 15:14:28.493  2484 13819 I CarrierServices: [268] dtf.a: Rcs is enabled from user settings: true
08-04 15:14:28.494  2484 13819 I CarrierServices: [268] dtf.c: Bugle is default SMS app: true
08-04 15:14:28.494  2484 13819 I CarrierServices: [268] dvk.a: Using config server URL from cqx
08-04 15:14:28.495  2484 13819 I CarrierServices: [268] ekb.b: Checking if using CarrierServices.apk is possible. Enabled: true, isAtLeastM: true, runningInsideBugle: false
08-04 15:14:28.495  2484 13819 I CarrierServices: [268] chn.h: BindingManager: binding and reset P/H Flag stay same
08-04 15:14:28.495  2484 13819 I CarrierServices: [268] dsd.a: RcsAvailabilityManager: Rcs Availability still CARRIER_SETUP_PENDING (Carrier RCS is not set up)
08-04 15:14:28.505 28140 28140 I s.youtube.musi: The ClassLoaderContext is a special shared library.
08-04 15:14:28.506 28140 28140 D nativeloader: classloader namespace configured for unbundled product apk. library_path=/product/app/YouTubeMusicPrebuilt/lib/arm64:/product/app/YouTubeMusicPrebuilt/YouTubeMusicPrebuilt.apk!/lib/arm64-v8a:/product/lib64:/system/product/lib64
08-04 15:14:28.518 28140 28140 D NetworkSecurityConfig: Using Network Security Config from resource network_security_config debugBuild: false
08-04 15:14:28.519 28140 28140 D NetworkSecurityConfig: Using Network Security Config from resource network_security_config debugBuild: false
08-04 15:14:28.591 28140 28175 W DynamiteModule: Local module descriptor class for providerinstaller not found.
08-04 15:14:28.591  1153  3268 W ProviderHelper: Unknown dynamite feature providerinstaller
08-04 15:14:28.592 28140 28175 W ProviderInstaller: Failed to load providerinstaller module: No acceptable module found. Local version is 0 and remote version is 0.
08-04 15:14:28.595 28140 28175 I s.youtube.musi: The ClassLoaderContext is a special shared library.
08-04 15:14:28.598 28140 28178 I TetheringManager: registerTetheringEventCallback:com.google.android.apps.youtube.music
08-04 15:14:28.600 28140 28175 I s.youtube.musi: The ClassLoaderContext is a special shared library.
08-04 15:14:28.600 28140 28175 D nativeloader: classloader namespace configured for unbundled product apk. library_path=/product/priv-app/PrebuiltGmsCore/lib/arm64:/product/priv-app/PrebuiltGmsCore/PrebuiltGmsCore.apk!/lib/arm64-v8a:/product/lib64:/system/product/lib64
08-04 15:14:28.606 28140 28175 V NativeCrypto: Registering com/google/android/gms/org/conscrypt/NativeCrypto's 286 native methods...
08-04 15:14:28.608   532  3441 D ConnectivityService: requestNetwork for uid/pid:10125/28140 NetworkRequest [ TRACK_DEFAULT id=139, [ Capabilities: INTERNET&NOT_RESTRICTED&TRUSTED Uid: 10125 AdministratorUids: [] RequestorUid: 10125 RequestorPackageName: com.google.android.apps.youtube.music] ]
08-04 15:14:28.608   532   630 D ConnectivityService: NetReassign [139 : null → 101]
08-04 15:14:28.609   893   893 D PhoneSwitcherNetworkRequstListener: got request NetworkRequest [ TRACK_DEFAULT id=139, [ Capabilities: INTERNET&NOT_RESTRICTED&TRUSTED Uid: 10125 AdministratorUids: [] RequestorUid: 10125 RequestorPackageName: com.google.android.apps.youtube.music] ] with score 60 and providerId 3
08-04 15:14:28.609   532   626 D WifiNetworkFactory: got request NetworkRequest [ TRACK_DEFAULT id=139, [ Capabilities: INTERNET&NOT_RESTRICTED&TRUSTED Uid: 10125 AdministratorUids: [] RequestorUid: 10125 RequestorPackageName: com.google.android.apps.youtube.music] ] with score 60 and providerId 3
08-04 15:14:28.609   532   626 D UntrustedWifiNetworkFactory: got request NetworkRequest [ TRACK_DEFAULT id=139, [ Capabilities: INTERNET&NOT_RESTRICTED&TRUSTED Uid: 10125 AdministratorUids: [] RequestorUid: 10125 RequestorPackageName: com.google.android.apps.youtube.music] ] with score 60 and providerId 3
08-04 15:14:28.612   699   699 V KeyguardUpdateMonitor: onSubscriptionInfoChanged()
08-04 15:14:28.612   893   893 D Telephony: isEmergencyPreferredAccount: subId=1, activeData=1
08-04 15:14:28.612   893   893 D Telephony: isEmergencyPreferredAccount: Device does not require preference.
08-04 15:14:28.613   532   532 D NotificationService: 0|com.google.android.apps.wellbeing|174344743|null|10120: granting content://settings/system/notification_sound
08-04 15:14:28.613   532   532 I chatty  : uid=1000(system) Binder:532_3 identical 2 lines
08-04 15:14:28.613   532   532 D NotificationService: 0|com.google.android.apps.wellbeing|174344743|null|10120: granting content://settings/system/notification_sound
08-04 15:14:28.615   532   532 W NotificationHistory: Attempted to add notif for locked/gone/disabled user 0
08-04 15:14:28.617   699   699 V KeyguardUpdateMonitor: SubInfo:{id=1 iccId=89014103211118510720 simSlotIndex=0 carrierId=1 displayName=T-Mobile carrierName=T-Mobile nameSource=3 iconTint=-16746133 number=+15555215554 dataRoaming=0 iconBitmap=android.graphics.Bitmap@75b994f mcc=310 mnc=260 countryIso=us isEmbedded=false nativeAccessRules=null cardString=89014103211118510720 cardId=-1 isOpportunistic=false groupUUID=null isGroupDisabled=false profileClass=-1 ehplmns=null hplmns=null subscriptionType=0 groupOwner=null carrierConfigAccessRules=null areUiccApplicationsEnabled=true}
08-04 15:14:28.619   532   630 D ConnectivityService: NetReassign [no changes]
08-04 15:14:28.624   532   635 D NotificationSQLiteLog: Pruned event entries: 0
08-04 15:14:28.626 28140 28175 I ProviderInstaller: Installed default security provider GmsCore_OpenSSL
08-04 15:14:28.630   699   699 D InterruptionStateProvider: No bubble up: not allowed to bubble: 0|com.google.android.apps.wellbeing|174344743|null|10120
08-04 15:14:28.631   699   699 D InterruptionStateProvider: No heads up: unimportant notification: 0|com.google.android.apps.wellbeing|174344743|null|10120
08-04 15:14:28.636 28140 28178 E GEL_DELAYED_EVENT_DEBUG: Failed delayed event dispatch, no dispatchers.
08-04 15:14:28.644 28140 28174 I FA      : App measurement disabled by setAnalyticsCollectionEnabled(false)
08-04 15:14:28.644 28140 28178 E AwarenessClientProvider: Account associated with identity was null
08-04 15:14:28.647 28140 28189 I DynamiteModule: Considering local module com.google.android.gms.ads.dynamite:0 and remote module com.google.android.gms.ads.dynamite:21400
08-04 15:14:28.647 28140 28189 I DynamiteModule: Selected remote version of com.google.android.gms.ads.dynamite, version >= 21400
08-04 15:14:28.648 28140 28174 I FA      : App measurement initialized, version: 28015
08-04 15:14:28.648 28140 28174 I FA      : To enable debug logging run: adb shell setprop log.tag.FA VERBOSE
08-04 15:14:28.650 28140 28174 I FA      : To enable faster debug mode event logging run:
08-04 15:14:28.650 28140 28174 I FA      :   adb shell setprop debug.firebase.analytics.app com.google.android.apps.youtube.music
08-04 15:14:28.655 28140 28178 E AwarenessRouterSyncMgr: Exception while syncing fences
08-04 15:14:28.655 28140 28178 E AwarenessRouterSyncMgr: java.util.concurrent.ExecutionException: java.lang.IllegalStateException: Account associated with identity was null
08-04 15:14:28.655 28140 28178 E AwarenessRouterSyncMgr: 	at zsp.a(PG:135)
08-04 15:14:28.655 28140 28178 E AwarenessRouterSyncMgr: 	at zsp.get(PG:82)
08-04 15:14:28.655 28140 28178 E AwarenessRouterSyncMgr: 	at zwj.a(PG:1)
08-04 15:14:28.655 28140 28178 E AwarenessRouterSyncMgr: 	at zuv.a(PG:4)
08-04 15:14:28.655 28140 28178 E AwarenessRouterSyncMgr: 	at fyf.run(Unknown Source:1)
08-04 15:14:28.655 28140 28178 E AwarenessRouterSyncMgr: 	at java.util.concurrent.Executors$RunnableAdapter.call(Executors.java:462)
08-04 15:14:28.655 28140 28178 E AwarenessRouterSyncMgr: 	at java.util.concurrent.FutureTask.run(FutureTask.java:266)
08-04 15:14:28.655 28140 28178 E AwarenessRouterSyncMgr: 	at java.util.concurrent.ScheduledThreadPoolExecutor$ScheduledFutureTask.run(ScheduledThreadPoolExecutor.java:301)
08-04 15:14:28.655 28140 28178 E AwarenessRouterSyncMgr: 	at java.util.concurrent.ThreadPoolExecutor.runWorker(ThreadPoolExecutor.java:1167)
08-04 15:14:28.655 28140 28178 E AwarenessRouterSyncMgr: 	at java.util.concurrent.ThreadPoolExecutor$Worker.run(ThreadPoolExecutor.java:641)
08-04 15:14:28.655 28140 28178 E AwarenessRouterSyncMgr: 	at pqt.run(PG:13)
08-04 15:14:28.655 28140 28178 E AwarenessRouterSyncMgr: 	at java.lang.Thread.run(Thread.java:923)
08-04 15:14:28.655 28140 28178 E AwarenessRouterSyncMgr: Caused by: java.lang.IllegalStateException: Account associated with identity was null
08-04 15:14:28.655 28140 28178 E AwarenessRouterSyncMgr: 	at fxj.a(Unknown Source:3)
08-04 15:14:28.655 28140 28178 E AwarenessRouterSyncMgr: 	at zsr.a(PG:3)
08-04 15:14:28.655 28140 28178 E AwarenessRouterSyncMgr: 	at zst.run(PG:23)
08-04 15:14:28.655 28140 28178 E AwarenessRouterSyncMgr: 	at zvn.run(PG:2)
08-04 15:14:28.655 28140 28178 E AwarenessRouterSyncMgr: 	... 7 more
08-04 15:14:28.669 28140 28192 W GoogleTagManager: Failed to extract the container from the resource file. Resource is a UTF-8 encoded string but doesn't contain a JSON container
08-04 15:14:28.672 28140 28189 W s.youtube.musi: Unsupported class loader
08-04 15:14:28.685 28140 28205 W s.youtube.musi: Accessing hidden field Ljava/util/Collections$SynchronizedCollection;->mutex:Ljava/lang/Object; (greylist-max-o, reflection, denied)
08-04 15:14:28.685 28140 28205 W s.youtube.musi: Accessing hidden method Ljava/util/Collections$SynchronizedSet;-><init>(Ljava/util/Set;Ljava/lang/Object;)V (greylist-max-o, reflection, denied)
08-04 15:14:28.685 28140 28205 W s.youtube.musi: Accessing hidden method Ljava/util/Collections$SynchronizedCollection;-><init>(Ljava/util/Collection;Ljava/lang/Object;)V (greylist-max-o, reflection, denied)
08-04 15:14:28.687 28140 28140 V MediaRouter: Selecting route: RouteInfo{ name=Phone, description=null, status=null, category=RouteCategory{ name=System types=ROUTE_TYPE_LIVE_AUDIO ROUTE_TYPE_LIVE_VIDEO  groupable=false }, supportedTypes=ROUTE_TYPE_LIVE_AUDIO ROUTE_TYPE_LIVE_VIDEO , presentationDisplay=null }
08-04 15:14:28.692 28140 28140 V MediaRouter: Selecting route: RouteInfo{ name=Phone, description=null, status=null, category=RouteCategory{ name=System types=ROUTE_TYPE_LIVE_AUDIO ROUTE_TYPE_LIVE_VIDEO  groupable=false }, supportedTypes=ROUTE_TYPE_LIVE_AUDIO ROUTE_TYPE_LIVE_VIDEO , presentationDisplay=null }
08-04 15:14:28.705 28140 28189 W s.youtube.musi: Unsupported class loader
08-04 15:14:28.705   532   584 E system_server: Invalid class loader spec: =UnsupportedClassLoaderContext=
08-04 15:14:28.705   532   584 E PackageDexUsage: Unsupported context?
08-04 15:14:28.710 28140 28189 D DynamitePackage: Instantiated singleton DynamitePackage.
08-04 15:14:28.710 28140 28189 D DynamitePackage: Instantiating com.google.android.gms.ads.adshield.ChimeraAdShieldCreatorImpl
08-04 15:14:28.715   532   584 D CompatibilityChangeReporter: Compat change id reported: 135634846; UID 10136; state: DISABLED
08-04 15:14:28.715   532   584 D CompatibilityChangeReporter: Compat change id reported: 135754954; UID 10136; state: DISABLED
08-04 15:14:28.715   532   561 D CompatibilityChangeReporter: Compat change id reported: 143937733; UID 10136; state: DISABLED
08-04 15:14:28.721   306   306 D Zygote  : Forked child process 28233
08-04 15:14:28.722 28233 28233 I libc    : SetHeapTaggingLevel: tag level set to 0
08-04 15:14:28.724   532   561 I ActivityManager: Start proc 28233:com.google.android.calendar/u0a136 for broadcast {com.google.android.calendar/com.android.calendar.widget.CalendarAppWidgetProvider}
08-04 15:14:28.731   379   404 I adbd    : jdwp connection from 28233
08-04 15:14:28.739  1312  2232 W SQLiteLog: (28) double-quoted string literal: "1722586468739"
08-04 15:14:28.739  1312  2232 W SQLiteLog: (28) double-quoted string literal: "1"
08-04 15:14:28.739 28233 28233 D ApplicationLoaders: Returning zygote-cached class loader: /system/framework/android.test.base.jar
08-04 15:14:28.740 28233 28233 I ndroid.calenda: The ClassLoaderContext is a special shared library.
08-04 15:14:28.753 28233 28233 I ndroid.calenda: The ClassLoaderContext is a special shared library.
08-04 15:14:28.753 28233 28233 D nativeloader: classloader namespace configured for unbundled product apk. library_path=/product/app/CalendarGooglePrebuilt/lib/arm64:/product/lib64:/system/product/lib64
08-04 15:14:28.759 28233 28233 D NetworkSecurityConfig: No Network Security Config specified, using platform default
08-04 15:14:28.760 28233 28233 D NetworkSecurityConfig: No Network Security Config specified, using platform default
08-04 15:14:28.800 28140 28192 E GoogleTagManager: Invalid macro: _gtm.loadEventEnabled
08-04 15:14:28.835 28233 28310 W ndroid.calenda: Accessing hidden field Ljava/util/Collections$SynchronizedCollection;->mutex:Ljava/lang/Object; (greylist-max-o, reflection, denied)
08-04 15:14:28.835 28233 28310 W ndroid.calenda: Accessing hidden method Ljava/util/Collections$SynchronizedSet;-><init>(Ljava/util/Set;Ljava/lang/Object;)V (greylist-max-o, reflection, denied)
08-04 15:14:28.835 28233 28310 W ndroid.calenda: Accessing hidden method Ljava/util/Collections$SynchronizedCollection;-><init>(Ljava/util/Collection;Ljava/lang/Object;)V (greylist-max-o, reflection, denied)
08-04 15:14:28.839   218   222 E android.system.suspend@1.0-service: Error opening kernel wakelock stats for: wakeup4: Permission denied
08-04 15:14:28.839   218   222 E android.system.suspend@1.0-service: Error opening kernel wakelock stats for: wakeup2: Permission denied
08-04 15:14:28.839   218   222 E android.system.suspend@1.0-service: Error opening kernel wakelock stats for: wakeup0: Permission denied
08-04 15:14:28.840   218   222 E android.system.suspend@1.0-service: Error opening kernel wakelock stats for: wakeup5: Permission denied
08-04 15:14:28.840   218   222 E android.system.suspend@1.0-service: Error opening kernel wakelock stats for: wakeup3: Permission denied
08-04 15:14:28.840   218   222 E android.system.suspend@1.0-service: Error opening kernel wakelock stats for: wakeup1: Permission denied
08-04 14:59:08.525     0     0 W audit   : audit_lost=2101 audit_rate_limit=5 audit_backlog_limit=64
08-04 14:59:08.525     0     0 E audit   : rate limit exceeded
08-04 15:14:28.835   218   218 W Binder:218_2: type=1400 audit(0.0:10805): avc: denied { read } for name="wakeup4" dev="sysfs" ino=16610 scontext=u:r:system_suspend:s0 tcontext=u:object_r:sysfs:s0 tclass=dir permissive=0
08-04 15:14:28.835   218   218 W Binder:218_2: type=1400 audit(0.0:10806): avc: denied { read } for name="wakeup2" dev="sysfs" ino=15827 scontext=u:r:system_suspend:s0 tcontext=u:object_r:sysfs:s0 tclass=dir permissive=0
08-04 15:14:28.835   218   218 W Binder:218_2: type=1400 audit(0.0:10807): avc: denied { read } for name="wakeup0" dev="sysfs" ino=13256 scontext=u:r:system_suspend:s0 tcontext=u:object_r:sysfs:s0 tclass=dir permissive=0
08-04 15:14:28.835   218   218 W Binder:218_2: type=1400 audit(0.0:10808): avc: denied { read } for name="wakeup5" dev="sysfs" ino=16673 scontext=u:r:system_suspend:s0 tcontext=u:object_r:sysfs:s0 tclass=dir permissive=0
08-04 15:14:28.835   218   218 W Binder:218_2: type=1400 audit(0.0:10809): avc: denied { read } for name="wakeup3" dev="sysfs" ino=15877 scontext=u:r:system_suspend:s0 tcontext=u:object_r:sysfs:s0 tclass=dir permissive=0
08-04 15:14:28.856 28140 28305 E GoogleTagManager: Invalid macro: _gtm.loadEventEnabled
08-04 15:14:28.882 28140 28180 E GoogleTagManager: Unsupported Value Escaping: 3
08-04 15:14:28.883 28140 28180 I chatty  : uid=10125(com.google.android.apps.youtube.music) yt-background8- identical 1 line
08-04 15:14:28.886 28140 28180 E GoogleTagManager: Unsupported Value Escaping: 3
08-04 15:14:28.931 28233 28333 I c.uru   : Obtained writable database SQLiteDatabase/46272141 instance with path /data/user/0/com.google.android.calendar/databases/cal_v2a
08-04 15:14:28.932 28233 28332 I c.uqa   : The schema version is 15, the database version is 15, and there are 0 migrations
08-04 15:14:28.948   532  3441 D CompatibilityChangeReporter: Compat change id reported: 135634846; UID 10139; state: DISABLED
08-04 15:14:28.948   532  3441 D CompatibilityChangeReporter: Compat change id reported: 135754954; UID 10139; state: DISABLED
08-04 15:14:28.949   532   561 D CompatibilityChangeReporter: Compat change id reported: 143937733; UID 10139; state: DISABLED
08-04 15:14:28.954   306   306 D Zygote  : Forked child process 28359
08-04 15:14:28.955   532   561 I ActivityManager: Start proc 28359:com.google.android.deskclock/u0a139 for broadcast {com.google.android.deskclock/com.android.deskclock.AlarmInitReceiver}
08-04 15:14:28.955 28359 28359 I libc    : SetHeapTaggingLevel: tag level set to 0
08-04 15:14:28.961   379   404 I adbd    : jdwp connection from 28359
08-04 15:14:28.966 28359 28359 D ApplicationLoaders: Returning zygote-cached class loader: /system/framework/android.test.base.jar
08-04 15:14:28.966 28359 28359 I droid.deskcloc: The ClassLoaderContext is a special shared library.
08-04 15:14:28.970 28359 28359 I droid.deskcloc: The ClassLoaderContext is a special shared library.
08-04 15:14:28.970 28359 28359 D nativeloader: classloader namespace configured for unbundled product apk. library_path=/product/app/PrebuiltDeskClockGoogle/lib/arm64:/product/lib64:/system/product/lib64
08-04 15:14:28.987 28359 28359 D NetworkSecurityConfig: No Network Security Config specified, using platform default
08-04 15:14:28.987 28359 28359 D NetworkSecurityConfig: No Network Security Config specified, using platform default
08-04 15:14:28.998 28359 28359 W PrimesInit: Primes instant initialization
08-04 15:14:28.998 28359 28382 W Primes  : background initialization
08-04 15:14:28.999 28359 28383 I GAv4    : Google Analytics 18.5.89 is starting up. To enable debug logging on a device run:
08-04 15:14:28.999 28359 28383 I GAv4    :   adb shell setprop log.tag.GAv4 DEBUG
08-04 15:14:28.999 28359 28383 I GAv4    :   adb logcat -s GAv4
08-04 15:14:29.002  1312  1330 I FontsContentProvider: Received query Google Sans:500, URI content://com.google.android.gms.fonts
08-04 15:14:29.002  1312  1330 I FontsContentProvider: Query [Google Sans:500] resolved to {Google Sans, wdth 100.0, wght 500, ital 0.0, bestEffort false}
08-04 15:14:29.002 28359 28386 W GAv4    : AnalyticsReceiver is not registered or is disabled. Register the receiver for reliable dispatching on non-Google Play devices. See http://goo.gl/8Rd3yj for instructions.
08-04 15:14:29.002 28359 28386 W GAv4    : CampaignTrackingReceiver is not registered, not exported or is disabled. Installation campaign tracking is not possible. See http://goo.gl/8Rd3yj for instructions.
08-04 15:14:29.003  1312  1330 I FontsContentProvider: Fetch {Google Sans, wdth 100.0, wght 500, ital 0.0, bestEffort false} end status Status{statusCode=SUCCESS, resolution=null}
08-04 15:14:29.003 28359 28386 W GAv4    : AnalyticsService not registered in the app manifest. Hits might not be delivered reliably. See http://goo.gl/8Rd3yj for instructions.
08-04 15:14:29.004  1312  2232 I FontsContentProvider: Pulling font file for id = 54, cache size = 4
08-04 15:14:29.006  1312  2232 I FontsContentProvider: Received query Google Sans, URI content://com.google.android.gms.fonts
08-04 15:14:29.006  1312  2232 I FontsContentProvider: Query [Google Sans] resolved to {Google Sans, wdth 100.0, wght 400, ital 0.0, bestEffort false}
08-04 15:14:29.007  1312  2232 I FontsContentProvider: Fetch {Google Sans, wdth 100.0, wght 400, ital 0.0, bestEffort false} end status Status{statusCode=SUCCESS, resolution=null}
08-04 15:14:29.008  1312  1330 I FontsContentProvider: Pulling font file for id = 55, cache size = 4
