08-04 18:21:04.309   699   699 D InterruptionStateProvider: No heads up: unimportant notification: 0|com.google.android.apps.wellbeing|174344743|null|10120
08-04 18:21:07.095   532   554 D ColorDisplayService: GlobalSaturationTintController Animation cancelled: false to matrix: 
08-04 18:21:07.095   532   554 D ColorDisplayService:        1.000000 0.000000 0.000000 0.000000 0.000000 1.000000 0.000000 0.000000 0.000000 0.000000 1.000000 0.000000 0.000000 0.000000 0.000000 1.000000 min matrix coefficients: 
08-04 18:21:07.095   532   554 D ColorDisplayService:        1.000000 0.000000 0.000000 0.000000 0.000000 1.000000 0.000000 0.000000 0.000000 0.000000 1.000000 0.000000 0.000000 0.000000 0.000000 1.000000 max matrix coefficients: 
08-04 18:21:07.095   532   554 D ColorDisplayService:        1.000000 0.000000 0.000000 0.000000 0.000000 1.000000 0.000000 0.000000 0.000000 0.000000 1.000000 0.000000 0.000000 0.000000 0.000000 1.000000
08-04 18:21:09.032   532   551 E JobScheduler.Background: App com.google.android.gms became active but still in NEVER bucket
08-04 18:21:09.045   532   560 I DropBoxManagerService: add tag=system_server_wtf isTagEnabled=true flags=0x2
08-04 18:21:09.179   218   222 E android.system.suspend@1.0-service: Error opening kernel wakelock stats for: wakeup4: Permission denied
08-04 18:21:09.179   218   222 E android.system.suspend@1.0-service: Error opening kernel wakelock stats for: wakeup2: Permission denied
08-04 18:21:09.179   218   222 E android.system.suspend@1.0-service: Error opening kernel wakelock stats for: wakeup0: Permission denied
08-04 18:21:09.175   218   218 W Binder:218_2: type=1400 audit(0.0:11093): avc: denied { read } for name="wakeup4" dev="sysfs" ino=16610 scontext=u:r:system_suspend:s0 tcontext=u:object_r:sysfs:s0 tclass=dir permissive=0
08-04 18:21:09.180   218   222 E android.system.suspend@1.0-service: Error opening kernel wakelock stats for: wakeup5: Permission denied
08-04 18:21:09.180   218   222 E android.system.suspend@1.0-service: Error opening kernel wakelock stats for: wakeup3: Permission denied
08-04 18:21:09.180   218   222 E android.system.suspend@1.0-service: Error opening kernel wakelock stats for: wakeup1: Permission denied
08-04 17:08:15.567     0     0 W audit   : audit_lost=2154 audit_rate_limit=5 audit_backlog_limit=64
08-04 17:08:15.567     0     0 E audit   : rate limit exceeded
08-04 18:21:09.175   218   218 W Binder:218_2: type=1400 audit(0.0:11094): avc: denied { read } for name="wakeup2" dev="sysfs" ino=15827 scontext=u:r:system_suspend:s0 tcontext=u:object_r:sysfs:s0 tclass=dir permissive=0
08-04 18:21:09.329   699   699 V ShadeControllerImpl: NotificationShadeWindow: com.android.systemui.statusbar.phone.NotificationShadeWindowView{e510c8e I.E...... ......ID 0,0-1440,2960} canPanelBeCollapsed(): false
08-04 18:21:11.052   532   560 W BroadcastQueue: Background execution not allowed: receiving Intent { act=android.intent.action.DROPBOX_ENTRY_ADDED flg=0x10 (has extras) } to com.google.android.gms/.stats.service.DropBoxEntryAddedReceiver
08-04 18:21:11.052   532   560 W BroadcastQueue: Background execution not allowed: receiving Intent { act=android.intent.action.DROPBOX_ENTRY_ADDED flg=0x10 (has extras) } to com.google.android.gms/.chimera.GmsIntentOperationService$PersistentTrustedReceiver
08-04 18:21:19.073   532   551 E JobScheduler.Background: App com.google.android.gms became active but still in NEVER bucket
08-04 18:21:19.074   532   560 I DropBoxManagerService: add tag=system_server_wtf isTagEnabled=true flags=0x2
08-04 18:21:21.085   532   560 W BroadcastQueue: Background execution not allowed: receiving Intent { act=android.intent.action.DROPBOX_ENTRY_ADDED flg=0x10 (has extras) } to com.google.android.gms/.stats.service.DropBoxEntryAddedReceiver
08-04 18:21:21.085   532   560 W BroadcastQueue: Background execution not allowed: receiving Intent { act=android.intent.action.DROPBOX_ENTRY_ADDED flg=0x10 (has extras) } to com.google.android.gms/.chimera.GmsIntentOperationService$PersistentTrustedReceiver
08-04 18:21:24.243   218   222 E android.system.suspend@1.0-service: Error opening kernel wakelock stats for: wakeup4: Permission denied
08-04 18:21:24.239   218   218 W Binder:218_2: type=1400 audit(0.0:11099): avc: denied { read } for name="wakeup4" dev="sysfs" ino=16610 scontext=u:r:system_suspend:s0 tcontext=u:object_r:sysfs:s0 tclass=dir permissive=0
08-04 18:21:24.243   218   218 W Binder:218_2: type=1400 audit(0.0:11100): avc: denied { read } for name="wakeup2" dev="sysfs" ino=15827 scontext=u:r:system_suspend:s0 tcontext=u:object_r:sysfs:s0 tclass=dir permissive=0
08-04 18:21:24.243   218   218 W Binder:218_2: type=1400 audit(0.0:11101): avc: denied { read } for name="wakeup0" dev="sysfs" ino=13256 scontext=u:r:system_suspend:s0 tcontext=u:object_r:sysfs:s0 tclass=dir permissive=0
08-04 18:21:24.246   218   222 E android.system.suspend@1.0-service: Error opening kernel wakelock stats for: wakeup2: Permission denied
08-04 18:21:24.246   218   222 E android.system.suspend@1.0-service: Error opening kernel wakelock stats for: wakeup0: Permission denied
08-04 18:21:24.248   218   222 E android.system.suspend@1.0-service: Error opening kernel wakelock stats for: wakeup5: Permission denied
08-04 18:21:24.248   218   222 E android.system.suspend@1.0-service: Error opening kernel wakelock stats for: wakeup3: Permission denied
08-04 18:21:24.249   218   222 E android.system.suspend@1.0-service: Error opening kernel wakelock stats for: wakeup1: Permission denied
08-04 17:08:30.636     0     0 W audit   : audit_lost=2155 audit_rate_limit=5 audit_backlog_limit=64
08-04 17:08:30.636     0     0 E audit   : rate limit exceeded
08-04 18:21:46.429   532   551 E JobScheduler.Background: App com.google.android.gms became active but still in NEVER bucket
08-04 18:21:46.433   532   560 I DropBoxManagerService: add tag=system_server_wtf isTagEnabled=true flags=0x2
08-04 18:21:46.448  1153 28832 E GmsTaskScheduler: sendWakeUpEvent called on SchedulerClientBroadcastStrategy
08-04 18:21:46.448  1153 28832 E WakeLock: GCM_HB_ALARM release without a matched acquire!
08-04 18:21:46.450   218   222 E android.system.suspend@1.0-service: Error opening kernel wakelock stats for: wakeup4: Permission denied
08-04 18:21:46.447   218   218 W Binder:218_2: type=1400 audit(0.0:11105): avc: denied { read } for name="wakeup4" dev="sysfs" ino=16610 scontext=u:r:system_suspend:s0 tcontext=u:object_r:sysfs:s0 tclass=dir permissive=0
08-04 18:21:46.451   218   222 E android.system.suspend@1.0-service: Error opening kernel wakelock stats for: wakeup2: Permission denied
08-04 18:21:46.451   218   222 E android.system.suspend@1.0-service: Error opening kernel wakelock stats for: wakeup0: Permission denied
08-04 18:21:46.451   218   222 E android.system.suspend@1.0-service: Error opening kernel wakelock stats for: wakeup5: Permission denied
08-04 18:21:46.451   218   222 E android.system.suspend@1.0-service: Error opening kernel wakelock stats for: wakeup3: Permission denied
08-04 18:21:46.452   218   222 E android.system.suspend@1.0-service: Error opening kernel wakelock stats for: wakeup1: Permission denied
08-04 18:21:46.447   218   218 W Binder:218_2: type=1400 audit(0.0:11106): avc: denied { read } for name="wakeup2" dev="sysfs" ino=15827 scontext=u:r:system_suspend:s0 tcontext=u:object_r:sysfs:s0 tclass=dir permissive=0
08-04 17:08:52.839     0     0 W audit   : audit_lost=2156 audit_rate_limit=5 audit_backlog_limit=64
08-04 18:21:46.447   218   218 W Binder:218_2: type=1400 audit(0.0:11107): avc: denied { read } for name="wakeup0" dev="sysfs" ino=13256 scontext=u:r:system_suspend:s0 tcontext=u:object_r:sysfs:s0 tclass=dir permissive=0
08-04 18:21:46.447   218   218 W Binder:218_2: type=1400 audit(0.0:11108): avc: denied { read } for name="wakeup5" dev="sysfs" ino=16673 scontext=u:r:system_suspend:s0 tcontext=u:object_r:sysfs:s0 tclass=dir permissive=0
08-04 18:21:46.447   218   218 W Binder:218_2: type=1400 audit(0.0:11109): avc: denied { read } for name="wakeup3" dev="sysfs" ino=15877 scontext=u:r:system_suspend:s0 tcontext=u:object_r:sysfs:s0 tclass=dir permissive=0
08-04 17:08:52.839     0     0 E audit   : rate limit exceeded
08-04 18:21:46.520   461   461 E dhcpclient: Unable to send message: Failed to send message: Network is down
08-04 18:21:48.453   532   560 W BroadcastQueue: Background execution not allowed: receiving Intent { act=android.intent.action.DROPBOX_ENTRY_ADDED flg=0x10 (has extras) } to com.google.android.gms/.stats.service.DropBoxEntryAddedReceiver
08-04 18:21:48.454   532   560 W BroadcastQueue: Background execution not allowed: receiving Intent { act=android.intent.action.DROPBOX_ENTRY_ADDED flg=0x10 (has extras) } to com.google.android.gms/.chimera.GmsIntentOperationService$PersistentTrustedReceiver
08-04 18:21:55.892  1312 28791 W GAv4-SVC: Network compressed POST connection error: java.io.IOException: unexpected end of stream on com.android.okhttp.Address@cb0491ce
08-04 18:21:56.431   532   551 E JobScheduler.Background: App com.google.android.gms became active but still in NEVER bucket
08-04 18:21:56.439   532   560 I DropBoxManagerService: add tag=system_server_wtf isTagEnabled=true flags=0x2
08-04 18:21:58.452   532   560 W BroadcastQueue: Background execution not allowed: receiving Intent { act=android.intent.action.DROPBOX_ENTRY_ADDED flg=0x10 (has extras) } to com.google.android.gms/.stats.service.DropBoxEntryAddedReceiver
08-04 18:21:58.452   532   560 W BroadcastQueue: Background execution not allowed: receiving Intent { act=android.intent.action.DROPBOX_ENTRY_ADDED flg=0x10 (has extras) } to com.google.android.gms/.chimera.GmsIntentOperationService$PersistentTrustedReceiver
08-04 18:22:00.025   699   699 D KeyguardClockSwitch: Updating clock: 622
08-04 18:22:02.527 20992 20992 I BgTaskExecutorImpl: Starting PERIODIC background task CONTACT_AFFINITY_MODEL_CONTACTS_CHANGE_REFRESH.
08-04 18:22:02.531 20992 20992 I BgTaskExecutorImpl: Starting PERIODIC background task REFRESH_SEARCH_HISTORY.
08-04 18:22:02.538   532  6047 W ActivityManager: Background start not allowed: service Intent { cmp=com.google.android.apps.messaging/.shared.datamodel.action.execution.ActionExecutorImpl$EmptyService } to com.google.android.apps.messaging/.shared.datamodel.action.execution.ActionExecutorImpl$EmptyService from pid=28079 uid=10128 pkg=com.google.android.apps.messaging startFg?=false
08-04 18:22:02.551 20992 28897 W LocationOracle: getBestLocation(): no location is available
08-04 18:22:02.557   532   871 W ActivityManager: Background start not allowed: service Intent { cmp=com.google.android.apps.messaging/.shared.datamodel.action.execution.ActionExecutorImpl$EmptyService } to com.google.android.apps.messaging/.shared.datamodel.action.execution.ActionExecutorImpl$EmptyService from pid=28079 uid=10128 pkg=com.google.android.apps.messaging startFg?=false
08-04 18:22:02.557 28079 28896 I BugleAction: ActionSchedulerImpl: class com.google.android.apps.messaging.shared.datamodel.action.execution.DeferBackgroundWorkAction-DeferBackgroundWorkAction:99242789011 deferred since it was started from unsafe context
08-04 18:22:02.564   532   871 D CompatibilityChangeReporter: Compat change id reported: 135634846; UID 10122; state: DISABLED
08-04 18:22:02.564   532   871 D CompatibilityChangeReporter: Compat change id reported: 135754954; UID 10122; state: ENABLED
08-04 18:22:02.565   532   561 D CompatibilityChangeReporter: Compat change id reported: 143937733; UID 10122; state: ENABLED
08-04 18:22:02.571   532  6047 W ActivityManager: Background start not allowed: service Intent { cmp=com.google.android.apps.messaging/.shared.datamodel.action.execution.ActionExecutorImpl$EmptyService } to com.google.android.apps.messaging/.shared.datamodel.action.execution.ActionExecutorImpl$EmptyService from pid=28079 uid=10128 pkg=com.google.android.apps.messaging startFg?=false
08-04 18:22:02.573   532  6047 D WifiNl80211Manager: Scan result ready event
08-04 18:22:02.573   532  6047 D WifiNative: Scan result ready event
08-04 18:22:02.585 28079 28899 W InstanceID: Instance ID SDK is deprecated, com.google.android.apps.messaging should update to use Firebase Instance ID
08-04 18:22:02.598   306   306 D Zygote  : Forked child process 28901
08-04 18:22:02.600   532   561 I ActivityManager: Start proc 28901:com.google.process.gapps/u0a122 for content provider {com.google.android.gsf/com.google.android.gsf.settings.GoogleSettingsProvider}
08-04 18:22:02.615   379   404 I adbd    : jdwp connection from 28901
08-04 18:22:02.635 28901 28901 I e.process.gapp: The ClassLoaderContext is a special shared library.
08-04 18:22:02.638 28901 28901 I e.process.gapp: The ClassLoaderContext is a special shared library.
08-04 18:22:02.641 28079 28115 I ShortcutBadger: Checking if platform supports badge counters, attempt 1/3.
08-04 18:22:02.644 28901 28901 D NetworkSecurityConfig: No Network Security Config specified, using platform default
08-04 18:22:02.645 28079 28115 I ShortcutBadger: Checking if platform supports badge counters, attempt 2/3.
08-04 18:22:02.645 28901 28901 D NetworkSecurityConfig: No Network Security Config specified, using platform default
08-04 18:22:02.645 28079 28115 I ShortcutBadger: Checking if platform supports badge counters, attempt 3/3.
08-04 18:22:02.646 28079 28115 W ShortcutBadger: Badge counter seems not supported in this platform: unable to resolve intent: Intent { act=android.intent.action.BADGE_COUNT_UPDATE (has extras) }
08-04 18:22:02.652 28079 28115 W BugleAction: exception getting msisdn from engine, and no default number
08-04 18:22:02.652 28079 28115 W BugleAction: aeei: Jibe SDK Service not available. Is the Jibe SDK service running? Did you call connect() and wait for the notification before calling an API function?
08-04 18:22:02.652 28079 28115 W BugleAction: 	at aeec.a(PG:15)
08-04 18:22:02.652 28079 28115 W BugleAction: 	at com.google.android.rcs.client.profile.RcsProfileService.a(PG:24)
08-04 18:22:02.652 28079 28115 W BugleAction: 	at com.google.android.rcs.client.profile.RcsProfileService.getMsisdn(PG:12)
08-04 18:22:02.652 28079 28115 W BugleAction: 	at kfx.l(PG:330)
08-04 18:22:02.652 28079 28115 W BugleAction: 	at fzy.call(Unknown Source:251)
08-04 18:22:02.652 28079 28115 W BugleAction: 	at afow.call(PG:3)
08-04 18:22:02.652 28079 28115 W BugleAction: 	at ainl.b(PG:3)
08-04 18:22:02.652 28079 28115 W BugleAction: 	at aiox.run(PG:12)
08-04 18:22:02.652 28079 28115 W BugleAction: 	at aeua.run(PG:2)
08-04 18:22:02.652 28079 28115 W BugleAction: 	at java.util.concurrent.ThreadPoolExecutor.runWorker(ThreadPoolExecutor.java:1167)
08-04 18:22:02.652 28079 28115 W BugleAction: 	at java.util.concurrent.ThreadPoolExecutor$Worker.run(ThreadPoolExecutor.java:641)
08-04 18:22:02.652 28079 28115 W BugleAction: 	at aesr.run(Unknown Source:4)
08-04 18:22:02.652 28079 28115 W BugleAction: 	at java.lang.Thread.run(Thread.java:923)
08-04 18:22:02.653 28079 28133 E Bugle   : Failed to check if revocation is enabled
08-04 18:22:02.654 28079 28133 E Bugle   : aeei: Jibe SDK Service not available. Is the Jibe SDK service running? Did you call connect() and wait for the notification before calling an API function?
08-04 18:22:02.654 28079 28133 E Bugle   : 	at aeec.a(PG:15)
08-04 18:22:02.654 28079 28133 E Bugle   : 	at com.google.android.rcs.client.profile.RcsProfileService.getRcsConfig(PG:15)
08-04 18:22:02.654 28079 28133 E Bugle   : 	at kfx.o(PG:545)
08-04 18:22:02.654 28079 28133 E Bugle   : 	at kfx.t(PG:139)
08-04 18:22:02.654 28079 28133 E Bugle   : 	at fbq.a(Unknown Source:8)
08-04 18:22:02.654 28079 28133 E Bugle   : 	at afoy.a(PG:3)
08-04 18:22:02.654 28079 28133 E Bugle   : 	at ailz.a(PG:3)
08-04 18:22:02.654 28079 28133 E Bugle   : 	at aima.run(PG:23)
08-04 18:22:02.654 28079 28133 E Bugle   : 	at aipd.run(PG:2)
08-04 18:22:02.654 28079 28133 E Bugle   : 	at aeua.run(PG:2)
08-04 18:22:02.654 28079 28133 E Bugle   : 	at java.util.concurrent.ThreadPoolExecutor.runWorker(ThreadPoolExecutor.java:1167)
08-04 18:22:02.654 28079 28133 E Bugle   : 	at java.util.concurrent.ThreadPoolExecutor$Worker.run(ThreadPoolExecutor.java:641)
08-04 18:22:02.654 28079 28133 E Bugle   : 	at aesr.run(Unknown Source:4)
08-04 18:22:02.654 28079 28133 E Bugle   : 	at java.lang.Thread.run(Thread.java:923)
08-04 18:22:02.661 28901 28901 I GoogleHttpClient: GMS http client unavailable, use old client
08-04 18:22:02.682 20992 28897 W LocationOracle: getBestLocation(): no location is available
08-04 18:22:08.622 28570 28584 W d.process.acor: Reducing the number of considered missed Gc histogram windows from 138 to 100
08-04 18:22:08.708 20723 20737 W ocess.gservice: Reducing the number of considered missed Gc histogram windows from 150 to 100
08-04 18:22:18.254   218   222 E android.system.suspend@1.0-service: Error opening kernel wakelock stats for: wakeup4: Permission denied
08-04 18:22:18.255   218   222 E android.system.suspend@1.0-service: Error opening kernel wakelock stats for: wakeup2: Permission denied
08-04 18:22:18.255   218   222 E android.system.suspend@1.0-service: Error opening kernel wakelock stats for: wakeup0: Permission denied
08-04 18:22:18.257   218   222 E android.system.suspend@1.0-service: Error opening kernel wakelock stats for: wakeup5: Permission denied
08-04 18:22:18.257   218   222 E android.system.suspend@1.0-service: Error opening kernel wakelock stats for: wakeup3: Permission denied
08-04 18:22:18.251   218   218 W Binder:218_2: type=1400 audit(0.0:11111): avc: denied { read } for name="wakeup4" dev="sysfs" ino=16610 scontext=u:r:system_suspend:s0 tcontext=u:object_r:sysfs:s0 tclass=dir permissive=0
08-04 17:09:24.645     0     0 W audit   : audit_lost=2157 audit_rate_limit=5 audit_backlog_limit=64
08-04 17:09:24.645     0     0 E audit   : rate limit exceeded
08-04 18:22:18.258   218   222 E android.system.suspend@1.0-service: Error opening kernel wakelock stats for: wakeup1: Permission denied
08-04 18:22:18.251   218   218 W Binder:218_2: type=1400 audit(0.0:11112): avc: denied { read } for name="wakeup2" dev="sysfs" ino=15827 scontext=u:r:system_suspend:s0 tcontext=u:object_r:sysfs:s0 tclass=dir permissive=0
08-04 18:22:18.251   218   218 W Binder:218_2: type=1400 audit(0.0:11113): avc: denied { read } for name="wakeup0" dev="sysfs" ino=13256 scontext=u:r:system_suspend:s0 tcontext=u:object_r:sysfs:s0 tclass=dir permissive=0
08-04 18:22:18.255   218   218 W Binder:218_2: type=1400 audit(0.0:11114): avc: denied { read } for name="wakeup5" dev="sysfs" ino=16673 scontext=u:r:system_suspend:s0 tcontext=u:object_r:sysfs:s0 tclass=dir permissive=0
08-04 18:22:18.255   218   218 W Binder:218_2: type=1400 audit(0.0:11115): avc: denied { read } for name="wakeup3" dev="sysfs" ino=15877 scontext=u:r:system_suspend:s0 tcontext=u:object_r:sysfs:s0 tclass=dir permissive=0
08-04 18:22:28.263  1153 28851 E WakeLock: GCM_HB_ALARM release without a matched acquire!
08-04 18:22:28.263  1153 28851 W WakeLock: GCM_HB_ALARM counter does not exist
08-04 18:22:28.274   532   630 D ConnectivityService: reportNetworkConnectivity(101, false) by 10122
08-04 18:22:28.275   218   222 E android.system.suspend@1.0-service: Error opening kernel wakelock stats for: wakeup4: Permission denied
08-04 18:22:28.275   218   222 E android.system.suspend@1.0-service: Error opening kernel wakelock stats for: wakeup2: Permission denied
08-04 18:22:28.275   218   222 E android.system.suspend@1.0-service: Error opening kernel wakelock stats for: wakeup0: Permission denied
08-04 18:22:28.276   218   222 E android.system.suspend@1.0-service: Error opening kernel wakelock stats for: wakeup5: Permission denied
08-04 18:22:28.277   218   222 E android.system.suspend@1.0-service: Error opening kernel wakelock stats for: wakeup3: Permission denied
08-04 18:22:28.277   218   222 E android.system.suspend@1.0-service: Error opening kernel wakelock stats for: wakeup1: Permission denied
08-04 18:22:28.271   218   218 W Binder:218_2: type=1400 audit(0.0:11117): avc: denied { read } for name="wakeup4" dev="sysfs" ino=16610 scontext=u:r:system_suspend:s0 tcontext=u:object_r:sysfs:s0 tclass=dir permissive=0
08-04 18:22:28.271   218   218 W Binder:218_2: type=1400 audit(0.0:11118): avc: denied { read } for name="wakeup2" dev="sysfs" ino=15827 scontext=u:r:system_suspend:s0 tcontext=u:object_r:sysfs:s0 tclass=dir permissive=0
08-04 18:22:28.271   218   218 W Binder:218_2: type=1400 audit(0.0:11119): avc: denied { read } for name="wakeup0" dev="sysfs" ino=13256 scontext=u:r:system_suspend:s0 tcontext=u:object_r:sysfs:s0 tclass=dir permissive=0
08-04 18:22:28.271   218   218 W Binder:218_2: type=1400 audit(0.0:11120): avc: denied { read } for name="wakeup5" dev="sysfs" ino=16673 scontext=u:r:system_suspend:s0 tcontext=u:object_r:sysfs:s0 tclass=dir permissive=0
08-04 18:22:28.275   218   218 W Binder:218_2: type=1400 audit(0.0:11121): avc: denied { read } for name="wakeup3" dev="sysfs" ino=15877 scontext=u:r:system_suspend:s0 tcontext=u:object_r:sysfs:s0 tclass=dir permissive=0
08-04 18:22:28.278   813  3206 D NetworkMonitor/101: Forcing reevaluation for UID 10122. Dns signal count: 0
08-04 17:09:34.664     0     0 W audit   : audit_lost=2158 audit_rate_limit=5 audit_backlog_limit=64
08-04 17:09:34.664     0     0 E audit   : rate limit exceeded
08-04 18:22:33.338   813 28930 D NetworkMonitor/101: PROBE_DNS connectivitycheck.gstatic.com 5054ms OK 142.251.175.94,2404:6800:4003:c1c::5e
08-04 18:22:33.362   813 28929 D NetworkMonitor/101: PROBE_DNS www.google.com 5078ms OK 216.239.38.120,2001:4860:4802:32::78
08-04 18:22:33.386  1153 28926 I NetworkManagementSocketTagger: tagSocketFd(-1, 536871943, -1) failed with errno-9
08-04 18:22:33.462   813 28930 D NetworkMonitor/101: PROBE_HTTP http://connectivitycheck.gstatic.com/generate_204 time=120ms ret=204 request={Connection=[close], User-Agent=[Mozilla/5.0 (X11; Linux x86_64) AppleWebKit/537.36 (KHTML, like Gecko) Chrome/60.0.3112.32 Safari/537.36]} headers={null=[HTTP/1.1 204 No Content], Connection=[close], Content-Length=[0], Cross-Origin-Resource-Policy=[cross-origin], Date=[Sun, 04 Aug 2024 11:22:34 GMT], X-Android-Received-Millis=[1722770553461], X-Android-Response-Source=[NETWORK 204], X-Android-Selected-Protocol=[http/1.1], X-Android-Sent-Millis=[1722770553399]}
08-04 18:22:33.478  1153 28926 E GmsTaskScheduler: sendWakeUpEvent called on SchedulerClientBroadcastStrategy
08-04 18:22:33.531  1153 28939 W WakeLock: GCM_CONN_ALARM counter does not exist
08-04 18:22:33.539  1153 28939 E GmsTaskScheduler: sendWakeUpEvent called on SchedulerClientBroadcastStrategy
08-04 18:22:33.541   813 28929 D NetworkMonitor/101: PROBE_HTTPS https://www.google.com/generate_204 time=176ms ret=204 request={Connection=[close], User-Agent=[Mozilla/5.0 (X11; Linux x86_64) AppleWebKit/537.36 (KHTML, like Gecko) Chrome/60.0.3112.32 Safari/537.36]} headers={null=[HTTP/1.1 204 No Content], Alt-Svc=[h3=":443"; ma=2592000,h3-29=":443"; ma=2592000], Connection=[close], Content-Length=[0], Cross-Origin-Resource-Policy=[cross-origin], Date=[Sun, 04 Aug 2024 11:22:34 GMT], X-Android-Received-Millis=[1722770553540], X-Android-Response-Source=[NETWORK 204], X-Android-Selected-Protocol=[http/1.1], X-Android-Sent-Millis=[1722770553480]}
08-04 18:22:36.559   813 28928 D NetworkMonitor/101: PROBE_FALLBACK http://play.googleapis.com/generate_204 time=5272ms ret=204 request={Connection=[close], User-Agent=[Mozilla/5.0 (X11; Linux x86_64) AppleWebKit/537.36 (KHTML, like Gecko) Chrome/60.0.3112.32 Safari/537.36]} headers={null=[HTTP/1.1 204 No Content], Connection=[close], Content-Length=[0], Cross-Origin-Resource-Policy=[cross-origin], Date=[Sun, 04 Aug 2024 11:22:37 GMT], X-Android-Received-Millis=[1722770556558], X-Android-Response-Source=[NETWORK 204], X-Android-Selected-Protocol=[http/1.1], X-Android-Sent-Millis=[1722770556476]}
08-04 18:22:36.568   813 28928 D NetworkMonitor/101: isCaptivePortal: isSuccessful()=true isPortal()=false RedirectUrl=null isPartialConnectivity()=false Time=8281ms
08-04 18:22:36.569   532   560 W BroadcastQueue: Background execution not allowed: receiving Intent { act=android.net.conn.NETWORK_CONDITIONS_MEASURED flg=0x10 (has extras) } to com.google.android.gms/.chimera.GmsIntentOperationService$PersistentTrustedReceiver
08-04 18:22:36.586   532   630 D ConnectivityService: [101 WIFI] validation passed
08-04 18:22:51.053   461   461 E dhcpclient: Unable to send message: Failed to send message: Network is down
08-04 18:22:51.780   218   222 E android.system.suspend@1.0-service: Error opening kernel wakelock stats for: wakeup4: Permission denied
08-04 18:22:51.785   218   222 E android.system.suspend@1.0-service: Error opening kernel wakelock stats for: wakeup2: Permission denied
08-04 18:22:51.785   218   222 E android.system.suspend@1.0-service: Error opening kernel wakelock stats for: wakeup0: Permission denied
08-04 18:22:51.775   218   218 W Binder:218_2: type=1400 audit(0.0:11123): avc: denied { read } for name="wakeup4" dev="sysfs" ino=16610 scontext=u:r:system_suspend:s0 tcontext=u:object_r:sysfs:s0 tclass=dir permissive=0
08-04 18:22:51.783   218   218 W Binder:218_2: type=1400 audit(0.0:11124): avc: denied { read } for name="wakeup2" dev="sysfs" ino=15827 scontext=u:r:system_suspend:s0 tcontext=u:object_r:sysfs:s0 tclass=dir permissive=0
08-04 18:22:51.783   218   218 W Binder:218_2: type=1400 audit(0.0:11125): avc: denied { read } for name="wakeup0" dev="sysfs" ino=13256 scontext=u:r:system_suspend:s0 tcontext=u:object_r:sysfs:s0 tclass=dir permissive=0
08-04 18:22:51.786   218   222 E android.system.suspend@1.0-service: Error opening kernel wakelock stats for: wakeup5: Permission denied
08-04 18:22:51.786   218   222 E android.system.suspend@1.0-service: Error opening kernel wakelock stats for: wakeup3: Permission denied
08-04 18:22:51.786   218   222 E android.system.suspend@1.0-service: Error opening kernel wakelock stats for: wakeup1: Permission denied
08-04 17:09:58.173     0     0 W audit   : audit_lost=2159 audit_rate_limit=5 audit_backlog_limit=64
08-04 17:09:58.173     0     0 E audit   : rate limit exceeded
08-04 18:23:00.007   699   699 D KeyguardClockSwitch: Updating clock: 623
08-04 18:23:00.465   532   566 D BatteryStatsImpl: Got freq readings for an isolated uid with no mapping: 90000
08-04 18:23:00.465   532   566 D BatteryStatsImpl: Got freq readings for an isolated uid with no mapping: 90001
08-04 18:23:00.465   532   566 D BatteryStatsImpl: Got freq readings for an isolated uid with no mapping: 90002
08-04 18:23:00.465   532   566 D BatteryStatsImpl: Got freq readings for an isolated uid with no mapping: 90003
08-04 18:23:00.465   532   566 D BatteryStatsImpl: Got freq readings for an isolated uid with no mapping: 90004
08-04 18:23:00.465   532   566 D BatteryStatsImpl: Got freq readings for an isolated uid with no mapping: 90005
08-04 18:23:00.465   532   566 D BatteryStatsImpl: Got freq readings for an isolated uid with no mapping: 90006
08-04 18:23:00.465   532   566 D BatteryStatsImpl: Got freq readings for an isolated uid with no mapping: 90007
08-04 18:23:00.465   532   566 D BatteryStatsImpl: Got freq readings for an isolated uid with no mapping: 90008
08-04 18:23:00.466   532   566 W BatteryStatsImpl: Got active times for an isolated uid with no mapping: 90000
08-04 18:23:00.466   532   566 W BatteryStatsImpl: Got active times for an isolated uid with no mapping: 90001
08-04 18:23:00.466   532   566 W BatteryStatsImpl: Got active times for an isolated uid with no mapping: 90002
08-04 18:23:00.466   532   566 W BatteryStatsImpl: Got active times for an isolated uid with no mapping: 90003
08-04 18:23:00.466   532   566 W BatteryStatsImpl: Got active times for an isolated uid with no mapping: 90004
08-04 18:23:00.466   532   566 W BatteryStatsImpl: Got active times for an isolated uid with no mapping: 90005
08-04 18:23:00.466   532   566 W BatteryStatsImpl: Got active times for an isolated uid with no mapping: 90006
08-04 18:23:00.466   532   566 W BatteryStatsImpl: Got active times for an isolated uid with no mapping: 90007
08-04 18:23:00.466   532   566 W BatteryStatsImpl: Got active times for an isolated uid with no mapping: 90008
08-04 18:23:00.466   532   566 W BatteryStatsImpl: Got cluster times for an isolated uid with no mapping: 90000
08-04 18:23:00.466   532   566 W BatteryStatsImpl: Got cluster times for an isolated uid with no mapping: 90001
08-04 18:23:00.466   532   566 W BatteryStatsImpl: Got cluster times for an isolated uid with no mapping: 90002
08-04 18:23:00.466   532   566 W BatteryStatsImpl: Got cluster times for an isolated uid with no mapping: 90003
08-04 18:23:00.466   532   566 W BatteryStatsImpl: Got cluster times for an isolated uid with no mapping: 90004
08-04 18:23:00.466   532   566 W BatteryStatsImpl: Got cluster times for an isolated uid with no mapping: 90005
08-04 18:23:00.466   532   566 W BatteryStatsImpl: Got cluster times for an isolated uid with no mapping: 90006
08-04 18:23:00.466   532   566 W BatteryStatsImpl: Got cluster times for an isolated uid with no mapping: 90007
08-04 18:23:00.466   532   566 W BatteryStatsImpl: Got cluster times for an isolated uid with no mapping: 90008
08-04 18:23:00.467   218   222 E android.system.suspend@1.0-service: Error opening kernel wakelock stats for: wakeup4: Permission denied
08-04 18:23:00.467   218   222 E android.system.suspend@1.0-service: Error opening kernel wakelock stats for: wakeup2: Permission denied
08-04 18:23:00.467   218   222 E android.system.suspend@1.0-service: Error opening kernel wakelock stats for: wakeup0: Permission denied
08-04 18:23:00.467   218   222 E android.system.suspend@1.0-service: Error opening kernel wakelock stats for: wakeup5: Permission denied
08-04 18:23:00.468   218   222 E android.system.suspend@1.0-service: Error opening kernel wakelock stats for: wakeup3: Permission denied
08-04 18:23:00.468   218   222 E android.system.suspend@1.0-service: Error opening kernel wakelock stats for: wakeup1: Permission denied
08-04 18:23:00.463   218   218 W Binder:218_2: type=1400 audit(0.0:11129): avc: denied { read } for name="wakeup4" dev="sysfs" ino=16610 scontext=u:r:system_suspend:s0 tcontext=u:object_r:sysfs:s0 tclass=dir permissive=0
08-04 18:23:00.463   218   218 W Binder:218_2: type=1400 audit(0.0:11130): avc: denied { read } for name="wakeup2" dev="sysfs" ino=15827 scontext=u:r:system_suspend:s0 tcontext=u:object_r:sysfs:s0 tclass=dir permissive=0
08-04 18:23:00.463   218   218 W Binder:218_2: type=1400 audit(0.0:11131): avc: denied { read } for name="wakeup0" dev="sysfs" ino=13256 scontext=u:r:system_suspend:s0 tcontext=u:object_r:sysfs:s0 tclass=dir permissive=0
08-04 18:23:00.463   218   218 W Binder:218_2: type=1400 audit(0.0:11132): avc: denied { read } for name="wakeup5" dev="sysfs" ino=16673 scontext=u:r:system_suspend:s0 tcontext=u:object_r:sysfs:s0 tclass=dir permissive=0
08-04 18:23:00.463   218   218 W Binder:218_2: type=1400 audit(0.0:11133): avc: denied { read } for name="wakeup3" dev="sysfs" ino=15877 scontext=u:r:system_suspend:s0 tcontext=u:object_r:sysfs:s0 tclass=dir permissive=0
08-04 17:10:06.855     0     0 W audit   : audit_lost=2160 audit_rate_limit=5 audit_backlog_limit=64
08-04 17:10:06.855     0     0 E audit   : rate limit exceeded
08-04 18:23:03.791   218   218 W Binder:218_2: type=1400 audit(0.0:11135): avc: denied { read } for name="wakeup4" dev="sysfs" ino=16610 scontext=u:r:system_suspend:s0 tcontext=u:object_r:sysfs:s0 tclass=dir permissive=0
08-04 18:23:03.791   218   218 W Binder:218_2: type=1400 audit(0.0:11136): avc: denied { read } for name="wakeup2" dev="sysfs" ino=15827 scontext=u:r:system_suspend:s0 tcontext=u:object_r:sysfs:s0 tclass=dir permissive=0
08-04 18:23:03.791   218   218 W Binder:218_2: type=1400 audit(0.0:11137): avc: denied { read } for name="wakeup0" dev="sysfs" ino=13256 scontext=u:r:system_suspend:s0 tcontext=u:object_r:sysfs:s0 tclass=dir permissive=0
08-04 18:23:03.791   218   218 W Binder:218_2: type=1400 audit(0.0:11138): avc: denied { read } for name="wakeup5" dev="sysfs" ino=16673 scontext=u:r:system_suspend:s0 tcontext=u:object_r:sysfs:s0 tclass=dir permissive=0
08-04 18:23:03.794   218   222 E android.system.suspend@1.0-service: Error opening kernel wakelock stats for: wakeup4: Permission denied
08-04 18:23:03.795   218   218 W Binder:218_2: type=1400 audit(0.0:11139): avc: denied { read } for name="wakeup3" dev="sysfs" ino=15877 scontext=u:r:system_suspend:s0 tcontext=u:object_r:sysfs:s0 tclass=dir permissive=0
08-04 17:10:10.186     0     0 W audit   : audit_lost=2161 audit_rate_limit=5 audit_backlog_limit=64
08-04 17:10:10.186     0     0 E audit   : rate limit exceeded
08-04 18:23:03.794   218   222 E android.system.suspend@1.0-service: Error opening kernel wakelock stats for: wakeup2: Permission denied
08-04 18:23:03.795   218   222 E android.system.suspend@1.0-service: Error opening kernel wakelock stats for: wakeup0: Permission denied
08-04 18:23:03.795   218   222 E android.system.suspend@1.0-service: Error opening kernel wakelock stats for: wakeup5: Permission denied
08-04 18:23:03.798   218   222 E android.system.suspend@1.0-service: Error opening kernel wakelock stats for: wakeup3: Permission denied
08-04 18:23:03.799   218   222 E android.system.suspend@1.0-service: Error opening kernel wakelock stats for: wakeup1: Permission denied
08-04 18:23:03.799  1153 28939 E GmsTaskScheduler: sendWakeUpEvent called on SchedulerClientBroadcastStrategy
08-04 18:23:03.806  1153 28926 E GmsTaskScheduler: sendWakeUpEvent called on SchedulerClientBroadcastStrategy
08-04 18:23:12.159     0     0 W healthd : battery l=100 v=5000 t=25.0 h=2 st=4 c=900000 fc=300000 cc=10 chg=
08-04 18:23:03.807  1153 28926 E GmsTaskScheduler: sendWakeUpEvent called on SchedulerClientBroadcastStrategy
08-04 18:23:18.923   218   218 W Binder:218_2: type=1400 audit(0.0:11141): avc: denied { read } for name="wakeup4" dev="sysfs" ino=16610 scontext=u:r:system_suspend:s0 tcontext=u:object_r:sysfs:s0 tclass=dir permissive=0
08-04 18:23:18.927   218   222 E android.system.suspend@1.0-service: Error opening kernel wakelock stats for: wakeup4: Permission denied
08-04 18:23:18.928   218   222 E android.system.suspend@1.0-service: Error opening kernel wakelock stats for: wakeup2: Permission denied
08-04 18:23:18.929   218   222 E android.system.suspend@1.0-service: Error opening kernel wakelock stats for: wakeup0: Permission denied
08-04 18:23:18.930   218   222 E android.system.suspend@1.0-service: Error opening kernel wakelock stats for: wakeup5: Permission denied
08-04 18:23:18.931   218   222 E android.system.suspend@1.0-service: Error opening kernel wakelock stats for: wakeup3: Permission denied
08-04 18:23:18.931   218   222 E android.system.suspend@1.0-service: Error opening kernel wakelock stats for: wakeup1: Permission denied
08-04 18:23:18.935     0     0 W audit   : audit_lost=2162 audit_rate_limit=5 audit_backlog_limit=64
08-04 18:23:18.923   218   218 W Binder:218_2: type=1400 audit(0.0:11142): avc: denied { read } for name="wakeup2" dev="sysfs" ino=15827 scontext=u:r:system_suspend:s0 tcontext=u:object_r:sysfs:s0 tclass=dir permissive=0
08-04 18:23:18.927   218   218 W Binder:218_2: type=1400 audit(0.0:11143): avc: denied { read } for name="wakeup0" dev="sysfs" ino=13256 scontext=u:r:system_suspend:s0 tcontext=u:object_r:sysfs:s0 tclass=dir permissive=0
08-04 18:23:18.935     0     0 E audit   : rate limit exceeded
08-04 18:23:18.927   218   218 W Binder:218_2: type=1400 audit(0.0:11144): avc: denied { read } for name="wakeup5" dev="sysfs" ino=16673 scontext=u:r:system_suspend:s0 tcontext=u:object_r:sysfs:s0 tclass=dir permissive=0
08-04 18:23:18.927   218   218 W Binder:218_2: type=1400 audit(0.0:11145): avc: denied { read } for name="wakeup3" dev="sysfs" ino=15877 scontext=u:r:system_suspend:s0 tcontext=u:object_r:sysfs:s0 tclass=dir permissive=0
08-04 18:23:22.020  2484  2675 V BatteryMetricService: log start: StatsRecord:
08-04 18:23:22.020  2484  2675 V BatteryMetricService:   elapsed: 97221728
08-04 18:23:22.020  2484  2675 V BatteryMetricService:   current: 1722756326835
08-04 18:23:22.020  2484  2675 V BatteryMetricService:   Primes version: 299346402
08-04 18:23:22.020  2484  2675 V BatteryMetricService:   version name #: 1941631920
08-04 18:23:22.020  2484  2675 V BatteryMetricService:   customName: hourlySnapshot
08-04 18:23:22.020  2484  2675 V BatteryMetricService: 
08-04 18:23:22.020  2484  2675 V BatteryMetricService: end: StatsRecord:
08-04 18:23:22.020  2484  2675 V BatteryMetricService:   elapsed: 100821746
08-04 18:23:22.020  2484  2675 V BatteryMetricService:   current: 1722770602007
08-04 18:23:22.020  2484  2675 V BatteryMetricService:   Primes version: 299346402
08-04 18:23:22.020  2484  2675 V BatteryMetricService:   version name #: 1941631920
08-04 18:23:22.020  2484  2675 V BatteryMetricService:   customName: hourlySnapshot
08-04 18:23:22.020  2484  2675 V BatteryMetricService: 
08-04 18:23:22.020  2484  2675 D BatteryCapture: inconsistent stats
08-04 18:23:22.039  2484  2674 V HashedNamesTransmitter: unhashed: # mdq@4459e101
08-04 18:23:22.039  2484  2674 V GmsHeadClearcutMetricTr: # mdq@4459e101
08-04 18:23:22.039  2484  2674 V GmsHeadClearcutMetricTr: Sending Primes memory metric
08-04 18:23:22.039  2484  2674 V GmsHeadClearcutMetricTr: ClQKQAo+CK0XEPsrGJJoIKQWKLArMMgiOKwmQJyDAkikJlAAWPwcYLQpaOAIcAB4iBCAAfIgiAG81TCQAb8PmAG6qwESCgoICNqRARAAGCYYACICCAEqSgoWY29tLmdvb2dsZS5hbmRyb2lkLmltcxIoMzkuMC4zMDg5MTc2NTMtY2FycmllcnNlcnZpY2VzX1YzOVdfUkMwNxgBIOLT3o4BigEOaG91cmx5U25hcHNob3S6AQoImLzfAhDgnPMC
08-04 18:23:22.045  2484  2484 V GmsHeadClearcutMetricTr: handleResult, success: true
08-04 18:23:34.394   532   559 I UsageStatsService: User[0] Flushing usage stats to disk
08-04 18:23:50.231   218   222 E android.system.suspend@1.0-service: Error opening kernel wakelock stats for: wakeup4: Permission denied
08-04 18:23:50.227   218   218 W Binder:218_2: type=1400 audit(0.0:11147): avc: denied { read } for name="wakeup4" dev="sysfs" ino=16610 scontext=u:r:system_suspend:s0 tcontext=u:object_r:sysfs:s0 tclass=dir permissive=0
08-04 18:23:50.227   218   218 W Binder:218_2: type=1400 audit(0.0:11148): avc: denied { read } for name="wakeup2" dev="sysfs" ino=15827 scontext=u:r:system_suspend:s0 tcontext=u:object_r:sysfs:s0 tclass=dir permissive=0
08-04 18:23:50.227   218   218 W Binder:218_2: type=1400 audit(0.0:11149): avc: denied { read } for name="wakeup0" dev="sysfs" ino=13256 scontext=u:r:system_suspend:s0 tcontext=u:object_r:sysfs:s0 tclass=dir permissive=0
08-04 18:23:50.232   218   222 E android.system.suspend@1.0-service: Error opening kernel wakelock stats for: wakeup2: Permission denied
08-04 18:23:50.232   218   222 E android.system.suspend@1.0-service: Error opening kernel wakelock stats for: wakeup0: Permission denied
08-04 18:23:50.231   218   218 W Binder:218_2: type=1400 audit(0.0:11150): avc: denied { read } for name="wakeup5" dev="sysfs" ino=16673 scontext=u:r:system_suspend:s0 tcontext=u:object_r:sysfs:s0 tclass=dir permissive=0
08-04 18:23:50.234   218   222 E android.system.suspend@1.0-service: Error opening kernel wakelock stats for: wakeup5: Permission denied
08-04 18:23:50.235   218   222 E android.system.suspend@1.0-service: Error opening kernel wakelock stats for: wakeup3: Permission denied
08-04 18:23:50.231   218   218 W Binder:218_2: type=1400 audit(0.0:11151): avc: denied { read } for name="wakeup3" dev="sysfs" ino=15877 scontext=u:r:system_suspend:s0 tcontext=u:object_r:sysfs:s0 tclass=dir permissive=0
08-04 18:23:50.235   218   222 E android.system.suspend@1.0-service: Error opening kernel wakelock stats for: wakeup1: Permission denied
08-04 18:23:50.239     0     0 W audit   : audit_lost=2163 audit_rate_limit=5 audit_backlog_limit=64
08-04 18:23:50.239     0     0 E audit   : rate limit exceeded
08-04 18:23:55.203   461   461 E dhcpclient: Unable to send message: Failed to send message: Network is down
08-04 18:24:00.010   699   699 D KeyguardClockSwitch: Updating clock: 624
08-04 18:24:11.402   218   222 E android.system.suspend@1.0-service: Error opening kernel wakelock stats for: wakeup4: Permission denied
08-04 18:24:11.399   218   218 W Binder:218_2: type=1400 audit(0.0:11153): avc: denied { read } for name="wakeup4" dev="sysfs" ino=16610 scontext=u:r:system_suspend:s0 tcontext=u:object_r:sysfs:s0 tclass=dir permissive=0
08-04 18:24:11.404   218   222 E android.system.suspend@1.0-service: Error opening kernel wakelock stats for: wakeup2: Permission denied
08-04 18:24:11.404   218   222 E android.system.suspend@1.0-service: Error opening kernel wakelock stats for: wakeup0: Permission denied
08-04 18:24:11.405   218   222 E android.system.suspend@1.0-service: Error opening kernel wakelock stats for: wakeup5: Permission denied
08-04 18:24:11.399   218   218 W Binder:218_2: type=1400 audit(0.0:11154): avc: denied { read } for name="wakeup2" dev="sysfs" ino=15827 scontext=u:r:system_suspend:s0 tcontext=u:object_r:sysfs:s0 tclass=dir permissive=0
08-04 18:24:11.399   218   218 W Binder:218_2: type=1400 audit(0.0:11155): avc: denied { read } for name="wakeup0" dev="sysfs" ino=13256 scontext=u:r:system_suspend:s0 tcontext=u:object_r:sysfs:s0 tclass=dir permissive=0
08-04 18:24:11.403   218   218 W Binder:218_2: type=1400 audit(0.0:11156): avc: denied { read } for name="wakeup5" dev="sysfs" ino=16673 scontext=u:r:system_suspend:s0 tcontext=u:object_r:sysfs:s0 tclass=dir permissive=0
08-04 18:24:11.403   218   218 W Binder:218_2: type=1400 audit(0.0:11157): avc: denied { read } for name="wakeup3" dev="sysfs" ino=15877 scontext=u:r:system_suspend:s0 tcontext=u:object_r:sysfs:s0 tclass=dir permissive=0
08-04 18:24:11.405   218   222 E android.system.suspend@1.0-service: Error opening kernel wakelock stats for: wakeup3: Permission denied
08-04 18:24:11.405   218   222 E android.system.suspend@1.0-service: Error opening kernel wakelock stats for: wakeup1: Permission denied
08-04 18:24:11.409     0     0 W audit   : audit_lost=2164 audit_rate_limit=5 audit_backlog_limit=64
08-04 18:24:11.409     0     0 E audit   : rate limit exceeded
08-04 18:24:42.667   532  1456 D WifiNl80211Manager: Scan result ready event
08-04 18:24:42.668   532  1456 D WifiNative: Scan result ready event
08-04 18:24:53.815   532   551 E JobScheduler.Background: App com.google.android.gms became active but still in NEVER bucket
08-04 18:24:53.819   532   560 I DropBoxManagerService: add tag=system_server_wtf isTagEnabled=true flags=0x2
08-04 18:24:53.822  1153 28926 E GmsTaskScheduler: sendWakeUpEvent called on SchedulerClientBroadcastStrategy
08-04 18:24:53.822  1153 28926 E WakeLock: GCM_HB_ALARM release without a matched acquire!
08-04 18:24:53.839   218   222 E android.system.suspend@1.0-service: Error opening kernel wakelock stats for: wakeup4: Permission denied
08-04 18:24:53.835   218   218 W Binder:218_2: type=1400 audit(0.0:11159): avc: denied { read } for name="wakeup4" dev="sysfs" ino=16610 scontext=u:r:system_suspend:s0 tcontext=u:object_r:sysfs:s0 tclass=dir permissive=0
08-04 18:24:53.839   218   222 E android.system.suspend@1.0-service: Error opening kernel wakelock stats for: wakeup2: Permission denied
08-04 18:24:53.839   218   222 E android.system.suspend@1.0-service: Error opening kernel wakelock stats for: wakeup0: Permission denied
08-04 18:24:53.840   218   222 E android.system.suspend@1.0-service: Error opening kernel wakelock stats for: wakeup5: Permission denied
08-04 18:24:53.840   218   222 E android.system.suspend@1.0-service: Error opening kernel wakelock stats for: wakeup3: Permission denied
08-04 18:24:53.840   218   222 E android.system.suspend@1.0-service: Error opening kernel wakelock stats for: wakeup1: Permission denied
08-04 18:24:53.844     0     0 W audit   : audit_lost=2165 audit_rate_limit=5 audit_backlog_limit=64
08-04 18:24:53.844     0     0 E audit   : rate limit exceeded
08-04 18:24:53.835   218   218 W Binder:218_2: type=1400 audit(0.0:11160): avc: denied { read } for name="wakeup2" dev="sysfs" ino=15827 scontext=u:r:system_suspend:s0 tcontext=u:object_r:sysfs:s0 tclass=dir permissive=0
08-04 18:24:53.902  1153 28939 E GmsTaskScheduler: sendWakeUpEvent called on SchedulerClientBroadcastStrategy
08-04 18:24:55.841   532   560 W BroadcastQueue: Background execution not allowed: receiving Intent { act=android.intent.action.DROPBOX_ENTRY_ADDED flg=0x10 (has extras) } to com.google.android.gms/.stats.service.DropBoxEntryAddedReceiver
08-04 18:24:55.841   532   560 W BroadcastQueue: Background execution not allowed: receiving Intent { act=android.intent.action.DROPBOX_ENTRY_ADDED flg=0x10 (has extras) } to com.google.android.gms/.chimera.GmsIntentOperationService$PersistentTrustedReceiver
08-04 18:24:59.338   461   461 E dhcpclient: Unable to send message: Failed to send message: Network is down
08-04 18:25:00.002   699   699 D KeyguardClockSwitch: Updating clock: 625
08-04 18:25:03.821   532   551 E JobScheduler.Background: App com.google.android.gms became active but still in NEVER bucket
08-04 18:25:03.822   532   560 I DropBoxManagerService: add tag=system_server_wtf isTagEnabled=true flags=0x2
08-04 18:25:05.835   532   560 W BroadcastQueue: Background execution not allowed: receiving Intent { act=android.intent.action.DROPBOX_ENTRY_ADDED flg=0x10 (has extras) } to com.google.android.gms/.stats.service.DropBoxEntryAddedReceiver
08-04 18:25:05.835   532   560 W BroadcastQueue: Background execution not allowed: receiving Intent { act=android.intent.action.DROPBOX_ENTRY_ADDED flg=0x10 (has extras) } to com.google.android.gms/.chimera.GmsIntentOperationService$PersistentTrustedReceiver
08-04 18:25:09.013   218   222 E android.system.suspend@1.0-service: Error opening kernel wakelock stats for: wakeup4: Permission denied
08-04 18:25:09.014   218   222 E android.system.suspend@1.0-service: Error opening kernel wakelock stats for: wakeup2: Permission denied
08-04 18:25:09.014   218   222 E android.system.suspend@1.0-service: Error opening kernel wakelock stats for: wakeup0: Permission denied
08-04 18:25:09.015   218   222 E android.system.suspend@1.0-service: Error opening kernel wakelock stats for: wakeup5: Permission denied
08-04 18:25:09.017   218   222 E android.system.suspend@1.0-service: Error opening kernel wakelock stats for: wakeup3: Permission denied
08-04 18:25:09.017   218   222 E android.system.suspend@1.0-service: Error opening kernel wakelock stats for: wakeup1: Permission denied
08-04 18:25:09.011   218   218 W Binder:218_2: type=1400 audit(0.0:11165): avc: denied { read } for name="wakeup4" dev="sysfs" ino=16610 scontext=u:r:system_suspend:s0 tcontext=u:object_r:sysfs:s0 tclass=dir permissive=0
08-04 18:25:09.011   218   218 W Binder:218_2: type=1400 audit(0.0:11166): avc: denied { read } for name="wakeup2" dev="sysfs" ino=15827 scontext=u:r:system_suspend:s0 tcontext=u:object_r:sysfs:s0 tclass=dir permissive=0
08-04 18:25:09.011   218   218 W Binder:218_2: type=1400 audit(0.0:11167): avc: denied { read } for name="wakeup0" dev="sysfs" ino=13256 scontext=u:r:system_suspend:s0 tcontext=u:object_r:sysfs:s0 tclass=dir permissive=0
08-04 18:25:09.011   218   218 W Binder:218_2: type=1400 audit(0.0:11168): avc: denied { read } for name="wakeup5" dev="sysfs" ino=16673 scontext=u:r:system_suspend:s0 tcontext=u:object_r:sysfs:s0 tclass=dir permissive=0
08-04 18:25:09.015   218   218 W Binder:218_2: type=1400 audit(0.0:11169): avc: denied { read } for name="wakeup3" dev="sysfs" ino=15877 scontext=u:r:system_suspend:s0 tcontext=u:object_r:sysfs:s0 tclass=dir permissive=0
08-04 18:25:09.021     0     0 W audit   : audit_lost=2166 audit_rate_limit=5 audit_backlog_limit=64
08-04 18:25:09.021     0     0 E audit   : rate limit exceeded
08-04 18:26:00.017   699   699 D KeyguardClockSwitch: Updating clock: 626
08-04 18:26:03.101   218   222 E android.system.suspend@1.0-service: Error opening kernel wakelock stats for: wakeup4: Permission denied
08-04 18:26:03.102   218   222 E android.system.suspend@1.0-service: Error opening kernel wakelock stats for: wakeup2: Permission denied
08-04 18:26:03.102   218   222 E android.system.suspend@1.0-service: Error opening kernel wakelock stats for: wakeup0: Permission denied
08-04 18:26:03.099   218   218 W Binder:218_2: type=1400 audit(0.0:11171): avc: denied { read } for name="wakeup4" dev="sysfs" ino=16610 scontext=u:r:system_suspend:s0 tcontext=u:object_r:sysfs:s0 tclass=dir permissive=0
08-04 18:26:03.103   218   222 E android.system.suspend@1.0-service: Error opening kernel wakelock stats for: wakeup5: Permission denied
08-04 18:26:03.103   218   222 E android.system.suspend@1.0-service: Error opening kernel wakelock stats for: wakeup3: Permission denied
08-04 18:26:03.104   218   222 E android.system.suspend@1.0-service: Error opening kernel wakelock stats for: wakeup1: Permission denied
08-04 18:26:03.107     0     0 W audit   : audit_lost=2167 audit_rate_limit=5 audit_backlog_limit=64
08-04 18:26:03.107     0     0 E audit   : rate limit exceeded
08-04 18:26:03.099   218   218 W Binder:218_2: type=1400 audit(0.0:11172): avc: denied { read } for name="wakeup2" dev="sysfs" ino=15827 scontext=u:r:system_suspend:s0 tcontext=u:object_r:sysfs:s0 tclass=dir permissive=0
08-04 18:26:03.099   218   218 W Binder:218_2: type=1400 audit(0.0:11173): avc: denied { read } for name="wakeup0" dev="sysfs" ino=13256 scontext=u:r:system_suspend:s0 tcontext=u:object_r:sysfs:s0 tclass=dir permissive=0
08-04 18:26:03.099   218   218 W Binder:218_2: type=1400 audit(0.0:11174): avc: denied { read } for name="wakeup5" dev="sysfs" ino=16673 scontext=u:r:system_suspend:s0 tcontext=u:object_r:sysfs:s0 tclass=dir permissive=0
