08-04 16:24:05.065   532   560 W BroadcastQueue: Background execution not allowed: receiving Intent { act=android.intent.action.DROPBOX_ENTRY_ADDED flg=0x10 (has extras) } to com.google.android.gms/.stats.service.DropBoxEntryAddedReceiver
08-04 16:24:05.065   532   560 W BroadcastQueue: Background execution not allowed: receiving Intent { act=android.intent.action.DROPBOX_ENTRY_ADDED flg=0x10 (has extras) } to com.google.android.gms/.chimera.GmsIntentOperationService$PersistentTrustedReceiver
08-04 16:24:06.980     0     0 W healthd : battery l=100 v=5000 t=25.0 h=2 st=4 c=900000 fc=300000 cc=10 chg=
08-04 16:24:13.078   532   551 E JobScheduler.Background: App com.google.android.gms became active but still in NEVER bucket
08-04 16:24:13.082   532   560 I DropBoxManagerService: add tag=system_server_wtf isTagEnabled=true flags=0x2
08-04 16:24:15.096   532   560 W BroadcastQueue: Background execution not allowed: receiving Intent { act=android.intent.action.DROPBOX_ENTRY_ADDED flg=0x10 (has extras) } to com.google.android.gms/.stats.service.DropBoxEntryAddedReceiver
08-04 16:24:15.096   532   560 W BroadcastQueue: Background execution not allowed: receiving Intent { act=android.intent.action.DROPBOX_ENTRY_ADDED flg=0x10 (has extras) } to com.google.android.gms/.chimera.GmsIntentOperationService$PersistentTrustedReceiver
08-04 16:24:23.602   218   222 E android.system.suspend@1.0-service: Error opening kernel wakelock stats for: wakeup4: Permission denied
08-04 16:24:23.603   218   222 E android.system.suspend@1.0-service: Error opening kernel wakelock stats for: wakeup2: Permission denied
08-04 16:24:23.598   218   218 W Binder:218_2: type=1400 audit(0.0:10871): avc: denied { read } for name="wakeup4" dev="sysfs" ino=16610 scontext=u:r:system_suspend:s0 tcontext=u:object_r:sysfs:s0 tclass=dir permissive=0
08-04 16:24:23.603   218   222 E android.system.suspend@1.0-service: Error opening kernel wakelock stats for: wakeup0: Permission denied
08-04 16:24:23.604   218   222 E android.system.suspend@1.0-service: Error opening kernel wakelock stats for: wakeup5: Permission denied
08-04 16:24:23.605   218   222 E android.system.suspend@1.0-service: Error opening kernel wakelock stats for: wakeup3: Permission denied
08-04 16:24:23.605   218   222 E android.system.suspend@1.0-service: Error opening kernel wakelock stats for: wakeup1: Permission denied
08-04 16:24:23.598   218   218 W Binder:218_2: type=1400 audit(0.0:10872): avc: denied { read } for name="wakeup2" dev="sysfs" ino=15827 scontext=u:r:system_suspend:s0 tcontext=u:object_r:sysfs:s0 tclass=dir permissive=0
08-04 16:24:23.598   218   218 W Binder:218_2: type=1400 audit(0.0:10873): avc: denied { read } for name="wakeup0" dev="sysfs" ino=13256 scontext=u:r:system_suspend:s0 tcontext=u:object_r:sysfs:s0 tclass=dir permissive=0
08-04 16:24:23.602   218   218 W Binder:218_2: type=1400 audit(0.0:10874): avc: denied { read } for name="wakeup5" dev="sysfs" ino=16673 scontext=u:r:system_suspend:s0 tcontext=u:object_r:sysfs:s0 tclass=dir permissive=0
08-04 16:24:23.602   218   218 W Binder:218_2: type=1400 audit(0.0:10875): avc: denied { read } for name="wakeup3" dev="sysfs" ino=15877 scontext=u:r:system_suspend:s0 tcontext=u:object_r:sysfs:s0 tclass=dir permissive=0
08-04 16:24:23.609     0     0 W audit   : audit_lost=2112 audit_rate_limit=5 audit_backlog_limit=64
08-04 16:24:23.609     0     0 E audit   : rate limit exceeded
08-04 16:24:28.527   218   222 E android.system.suspend@1.0-service: Error opening kernel wakelock stats for: wakeup4: Permission denied
08-04 16:24:28.522   218   218 W Binder:218_2: type=1400 audit(0.0:10877): avc: denied { read } for name="wakeup4" dev="sysfs" ino=16610 scontext=u:r:system_suspend:s0 tcontext=u:object_r:sysfs:s0 tclass=dir permissive=0
08-04 16:24:28.527   218   222 E android.system.suspend@1.0-service: Error opening kernel wakelock stats for: wakeup2: Permission denied
08-04 16:24:28.527   218   222 E android.system.suspend@1.0-service: Error opening kernel wakelock stats for: wakeup0: Permission denied
08-04 16:24:28.522   218   218 W Binder:218_2: type=1400 audit(0.0:10878): avc: denied { read } for name="wakeup2" dev="sysfs" ino=15827 scontext=u:r:system_suspend:s0 tcontext=u:object_r:sysfs:s0 tclass=dir permissive=0
08-04 16:24:28.522   218   218 W Binder:218_2: type=1400 audit(0.0:10879): avc: denied { read } for name="wakeup0" dev="sysfs" ino=13256 scontext=u:r:system_suspend:s0 tcontext=u:object_r:sysfs:s0 tclass=dir permissive=0
08-04 16:24:28.526   218   218 W Binder:218_2: type=1400 audit(0.0:10880): avc: denied { read } for name="wakeup5" dev="sysfs" ino=16673 scontext=u:r:system_suspend:s0 tcontext=u:object_r:sysfs:s0 tclass=dir permissive=0
08-04 16:24:28.532     0     0 W audit   : audit_lost=2113 audit_rate_limit=5 audit_backlog_limit=64
08-04 16:24:28.532     0     0 E audit   : rate limit exceeded
08-04 16:24:28.527   218   222 E android.system.suspend@1.0-service: Error opening kernel wakelock stats for: wakeup5: Permission denied
08-04 16:24:28.528   218   222 E android.system.suspend@1.0-service: Error opening kernel wakelock stats for: wakeup3: Permission denied
08-04 16:24:28.528   218   222 E android.system.suspend@1.0-service: Error opening kernel wakelock stats for: wakeup1: Permission denied
08-04 16:24:29.181   532   559 I UsageStatsService: User[0] Flushing usage stats to disk
08-04 16:24:29.598   461   461 E dhcpclient: Unable to send message: Failed to send message: Network is down
08-04 16:24:38.062   532   551 D AlarmManagerService: Setting time of day to sec=1722764395
08-04 16:39:55.008   532   551 W AlarmManagerService: Unable to set rtc to 1722764395: No such device
08-04 16:39:55.018   532   532 D DevicePolicyManager: updateSystemUpdateFreezePeriodsRecord
08-04 16:39:55.018   532   532 D ConditionProviders.SCP: onReceive android.intent.action.TIME_SET
08-04 16:39:55.019   532   532 D ConditionProviders.SCP: evaluateSubscriptionLocked cal=ScheduleCalendar[mDays={1, 2, 3, 4, 5, 6, 7}, mSchedule=ScheduleInfo{days=[1, 2, 3, 4, 5, 6, 7], startHour=22, startMinute=0, endHour=7, endMinute=0, exitAtAlarm=true, nextAlarm=Thu Jan 01 07:00:00 GMT+07:00 1970 (0)}], now=Sun Aug 04 16:39:55 GMT+07:00 2024 (1722764395018), nextUserAlarmTime=Thu Jan 01 07:00:00 GMT+07:00 1970 (0)
08-04 16:39:55.019   532   532 D ConditionProviders.SCP: notifyCondition condition://android/schedule?days=1.2.3.4.5.6.7&start=22.0&end=7.0&exitAtAlarm=true STATE_FALSE reason=!meetsSchedule
08-04 16:39:55.020   532   532 D ConditionProviders.SCP: Scheduling evaluate for Sun Aug 04 22:00:00 GMT+07:00 2024 (1722783600000), in +5h20m4s982ms, now=Sun Aug 04 16:39:55 GMT+07:00 2024 (1722764395018)
08-04 16:39:55.027   699   699 D KeyguardClockSwitch: Updating clock: 439
08-04 16:39:55.047 27258 27323 W UsageSyncManager: Last (TimeDelta{wallTime=2024-08-04T09:23:58.056Z, elapsedSinceBoot=PT27H40M2.976S}, boot count 9) and current (TimeDelta{wallTime=2024-08-04T09:39:55.044Z, elapsedSinceBoot=PT27H40M43.019S}, boot count 9) deltas are different. Increase event shift by PT15M16.945S.
08-04 16:39:55.047 27258 27323 W UsageSyncManager: Deferring shifting events by PT1H34M6.918S
08-04 16:39:55.052   532   559 I UsageStatsService: User[0] Time changed in by 916 seconds
08-04 16:39:55.052   532   559 I UsageStatsService: User[0] Flushing usage stats to disk
08-04 16:39:55.070   532   559 I UsageStatsDatabase: Time changed by +15m16s945ms. files deleted: 0 files moved: 5
08-04 16:39:55.072   532   559 E IntervalStats: Unable to parse usage stats package 150
08-04 16:39:55.072   532   559 E IntervalStats: Unable to parse usage stats package 154
08-04 16:39:55.072   532   559 E IntervalStats: Unable to parse usage stats package 216
08-04 16:39:55.072   532   559 E IntervalStats: Unable to parse usage stats package 150
08-04 16:39:55.072   532   559 E IntervalStats: Unable to parse usage stats package 154
08-04 16:39:55.072   532   559 E IntervalStats: Unable to parse usage stats package 216
08-04 16:39:55.073   532   559 E IntervalStats: Unable to parse usage stats package 150
08-04 16:39:55.073   532   559 E IntervalStats: Unable to parse usage stats package 154
08-04 16:39:55.073   532   559 E IntervalStats: Unable to parse usage stats package 216
08-04 16:39:55.073   532   559 I UsageStatsService: User[0] Rollover scheduled @ 2024-08-05 11:37:31(1722832651822)
08-04 16:39:55.085   532   554 D ColorDisplayService: Setting saturation level: 100
08-04 16:39:55.085 27258 27331 W WindDownScheduler: Missing wind down pause.
08-04 16:39:55.106 28359 28359 I AlarmClock: AlarmInitReceiver android.intent.action.TIME_SET
08-04 16:39:55.113 28359 28390 I AlarmClock: Connected Dock: null
08-04 16:39:55.113 28359 28390 I AlarmClock: Removing AlarmClockInfo
08-04 16:39:55.114 28359 28359 I AlarmClock: DigitalAppWidgetProvider processing Intent { act=android.intent.action.TIME_SET flg=0x25200010 cmp=com.google.android.deskclock/com.android.alarmclock.DigitalAppWidgetProvider }
08-04 16:39:55.115 28359 28359 D AlarmClock: Timing: [Digital Widget] [Widget Data Fetch]: 1 ms
08-04 16:39:55.121  1312 28695 I SystemUpdate: [Installation,ReceiverIntentOperation] Received intent: Intent { act=android.intent.action.TIME_SET flg=0x25200010 cmp=com.google.android.gms/.chimera.GmsIntentOperationService$PersistentTrustedReceiver }.
08-04 16:39:55.142  1312 28697 I SystemUpdate: [Execution,InstallationEventIntentOperation] Handling event of type 6.
08-04 16:39:55.143  1312 28695 I SystemUpdate: [Execution,InstallationIntentOperation] Received intent: Intent { act=com.google.android.gms.update.INSTALL_UPDATE cat=[targeted_intent_op_prefix:.update.execution.InstallationIntentOperation] cmp=com.google.android.gms/.chimera.GmsIntentOperationService }.
08-04 16:39:55.144  1312 28695 I SystemUpdate: [Execution,ExecutionManager] Action finished-execution executed for 0.00 seconds.
08-04 16:39:55.284   532   532 D NotificationService: 0|com.google.android.apps.wellbeing|174344743|null|10120: granting content://settings/system/notification_sound
08-04 16:39:55.285   532   532 I chatty  : uid=1000(system) Binder:532_3 identical 2 lines
08-04 16:39:55.285   532   532 D NotificationService: 0|com.google.android.apps.wellbeing|174344743|null|10120: granting content://settings/system/notification_sound
08-04 16:39:55.305   532   532 W NotificationHistory: Attempted to add notif for locked/gone/disabled user 0
08-04 16:39:55.311   699   699 D InterruptionStateProvider: No bubble up: not allowed to bubble: 0|com.google.android.apps.wellbeing|174344743|null|10120
08-04 16:39:55.311   699   699 D InterruptionStateProvider: No heads up: unimportant notification: 0|com.google.android.apps.wellbeing|174344743|null|10120
08-04 16:39:58.091   532   554 D ColorDisplayService: GlobalSaturationTintController Animation cancelled: false to matrix: 
08-04 16:39:58.091   532   554 D ColorDisplayService:        1.000000 0.000000 0.000000 0.000000 0.000000 1.000000 0.000000 0.000000 0.000000 0.000000 1.000000 0.000000 0.000000 0.000000 0.000000 1.000000 min matrix coefficients: 
08-04 16:39:58.091   532   554 D ColorDisplayService:        1.000000 0.000000 0.000000 0.000000 0.000000 1.000000 0.000000 0.000000 0.000000 0.000000 1.000000 0.000000 0.000000 0.000000 0.000000 1.000000 max matrix coefficients: 
08-04 16:39:58.091   532   554 D ColorDisplayService:        1.000000 0.000000 0.000000 0.000000 0.000000 1.000000 0.000000 0.000000 0.000000 0.000000 1.000000 0.000000 0.000000 0.000000 0.000000 1.000000
08-04 16:40:00.010   699   699 D KeyguardClockSwitch: Updating clock: 440
08-04 16:40:00.029   532   551 E JobScheduler.Background: App com.google.android.gms became active but still in NEVER bucket
08-04 16:40:00.038   532   560 I DropBoxManagerService: add tag=system_server_wtf isTagEnabled=true flags=0x2
08-04 16:40:00.329   699   699 V ShadeControllerImpl: NotificationShadeWindow: com.android.systemui.statusbar.phone.NotificationShadeWindowView{e510c8e I.E...... ......ID 0,0-1440,2960} canPanelBeCollapsed(): false
08-04 16:40:02.047   532   560 W BroadcastQueue: Background execution not allowed: receiving Intent { act=android.intent.action.DROPBOX_ENTRY_ADDED flg=0x10 (has extras) } to com.google.android.gms/.stats.service.DropBoxEntryAddedReceiver
08-04 16:40:02.047   532   560 W BroadcastQueue: Background execution not allowed: receiving Intent { act=android.intent.action.DROPBOX_ENTRY_ADDED flg=0x10 (has extras) } to com.google.android.gms/.chimera.GmsIntentOperationService$PersistentTrustedReceiver
08-04 16:40:10.037   532   551 E JobScheduler.Background: App com.google.android.gms became active but still in NEVER bucket
08-04 16:40:10.039   532   560 I DropBoxManagerService: add tag=system_server_wtf isTagEnabled=true flags=0x2
08-04 16:40:12.051   532   560 W BroadcastQueue: Background execution not allowed: receiving Intent { act=android.intent.action.DROPBOX_ENTRY_ADDED flg=0x10 (has extras) } to com.google.android.gms/.stats.service.DropBoxEntryAddedReceiver
08-04 16:40:12.052   532   560 W BroadcastQueue: Background execution not allowed: receiving Intent { act=android.intent.action.DROPBOX_ENTRY_ADDED flg=0x10 (has extras) } to com.google.android.gms/.chimera.GmsIntentOperationService$PersistentTrustedReceiver
08-04 16:40:15.361   218   222 E android.system.suspend@1.0-service: Error opening kernel wakelock stats for: wakeup4: Permission denied
08-04 16:40:15.361   218   222 E android.system.suspend@1.0-service: Error opening kernel wakelock stats for: wakeup2: Permission denied
08-04 16:40:15.356   218   218 W Binder:218_2: type=1400 audit(0.0:10883): avc: denied { read } for name="wakeup4" dev="sysfs" ino=16610 scontext=u:r:system_suspend:s0 tcontext=u:object_r:sysfs:s0 tclass=dir permissive=0
08-04 16:40:15.362   218   222 E android.system.suspend@1.0-service: Error opening kernel wakelock stats for: wakeup0: Permission denied
08-04 16:40:15.362   218   222 E android.system.suspend@1.0-service: Error opening kernel wakelock stats for: wakeup5: Permission denied
08-04 16:40:15.363   218   222 E android.system.suspend@1.0-service: Error opening kernel wakelock stats for: wakeup3: Permission denied
08-04 16:40:15.363   218   222 E android.system.suspend@1.0-service: Error opening kernel wakelock stats for: wakeup1: Permission denied
08-04 16:24:58.421     0     0 W audit   : audit_lost=2114 audit_rate_limit=5 audit_backlog_limit=64
08-04 16:24:58.421     0     0 E audit   : rate limit exceeded
08-04 16:40:15.360   218   218 W Binder:218_2: type=1400 audit(0.0:10884): avc: denied { read } for name="wakeup2" dev="sysfs" ino=15827 scontext=u:r:system_suspend:s0 tcontext=u:object_r:sysfs:s0 tclass=dir permissive=0
08-04 16:40:15.360   218   218 W Binder:218_2: type=1400 audit(0.0:10885): avc: denied { read } for name="wakeup0" dev="sysfs" ino=13256 scontext=u:r:system_suspend:s0 tcontext=u:object_r:sysfs:s0 tclass=dir permissive=0
08-04 16:40:15.360   218   218 W Binder:218_2: type=1400 audit(0.0:10886): avc: denied { read } for name="wakeup5" dev="sysfs" ino=16673 scontext=u:r:system_suspend:s0 tcontext=u:object_r:sysfs:s0 tclass=dir permissive=0
08-04 16:40:15.360   218   218 W Binder:218_2: type=1400 audit(0.0:10887): avc: denied { read } for name="wakeup3" dev="sysfs" ino=15877 scontext=u:r:system_suspend:s0 tcontext=u:object_r:sysfs:s0 tclass=dir permissive=0
08-04 16:40:30.977   532  4510 D WifiNl80211Manager: Scan result ready event
08-04 16:40:30.977   532  4510 D WifiNative: Scan result ready event
08-04 16:40:49.053  1312 28666 W GAv4-SVC: Network compressed POST connection error: java.io.IOException: unexpected end of stream on com.android.okhttp.Address@cb0491ce
08-04 16:25:32.118     0     0 W audit   : audit_lost=2115 audit_rate_limit=5 audit_backlog_limit=64
08-04 16:25:32.118     0     0 E audit   : rate limit exceeded
08-04 16:40:49.057   218   222 E android.system.suspend@1.0-service: Error opening kernel wakelock stats for: wakeup4: Permission denied
08-04 16:40:49.057   218   222 E android.system.suspend@1.0-service: Error opening kernel wakelock stats for: wakeup2: Permission denied
08-04 16:40:49.058   218   222 E android.system.suspend@1.0-service: Error opening kernel wakelock stats for: wakeup0: Permission denied
08-04 16:40:49.059   218   222 E android.system.suspend@1.0-service: Error opening kernel wakelock stats for: wakeup5: Permission denied
08-04 16:40:49.059   218   222 E android.system.suspend@1.0-service: Error opening kernel wakelock stats for: wakeup3: Permission denied
08-04 16:40:49.060   218   222 E android.system.suspend@1.0-service: Error opening kernel wakelock stats for: wakeup1: Permission denied
08-04 16:40:49.052   218   218 W Binder:218_2: type=1400 audit(0.0:10889): avc: denied { read } for name="wakeup4" dev="sysfs" ino=16610 scontext=u:r:system_suspend:s0 tcontext=u:object_r:sysfs:s0 tclass=dir permissive=0
08-04 16:40:49.056   218   218 W Binder:218_2: type=1400 audit(0.0:10890): avc: denied { read } for name="wakeup2" dev="sysfs" ino=15827 scontext=u:r:system_suspend:s0 tcontext=u:object_r:sysfs:s0 tclass=dir permissive=0
08-04 16:40:49.056   218   218 W Binder:218_2: type=1400 audit(0.0:10891): avc: denied { read } for name="wakeup0" dev="sysfs" ino=13256 scontext=u:r:system_suspend:s0 tcontext=u:object_r:sysfs:s0 tclass=dir permissive=0
08-04 16:40:49.056   218   218 W Binder:218_2: type=1400 audit(0.0:10892): avc: denied { read } for name="wakeup5" dev="sysfs" ino=16673 scontext=u:r:system_suspend:s0 tcontext=u:object_r:sysfs:s0 tclass=dir permissive=0
08-04 16:40:50.629   461   461 E dhcpclient: Unable to send message: Failed to send message: Network is down
08-04 16:41:00.008   699   699 D KeyguardClockSwitch: Updating clock: 441
08-04 16:41:04.258   218   222 E android.system.suspend@1.0-service: Error opening kernel wakelock stats for: wakeup4: Permission denied
08-04 16:25:47.318     0     0 W audit   : audit_lost=2116 audit_rate_limit=5 audit_backlog_limit=64
08-04 16:25:47.318     0     0 E audit   : rate limit exceeded
08-04 16:41:04.258   218   222 E android.system.suspend@1.0-service: Error opening kernel wakelock stats for: wakeup2: Permission denied
08-04 16:41:04.259   218   222 E android.system.suspend@1.0-service: Error opening kernel wakelock stats for: wakeup0: Permission denied
08-04 16:41:04.259   218   222 E android.system.suspend@1.0-service: Error opening kernel wakelock stats for: wakeup5: Permission denied
08-04 16:41:04.256   218   218 W Binder:218_2: type=1400 audit(0.0:10895): avc: denied { read } for name="wakeup4" dev="sysfs" ino=16610 scontext=u:r:system_suspend:s0 tcontext=u:object_r:sysfs:s0 tclass=dir permissive=0
08-04 16:41:04.256   218   218 W Binder:218_2: type=1400 audit(0.0:10896): avc: denied { read } for name="wakeup2" dev="sysfs" ino=15827 scontext=u:r:system_suspend:s0 tcontext=u:object_r:sysfs:s0 tclass=dir permissive=0
08-04 16:41:04.259   218   222 E android.system.suspend@1.0-service: Error opening kernel wakelock stats for: wakeup3: Permission denied
08-04 16:41:04.260   218   222 E android.system.suspend@1.0-service: Error opening kernel wakelock stats for: wakeup1: Permission denied
08-04 16:41:04.256   218   218 W Binder:218_2: type=1400 audit(0.0:10897): avc: denied { read } for name="wakeup0" dev="sysfs" ino=13256 scontext=u:r:system_suspend:s0 tcontext=u:object_r:sysfs:s0 tclass=dir permissive=0
08-04 16:41:04.256   218   218 W Binder:218_2: type=1400 audit(0.0:10898): avc: denied { read } for name="wakeup5" dev="sysfs" ino=16673 scontext=u:r:system_suspend:s0 tcontext=u:object_r:sysfs:s0 tclass=dir permissive=0
08-04 16:41:04.256   218   218 W Binder:218_2: type=1400 audit(0.0:10899): avc: denied { read } for name="wakeup3" dev="sysfs" ino=15877 scontext=u:r:system_suspend:s0 tcontext=u:object_r:sysfs:s0 tclass=dir permissive=0
08-04 16:41:54.842   461   461 E dhcpclient: Unable to send message: Failed to send message: Network is down
08-04 16:42:00.013   699   699 D KeyguardClockSwitch: Updating clock: 442
08-04 16:42:11.952   532   551 E JobScheduler.Background: App com.google.android.gms became active but still in NEVER bucket
08-04 16:42:11.958  1153 28605 E GmsTaskScheduler: sendWakeUpEvent called on SchedulerClientBroadcastStrategy
08-04 16:42:11.958  1153 28605 E WakeLock: GCM_HB_ALARM release without a matched acquire!
08-04 16:42:11.962   532   560 I DropBoxManagerService: add tag=system_server_wtf isTagEnabled=true flags=0x2
08-04 16:42:11.972   218   222 E android.system.suspend@1.0-service: Error opening kernel wakelock stats for: wakeup4: Permission denied
08-04 16:42:11.968   218   218 W Binder:218_2: type=1400 audit(0.0:10901): avc: denied { read } for name="wakeup4" dev="sysfs" ino=16610 scontext=u:r:system_suspend:s0 tcontext=u:object_r:sysfs:s0 tclass=dir permissive=0
08-04 16:42:11.972   218   222 E android.system.suspend@1.0-service: Error opening kernel wakelock stats for: wakeup2: Permission denied
08-04 16:42:11.973   218   222 E android.system.suspend@1.0-service: Error opening kernel wakelock stats for: wakeup0: Permission denied
08-04 16:42:11.968   218   218 W Binder:218_2: type=1400 audit(0.0:10902): avc: denied { read } for name="wakeup2" dev="sysfs" ino=15827 scontext=u:r:system_suspend:s0 tcontext=u:object_r:sysfs:s0 tclass=dir permissive=0
08-04 16:42:11.968   218   218 W Binder:218_2: type=1400 audit(0.0:10903): avc: denied { read } for name="wakeup0" dev="sysfs" ino=13256 scontext=u:r:system_suspend:s0 tcontext=u:object_r:sysfs:s0 tclass=dir permissive=0
08-04 16:42:11.974   218   222 E android.system.suspend@1.0-service: Error opening kernel wakelock stats for: wakeup5: Permission denied
08-04 16:42:11.972   218   218 W Binder:218_2: type=1400 audit(0.0:10904): avc: denied { read } for name="wakeup5" dev="sysfs" ino=16673 scontext=u:r:system_suspend:s0 tcontext=u:object_r:sysfs:s0 tclass=dir permissive=0
08-04 16:42:11.974   218   222 E android.system.suspend@1.0-service: Error opening kernel wakelock stats for: wakeup3: Permission denied
08-04 16:42:11.972   218   218 W Binder:218_2: type=1400 audit(0.0:10905): avc: denied { read } for name="wakeup3" dev="sysfs" ino=15877 scontext=u:r:system_suspend:s0 tcontext=u:object_r:sysfs:s0 tclass=dir permissive=0
08-04 16:42:11.974   218   222 E android.system.suspend@1.0-service: Error opening kernel wakelock stats for: wakeup1: Permission denied
08-04 16:26:55.032     0     0 W audit   : audit_lost=2117 audit_rate_limit=5 audit_backlog_limit=64
08-04 16:26:55.032     0     0 E audit   : rate limit exceeded
08-04 16:42:13.974   532   560 W BroadcastQueue: Background execution not allowed: receiving Intent { act=android.intent.action.DROPBOX_ENTRY_ADDED flg=0x10 (has extras) } to com.google.android.gms/.stats.service.DropBoxEntryAddedReceiver
08-04 16:42:13.975   532   560 W BroadcastQueue: Background execution not allowed: receiving Intent { act=android.intent.action.DROPBOX_ENTRY_ADDED flg=0x10 (has extras) } to com.google.android.gms/.chimera.GmsIntentOperationService$PersistentTrustedReceiver
08-04 16:42:21.961   532   551 E JobScheduler.Background: App com.google.android.gms became active but still in NEVER bucket
08-04 16:42:21.965   532   560 I DropBoxManagerService: add tag=system_server_wtf isTagEnabled=true flags=0x2
08-04 16:42:23.971   532   560 W BroadcastQueue: Background execution not allowed: receiving Intent { act=android.intent.action.DROPBOX_ENTRY_ADDED flg=0x10 (has extras) } to com.google.android.gms/.stats.service.DropBoxEntryAddedReceiver
08-04 16:42:23.971   532   560 W BroadcastQueue: Background execution not allowed: receiving Intent { act=android.intent.action.DROPBOX_ENTRY_ADDED flg=0x10 (has extras) } to com.google.android.gms/.chimera.GmsIntentOperationService$PersistentTrustedReceiver
08-04 16:42:27.196   218   218 W Binder:218_2: type=1400 audit(0.0:10907): avc: denied { read } for name="wakeup4" dev="sysfs" ino=16610 scontext=u:r:system_suspend:s0 tcontext=u:object_r:sysfs:s0 tclass=dir permissive=0
08-04 16:42:27.196   218   218 W Binder:218_2: type=1400 audit(0.0:10908): avc: denied { read } for name="wakeup2" dev="sysfs" ino=15827 scontext=u:r:system_suspend:s0 tcontext=u:object_r:sysfs:s0 tclass=dir permissive=0
08-04 16:42:27.196   218   218 W Binder:218_2: type=1400 audit(0.0:10909): avc: denied { read } for name="wakeup0" dev="sysfs" ino=13256 scontext=u:r:system_suspend:s0 tcontext=u:object_r:sysfs:s0 tclass=dir permissive=0
08-04 16:42:27.196   218   218 W Binder:218_2: type=1400 audit(0.0:10910): avc: denied { read } for name="wakeup5" dev="sysfs" ino=16673 scontext=u:r:system_suspend:s0 tcontext=u:object_r:sysfs:s0 tclass=dir permissive=0
08-04 16:42:27.197   218   222 E android.system.suspend@1.0-service: Error opening kernel wakelock stats for: wakeup4: Permission denied
08-04 16:42:27.197   218   222 E android.system.suspend@1.0-service: Error opening kernel wakelock stats for: wakeup2: Permission denied
08-04 16:42:27.197   218   222 E android.system.suspend@1.0-service: Error opening kernel wakelock stats for: wakeup0: Permission denied
08-04 16:42:27.198   218   222 E android.system.suspend@1.0-service: Error opening kernel wakelock stats for: wakeup5: Permission denied
08-04 16:42:27.198   218   222 E android.system.suspend@1.0-service: Error opening kernel wakelock stats for: wakeup3: Permission denied
08-04 16:42:27.198   218   222 E android.system.suspend@1.0-service: Error opening kernel wakelock stats for: wakeup1: Permission denied
08-04 16:42:27.196   218   218 W Binder:218_2: type=1400 audit(0.0:10911): avc: denied { read } for name="wakeup3" dev="sysfs" ino=15877 scontext=u:r:system_suspend:s0 tcontext=u:object_r:sysfs:s0 tclass=dir permissive=0
08-04 16:27:10.256     0     0 W audit   : audit_lost=2118 audit_rate_limit=5 audit_backlog_limit=64
08-04 16:27:10.256     0     0 E audit   : rate limit exceeded
08-04 16:42:49.113   218   222 E android.system.suspend@1.0-service: Error opening kernel wakelock stats for: wakeup4: Permission denied
08-04 16:42:49.112   218   218 W Binder:218_2: type=1400 audit(0.0:10913): avc: denied { read } for name="wakeup4" dev="sysfs" ino=16610 scontext=u:r:system_suspend:s0 tcontext=u:object_r:sysfs:s0 tclass=dir permissive=0
08-04 16:42:49.113   218   222 E android.system.suspend@1.0-service: Error opening kernel wakelock stats for: wakeup2: Permission denied
08-04 16:42:49.114   218   222 E android.system.suspend@1.0-service: Error opening kernel wakelock stats for: wakeup0: Permission denied
08-04 16:42:49.114   218   222 E android.system.suspend@1.0-service: Error opening kernel wakelock stats for: wakeup5: Permission denied
08-04 16:42:49.115   218   222 E android.system.suspend@1.0-service: Error opening kernel wakelock stats for: wakeup3: Permission denied
08-04 16:42:49.115   218   222 E android.system.suspend@1.0-service: Error opening kernel wakelock stats for: wakeup1: Permission denied
08-04 16:27:32.173     0     0 W audit   : audit_lost=2119 audit_rate_limit=5 audit_backlog_limit=64
08-04 16:27:32.173     0     0 E audit   : rate limit exceeded
08-04 16:42:57.289  1153 28616 E WakeLock: GCM_HB_ALARM release without a matched acquire!
08-04 16:42:57.289  1153 28616 W WakeLock: GCM_HB_ALARM counter does not exist
08-04 16:42:57.293   532   630 D ConnectivityService: reportNetworkConnectivity(101, false) by 10122
08-04 16:42:57.299   813  3206 D NetworkMonitor/101: Forcing reevaluation for UID 10122. Dns signal count: 0
08-04 16:42:57.369   813 28721 D NetworkMonitor/101: PROBE_DNS connectivitycheck.gstatic.com 67ms OK 142.251.175.94,2404:6800:4003:c1c::5e
08-04 16:42:57.376   813 28720 D NetworkMonitor/101: PROBE_DNS www.google.com 74ms OK 216.239.38.120,2001:4860:4802:32::78
08-04 16:42:57.383  1153 28717 I NetworkManagementSocketTagger: tagSocketFd(-1, 536871943, -1) failed with errno-9
08-04 16:42:57.493   813 28721 D NetworkMonitor/101: PROBE_HTTP http://connectivitycheck.gstatic.com/generate_204 time=119ms ret=204 request={Connection=[close], User-Agent=[Mozilla/5.0 (X11; Linux x86_64) AppleWebKit/537.36 (KHTML, like Gecko) Chrome/60.0.3112.32 Safari/537.36]} headers={null=[HTTP/1.1 204 No Content], Connection=[close], Content-Length=[0], Cross-Origin-Resource-Policy=[cross-origin], Date=[Sun, 04 Aug 2024 09:42:58 GMT], X-Android-Received-Millis=[1722764577491], X-Android-Response-Source=[NETWORK 204], X-Android-Selected-Protocol=[http/1.1], X-Android-Sent-Millis=[1722764577433]}
08-04 16:42:57.524  1153 28717 E GmsTaskScheduler: sendWakeUpEvent called on SchedulerClientBroadcastStrategy
08-04 16:42:57.555   813 28720 D NetworkMonitor/101: PROBE_HTTPS https://www.google.com/generate_204 time=177ms ret=204 request={Connection=[close], User-Agent=[Mozilla/5.0 (X11; Linux x86_64) AppleWebKit/537.36 (KHTML, like Gecko) Chrome/60.0.3112.32 Safari/537.36]} headers={null=[HTTP/1.1 204 No Content], Alt-Svc=[h3=":443"; ma=2592000,h3-29=":443"; ma=2592000], Connection=[close], Content-Length=[0], Cross-Origin-Resource-Policy=[cross-origin], Date=[Sun, 04 Aug 2024 09:42:58 GMT], X-Android-Received-Millis=[1722764577554], X-Android-Response-Source=[NETWORK 204], X-Android-Selected-Protocol=[http/1.1], X-Android-Sent-Millis=[1722764577500]}
08-04 16:42:57.563   813 28719 D NetworkMonitor/101: isCaptivePortal: isSuccessful()=true isPortal()=false RedirectUrl=null isPartialConnectivity()=false Time=256ms
08-04 16:42:57.563   532   560 W BroadcastQueue: Background execution not allowed: receiving Intent { act=android.net.conn.NETWORK_CONDITIONS_MEASURED flg=0x10 (has extras) } to com.google.android.gms/.chimera.GmsIntentOperationService$PersistentTrustedReceiver
08-04 16:42:57.566   532   630 D ConnectivityService: [101 WIFI] validation passed
08-04 16:42:57.606  1153 28729 E GmsTaskScheduler: sendWakeUpEvent called on SchedulerClientBroadcastStrategy
08-04 16:42:58.171   461   461 E dhcpclient: Unable to send message: Failed to send message: Network is down
08-04 16:43:00.008   699   699 D KeyguardClockSwitch: Updating clock: 443
08-04 16:43:11.006   532  6047 D WifiNl80211Manager: Scan result ready event
08-04 16:43:11.006   532  6047 D WifiNative: Scan result ready event
08-04 16:43:12.767   218   222 E android.system.suspend@1.0-service: Error opening kernel wakelock stats for: wakeup4: Permission denied
08-04 16:43:12.764   218   218 W Binder:218_2: type=1400 audit(0.0:10919): avc: denied { read } for name="wakeup4" dev="sysfs" ino=16610 scontext=u:r:system_suspend:s0 tcontext=u:object_r:sysfs:s0 tclass=dir permissive=0
08-04 16:43:12.768   218   222 E android.system.suspend@1.0-service: Error opening kernel wakelock stats for: wakeup2: Permission denied
08-04 16:43:12.769   218   222 E android.system.suspend@1.0-service: Error opening kernel wakelock stats for: wakeup0: Permission denied
08-04 16:43:12.770   218   222 E android.system.suspend@1.0-service: Error opening kernel wakelock stats for: wakeup5: Permission denied
08-04 16:43:12.771   218   222 E android.system.suspend@1.0-service: Error opening kernel wakelock stats for: wakeup3: Permission denied
08-04 16:43:12.771   218   222 E android.system.suspend@1.0-service: Error opening kernel wakelock stats for: wakeup1: Permission denied
08-04 16:27:55.829     0     0 W audit   : audit_lost=2120 audit_rate_limit=5 audit_backlog_limit=64
08-04 16:27:55.829     0     0 E audit   : rate limit exceeded
08-04 16:43:12.764   218   218 W Binder:218_2: type=1400 audit(0.0:10920): avc: denied { read } for name="wakeup2" dev="sysfs" ino=15827 scontext=u:r:system_suspend:s0 tcontext=u:object_r:sysfs:s0 tclass=dir permissive=0
08-04 16:43:12.764   218   218 W Binder:218_2: type=1400 audit(0.0:10921): avc: denied { read } for name="wakeup0" dev="sysfs" ino=13256 scontext=u:r:system_suspend:s0 tcontext=u:object_r:sysfs:s0 tclass=dir permissive=0
08-04 16:43:12.768   218   218 W Binder:218_2: type=1400 audit(0.0:10922): avc: denied { read } for name="wakeup5" dev="sysfs" ino=16673 scontext=u:r:system_suspend:s0 tcontext=u:object_r:sysfs:s0 tclass=dir permissive=0
08-04 16:43:12.768   218   218 W Binder:218_2: type=1400 audit(0.0:10923): avc: denied { read } for name="wakeup3" dev="sysfs" ino=15877 scontext=u:r:system_suspend:s0 tcontext=u:object_r:sysfs:s0 tclass=dir permissive=0
08-04 16:43:25.712   218   218 W Binder:218_2: type=1400 audit(0.0:10925): avc: denied { read } for name="wakeup4" dev="sysfs" ino=16610 scontext=u:r:system_suspend:s0 tcontext=u:object_r:sysfs:s0 tclass=dir permissive=0
08-04 16:43:25.712   218   218 W Binder:218_2: type=1400 audit(0.0:10926): avc: denied { read } for name="wakeup2" dev="sysfs" ino=15827 scontext=u:r:system_suspend:s0 tcontext=u:object_r:sysfs:s0 tclass=dir permissive=0
08-04 16:43:25.716   218   218 W Binder:218_2: type=1400 audit(0.0:10927): avc: denied { read } for name="wakeup0" dev="sysfs" ino=13256 scontext=u:r:system_suspend:s0 tcontext=u:object_r:sysfs:s0 tclass=dir permissive=0
08-04 16:43:25.715   218   222 E android.system.suspend@1.0-service: Error opening kernel wakelock stats for: wakeup4: Permission denied
08-04 16:43:25.716   218   222 E android.system.suspend@1.0-service: Error opening kernel wakelock stats for: wakeup2: Permission denied
08-04 16:43:25.717   218   222 E android.system.suspend@1.0-service: Error opening kernel wakelock stats for: wakeup0: Permission denied
08-04 16:43:25.725   218   222 E android.system.suspend@1.0-service: Error opening kernel wakelock stats for: wakeup5: Permission denied
08-04 16:43:25.726   218   222 E android.system.suspend@1.0-service: Error opening kernel wakelock stats for: wakeup3: Permission denied
08-04 16:43:25.726   218   222 E android.system.suspend@1.0-service: Error opening kernel wakelock stats for: wakeup1: Permission denied
08-04 16:43:25.724   218   218 W Binder:218_2: type=1400 audit(0.0:10928): avc: denied { read } for name="wakeup5" dev="sysfs" ino=16673 scontext=u:r:system_suspend:s0 tcontext=u:object_r:sysfs:s0 tclass=dir permissive=0
08-04 16:43:25.724   218   218 W Binder:218_2: type=1400 audit(0.0:10929): avc: denied { read } for name="wakeup3" dev="sysfs" ino=15877 scontext=u:r:system_suspend:s0 tcontext=u:object_r:sysfs:s0 tclass=dir permissive=0
08-04 16:28:08.784     0     0 W audit   : audit_lost=2121 audit_rate_limit=5 audit_backlog_limit=64
08-04 16:28:08.784     0     0 E audit   : rate limit exceeded
08-04 16:43:40.936   218   218 W Binder:218_2: type=1400 audit(0.0:10931): avc: denied { read } for name="wakeup4" dev="sysfs" ino=16610 scontext=u:r:system_suspend:s0 tcontext=u:object_r:sysfs:s0 tclass=dir permissive=0
08-04 16:43:40.937   218   222 E android.system.suspend@1.0-service: Error opening kernel wakelock stats for: wakeup4: Permission denied
08-04 16:43:40.938   218   222 E android.system.suspend@1.0-service: Error opening kernel wakelock stats for: wakeup2: Permission denied
08-04 16:43:40.938   218   222 E android.system.suspend@1.0-service: Error opening kernel wakelock stats for: wakeup0: Permission denied
08-04 16:43:40.940   218   222 E android.system.suspend@1.0-service: Error opening kernel wakelock stats for: wakeup5: Permission denied
08-04 16:43:40.936   218   218 W Binder:218_2: type=1400 audit(0.0:10934): avc: denied { read } for name="wakeup5" dev="sysfs" ino=16673 scontext=u:r:system_suspend:s0 tcontext=u:object_r:sysfs:s0 tclass=dir permissive=0
08-04 16:43:40.936   218   218 W Binder:218_2: type=1400 audit(0.0:10935): avc: denied { read } for name="wakeup3" dev="sysfs" ino=15877 scontext=u:r:system_suspend:s0 tcontext=u:object_r:sysfs:s0 tclass=dir permissive=0
08-04 16:28:23.999     0     0 W audit   : audit_lost=2122 audit_rate_limit=5 audit_backlog_limit=64
08-04 16:28:23.999     0     0 E audit   : rate limit exceeded
08-04 16:43:40.940   218   222 E android.system.suspend@1.0-service: Error opening kernel wakelock stats for: wakeup3: Permission denied
08-04 16:43:40.941   218   222 E android.system.suspend@1.0-service: Error opening kernel wakelock stats for: wakeup1: Permission denied
08-04 16:44:00.014   699   699 D KeyguardClockSwitch: Updating clock: 444
08-04 16:44:03.160   461   461 E dhcpclient: Unable to send message: Failed to send message: Network is down
08-04 16:45:00.005   699   699 D KeyguardClockSwitch: Updating clock: 445
08-04 16:45:06.834   461   461 E dhcpclient: Unable to send message: Failed to send message: Network is down
08-04 16:45:50.993   532  6047 D WifiNl80211Manager: Scan result ready event
08-04 16:45:50.993   532  6047 D WifiNative: Scan result ready event
08-04 16:46:00.006   699   699 D KeyguardClockSwitch: Updating clock: 446
08-04 16:46:11.511   461   461 E dhcpclient: Unable to send message: Failed to send message: Network is down
08-04 16:46:17.715  1153 28717 E GmsTaskScheduler: sendWakeUpEvent called on SchedulerClientBroadcastStrategy
08-04 16:46:17.723  1153 28729 E GmsTaskScheduler: sendWakeUpEvent called on SchedulerClientBroadcastStrategy
08-04 16:46:17.720   218   218 W Binder:218_2: type=1400 audit(0.0:10937): avc: denied { read } for name="wakeup4" dev="sysfs" ino=16610 scontext=u:r:system_suspend:s0 tcontext=u:object_r:sysfs:s0 tclass=dir permissive=0
08-04 16:46:17.724   218   222 E android.system.suspend@1.0-service: Error opening kernel wakelock stats for: wakeup4: Permission denied
08-04 16:46:17.725   218   222 E android.system.suspend@1.0-service: Error opening kernel wakelock stats for: wakeup2: Permission denied
08-04 16:46:17.725   218   222 E android.system.suspend@1.0-service: Error opening kernel wakelock stats for: wakeup0: Permission denied
08-04 16:46:17.720   218   218 W Binder:218_2: type=1400 audit(0.0:10938): avc: denied { read } for name="wakeup2" dev="sysfs" ino=15827 scontext=u:r:system_suspend:s0 tcontext=u:object_r:sysfs:s0 tclass=dir permissive=0
08-04 16:46:17.720   218   218 W Binder:218_2: type=1400 audit(0.0:10939): avc: denied { read } for name="wakeup0" dev="sysfs" ino=13256 scontext=u:r:system_suspend:s0 tcontext=u:object_r:sysfs:s0 tclass=dir permissive=0
08-04 16:46:17.726   218   222 E android.system.suspend@1.0-service: Error opening kernel wakelock stats for: wakeup5: Permission denied
08-04 16:46:17.724   218   218 W Binder:218_2: type=1400 audit(0.0:10940): avc: denied { read } for name="wakeup5" dev="sysfs" ino=16673 scontext=u:r:system_suspend:s0 tcontext=u:object_r:sysfs:s0 tclass=dir permissive=0
08-04 16:31:00.784     0     0 W audit   : audit_lost=2123 audit_rate_limit=5 audit_backlog_limit=64
08-04 16:31:00.784     0     0 E audit   : rate limit exceeded
08-04 16:46:17.726   218   222 E android.system.suspend@1.0-service: Error opening kernel wakelock stats for: wakeup3: Permission denied
08-04 16:46:17.726   218   222 E android.system.suspend@1.0-service: Error opening kernel wakelock stats for: wakeup1: Permission denied
08-04 16:46:17.724   218   218 W Binder:218_2: type=1400 audit(0.0:10941): avc: denied { read } for name="wakeup3" dev="sysfs" ino=15877 scontext=u:r:system_suspend:s0 tcontext=u:object_r:sysfs:s0 tclass=dir permissive=0
08-04 16:46:32.960   218   218 W Binder:218_2: type=1400 audit(0.0:10943): avc: denied { read } for name="wakeup4" dev="sysfs" ino=16610 scontext=u:r:system_suspend:s0 tcontext=u:object_r:sysfs:s0 tclass=dir permissive=0
08-04 16:46:32.961   218   222 E android.system.suspend@1.0-service: Error opening kernel wakelock stats for: wakeup4: Permission denied
08-04 16:46:32.962   218   222 E android.system.suspend@1.0-service: Error opening kernel wakelock stats for: wakeup2: Permission denied
08-04 16:46:32.962   218   222 E android.system.suspend@1.0-service: Error opening kernel wakelock stats for: wakeup0: Permission denied
08-04 16:46:32.960   218   218 W Binder:218_2: type=1400 audit(0.0:10944): avc: denied { read } for name="wakeup2" dev="sysfs" ino=15827 scontext=u:r:system_suspend:s0 tcontext=u:object_r:sysfs:s0 tclass=dir permissive=0
08-04 16:46:32.960   218   218 W Binder:218_2: type=1400 audit(0.0:10945): avc: denied { read } for name="wakeup0" dev="sysfs" ino=13256 scontext=u:r:system_suspend:s0 tcontext=u:object_r:sysfs:s0 tclass=dir permissive=0
08-04 16:46:32.965   218   222 E android.system.suspend@1.0-service: Error opening kernel wakelock stats for: wakeup5: Permission denied
08-04 16:46:32.964   218   218 W Binder:218_2: type=1400 audit(0.0:10946): avc: denied { read } for name="wakeup5" dev="sysfs" ino=16673 scontext=u:r:system_suspend:s0 tcontext=u:object_r:sysfs:s0 tclass=dir permissive=0
08-04 16:46:32.964   218   218 W Binder:218_2: type=1400 audit(0.0:10947): avc: denied { read } for name="wakeup3" dev="sysfs" ino=15877 scontext=u:r:system_suspend:s0 tcontext=u:object_r:sysfs:s0 tclass=dir permissive=0
08-04 16:46:32.966   218   222 E android.system.suspend@1.0-service: Error opening kernel wakelock stats for: wakeup3: Permission denied
08-04 16:46:32.966   218   222 E android.system.suspend@1.0-service: Error opening kernel wakelock stats for: wakeup1: Permission denied
08-04 16:31:16.024     0     0 W audit   : audit_lost=2124 audit_rate_limit=5 audit_backlog_limit=64
08-04 16:31:16.024     0     0 E audit   : rate limit exceeded
08-04 16:46:49.455   218   222 E android.system.suspend@1.0-service: Error opening kernel wakelock stats for: wakeup4: Permission denied
08-04 16:46:49.452   218   218 W Binder:218_2: type=1400 audit(0.0:10949): avc: denied { read } for name="wakeup4" dev="sysfs" ino=16610 scontext=u:r:system_suspend:s0 tcontext=u:object_r:sysfs:s0 tclass=dir permissive=0
08-04 16:46:49.456   218   218 W Binder:218_2: type=1400 audit(0.0:10952): avc: denied { read } for name="wakeup5" dev="sysfs" ino=16673 scontext=u:r:system_suspend:s0 tcontext=u:object_r:sysfs:s0 tclass=dir permissive=0
08-04 16:31:32.516     0     0 W audit   : audit_lost=2125 audit_rate_limit=5 audit_backlog_limit=64
08-04 16:31:32.516     0     0 E audit   : rate limit exceeded
08-04 16:46:49.456   218   218 W Binder:218_2: type=1400 audit(0.0:10953): avc: denied { read } for name="wakeup3" dev="sysfs" ino=15877 scontext=u:r:system_suspend:s0 tcontext=u:object_r:sysfs:s0 tclass=dir permissive=0
08-04 16:46:49.457   218   222 E android.system.suspend@1.0-service: Error opening kernel wakelock stats for: wakeup5: Permission denied
08-04 16:46:49.457   218   222 E android.system.suspend@1.0-service: Error opening kernel wakelock stats for: wakeup3: Permission denied
08-04 16:46:49.458   218   222 E android.system.suspend@1.0-service: Error opening kernel wakelock stats for: wakeup1: Permission denied
08-04 16:47:00.011   699   699 D KeyguardClockSwitch: Updating clock: 447
08-04 16:47:04.706   218   222 E android.system.suspend@1.0-service: Error opening kernel wakelock stats for: wakeup4: Permission denied
08-04 16:47:04.707   218   222 E android.system.suspend@1.0-service: Error opening kernel wakelock stats for: wakeup2: Permission denied
08-04 16:47:04.707   218   222 E android.system.suspend@1.0-service: Error opening kernel wakelock stats for: wakeup0: Permission denied
08-04 16:47:04.708   218   222 E android.system.suspend@1.0-service: Error opening kernel wakelock stats for: wakeup5: Permission denied
08-04 16:47:04.709   218   222 E android.system.suspend@1.0-service: Error opening kernel wakelock stats for: wakeup3: Permission denied
08-04 16:47:04.704   218   218 W Binder:218_2: type=1400 audit(0.0:10955): avc: denied { read } for name="wakeup4" dev="sysfs" ino=16610 scontext=u:r:system_suspend:s0 tcontext=u:object_r:sysfs:s0 tclass=dir permissive=0
08-04 16:31:47.767     0     0 W audit   : audit_lost=2126 audit_rate_limit=5 audit_backlog_limit=64
08-04 16:31:47.767     0     0 E audit   : rate limit exceeded
08-04 16:47:16.139   461   461 E dhcpclient: Unable to send message: Failed to send message: Network is down
08-04 16:47:49.492   218   218 W Binder:218_2: type=1400 audit(0.0:10961): avc: denied { read } for name="wakeup4" dev="sysfs" ino=16610 scontext=u:r:system_suspend:s0 tcontext=u:object_r:sysfs:s0 tclass=dir permissive=0
08-04 16:47:49.492   218   218 W Binder:218_2: type=1400 audit(0.0:10962): avc: denied { read } for name="wakeup2" dev="sysfs" ino=15827 scontext=u:r:system_suspend:s0 tcontext=u:object_r:sysfs:s0 tclass=dir permissive=0
08-04 16:47:49.494   218   222 E android.system.suspend@1.0-service: Error opening kernel wakelock stats for: wakeup4: Permission denied
08-04 16:47:49.495   218   222 E android.system.suspend@1.0-service: Error opening kernel wakelock stats for: wakeup2: Permission denied
08-04 16:47:49.495   218   222 E android.system.suspend@1.0-service: Error opening kernel wakelock stats for: wakeup0: Permission denied
08-04 16:47:49.492   218   218 W Binder:218_2: type=1400 audit(0.0:10963): avc: denied { read } for name="wakeup0" dev="sysfs" ino=13256 scontext=u:r:system_suspend:s0 tcontext=u:object_r:sysfs:s0 tclass=dir permissive=0
08-04 16:47:49.492   218   218 W Binder:218_2: type=1400 audit(0.0:10964): avc: denied { read } for name="wakeup5" dev="sysfs" ino=16673 scontext=u:r:system_suspend:s0 tcontext=u:object_r:sysfs:s0 tclass=dir permissive=0
08-04 16:47:49.492   218   218 W Binder:218_2: type=1400 audit(0.0:10965): avc: denied { read } for name="wakeup3" dev="sysfs" ino=15877 scontext=u:r:system_suspend:s0 tcontext=u:object_r:sysfs:s0 tclass=dir permissive=0
08-04 16:32:32.554     0     0 W audit   : audit_lost=2127 audit_rate_limit=5 audit_backlog_limit=64
08-04 16:32:32.554     0     0 E audit   : rate limit exceeded
08-04 16:47:49.496   218   222 E android.system.suspend@1.0-service: Error opening kernel wakelock stats for: wakeup5: Permission denied
08-04 16:47:49.496   218   222 E android.system.suspend@1.0-service: Error opening kernel wakelock stats for: wakeup3: Permission denied
08-04 16:47:49.496   218   222 E android.system.suspend@1.0-service: Error opening kernel wakelock stats for: wakeup1: Permission denied
08-04 16:48:00.023   699   699 D KeyguardClockSwitch: Updating clock: 448
08-04 16:48:04.612   218   218 W Binder:218_2: type=1400 audit(0.0:10967): avc: denied { read } for name="wakeup4" dev="sysfs" ino=16610 scontext=u:r:system_suspend:s0 tcontext=u:object_r:sysfs:s0 tclass=dir permissive=0
08-04 16:48:04.616   218   222 E android.system.suspend@1.0-service: Error opening kernel wakelock stats for: wakeup4: Permission denied
08-04 16:48:04.616   218   222 E android.system.suspend@1.0-service: Error opening kernel wakelock stats for: wakeup2: Permission denied
08-04 16:48:04.612   218   218 W Binder:218_2: type=1400 audit(0.0:10968): avc: denied { read } for name="wakeup2" dev="sysfs" ino=15827 scontext=u:r:system_suspend:s0 tcontext=u:object_r:sysfs:s0 tclass=dir permissive=0
08-04 16:48:04.612   218   218 W Binder:218_2: type=1400 audit(0.0:10969): avc: denied { read } for name="wakeup0" dev="sysfs" ino=13256 scontext=u:r:system_suspend:s0 tcontext=u:object_r:sysfs:s0 tclass=dir permissive=0
08-04 16:48:04.617   218   222 E android.system.suspend@1.0-service: Error opening kernel wakelock stats for: wakeup0: Permission denied
08-04 16:48:04.619   218   222 E android.system.suspend@1.0-service: Error opening kernel wakelock stats for: wakeup5: Permission denied
08-04 16:48:04.619   218   222 E android.system.suspend@1.0-service: Error opening kernel wakelock stats for: wakeup3: Permission denied
08-04 16:48:04.620   218   222 E android.system.suspend@1.0-service: Error opening kernel wakelock stats for: wakeup1: Permission denied
08-04 16:32:47.678     0     0 W audit   : audit_lost=2128 audit_rate_limit=5 audit_backlog_limit=64
08-04 16:32:47.678     0     0 E audit   : rate limit exceeded
08-04 16:48:04.616   218   218 W Binder:218_2: type=1400 audit(0.0:10970): avc: denied { read } for name="wakeup5" dev="sysfs" ino=16673 scontext=u:r:system_suspend:s0 tcontext=u:object_r:sysfs:s0 tclass=dir permissive=0
08-04 16:48:04.616   218   218 W Binder:218_2: type=1400 audit(0.0:10971): avc: denied { read } for name="wakeup3" dev="sysfs" ino=15877 scontext=u:r:system_suspend:s0 tcontext=u:object_r:sysfs:s0 tclass=dir permissive=0
08-04 16:48:15.319   532  6047 I ActivityManager: Killing 27236:com.google.android.packageinstaller/u0a78 (adj 965): empty for 1803s
08-04 16:48:15.358   306   306 I Zygote  : Process 27236 exited due to signal 9 (Killed)
08-04 16:48:15.368   532   562 I libprocessgroup: Successfully killed process cgroup uid 10078 pid 27236 in 45ms
08-04 16:48:19.877   461   461 E dhcpclient: Unable to send message: Failed to send message: Network is down
08-04 16:48:31.033   532  6047 D WifiNl80211Manager: Scan result ready event
08-04 16:48:31.033   532  6047 D WifiNative: Scan result ready event
08-04 16:48:41.044   218   218 W Binder:218_2: type=1400 audit(0.0:10973): avc: denied { read } for name="wakeup4" dev="sysfs" ino=16610 scontext=u:r:system_suspend:s0 tcontext=u:object_r:sysfs:s0 tclass=dir permissive=0
08-04 16:48:41.048   218   218 W Binder:218_2: type=1400 audit(0.0:10974): avc: denied { read } for name="wakeup2" dev="sysfs" ino=15827 scontext=u:r:system_suspend:s0 tcontext=u:object_r:sysfs:s0 tclass=dir permissive=0
08-04 16:48:41.048   218   218 W Binder:218_2: type=1400 audit(0.0:10975): avc: denied { read } for name="wakeup0" dev="sysfs" ino=13256 scontext=u:r:system_suspend:s0 tcontext=u:object_r:sysfs:s0 tclass=dir permissive=0
08-04 16:48:41.048   218   218 W Binder:218_2: type=1400 audit(0.0:10976): avc: denied { read } for name="wakeup5" dev="sysfs" ino=16673 scontext=u:r:system_suspend:s0 tcontext=u:object_r:sysfs:s0 tclass=dir permissive=0
08-04 16:48:41.048   218   218 W Binder:218_2: type=1400 audit(0.0:10977): avc: denied { read } for name="wakeup3" dev="sysfs" ino=15877 scontext=u:r:system_suspend:s0 tcontext=u:object_r:sysfs:s0 tclass=dir permissive=0
08-04 16:33:24.109     0     0 W audit   : audit_lost=2129 audit_rate_limit=5 audit_backlog_limit=64
08-04 16:33:24.109     0     0 E audit   : rate limit exceeded
08-04 16:48:41.048   218   222 E android.system.suspend@1.0-service: Error opening kernel wakelock stats for: wakeup4: Permission denied
