08-04 15:14:28.073   532   561 I ActivityManager: Start proc 28079:com.google.android.apps.messaging/u0a128 for broadcast {com.google.android.apps.messaging/androidx.work.impl.background.systemalarm.RescheduleReceiver}
08-04 15:14:28.073   532   559 I UsageStatsService: User[0] Time changed in by 920 seconds
08-04 15:14:28.073   532   559 I UsageStatsService: User[0] Flushing usage stats to disk
08-04 15:14:28.081 28079 28079 I libc    : SetHeapTaggingLevel: tag level set to 0
08-04 15:14:28.088   379   404 I adbd    : jdwp connection from 28079
08-04 15:14:28.108   532   559 I UsageStatsDatabase: Time changed by +15m20s319ms. files deleted: 0 files moved: 5
08-04 15:14:28.113   532   559 E IntervalStats: Unable to parse usage stats package 150
08-04 15:14:28.113   532   559 E IntervalStats: Unable to parse usage stats package 154
08-04 15:14:28.113   532   559 E IntervalStats: Unable to parse usage stats package 216
08-04 15:14:28.114   532   559 E IntervalStats: Unable to parse usage stats package 150
08-04 15:14:28.114   532   559 E IntervalStats: Unable to parse usage stats package 154
08-04 15:14:28.114   532   559 E IntervalStats: Unable to parse usage stats package 216
08-04 15:14:28.116   532   559 E IntervalStats: Unable to parse usage stats package 150
08-04 15:14:28.116   532   559 E IntervalStats: Unable to parse usage stats package 154
08-04 15:14:28.116   532   559 E IntervalStats: Unable to parse usage stats package 216
08-04 15:14:28.116   532   559 I UsageStatsService: User[0] Rollover scheduled @ 2024-08-05 10:18:45(1722827925222)
08-04 15:14:28.123 28079 28079 D ApplicationLoaders: Returning zygote-cached class loader: /system/framework/android.test.base.jar
08-04 15:14:28.124 28079 28079 I .apps.messagin: The ClassLoaderContext is a special shared library.
08-04 15:14:28.127 28079 28079 I .apps.messagin: The ClassLoaderContext is a special shared library.
08-04 15:14:28.127 28079 28079 D nativeloader: classloader namespace configured for unbundled product apk. library_path=/product/app/PrebuiltBugle/lib/arm64:/product/app/PrebuiltBugle/PrebuiltBugle.apk!/lib/arm64-v8a:/product/lib64:/system/product/lib64
08-04 15:14:28.141 28079 28079 D NetworkSecurityConfig: No Network Security Config specified, using platform default
08-04 15:14:28.141 28079 28079 D NetworkSecurityConfig: No Network Security Config specified, using platform default
08-04 15:14:28.146 28079 28079 I MultiDex: VM with version 2.1.0 has multidex support
08-04 15:14:28.146 28079 28079 I MultiDex: install
08-04 15:14:28.146 28079 28079 I MultiDex: VM has multidex support, MultiDex support library is disabled.
08-04 15:14:28.146 28079 28079 I MultiDex: install
08-04 15:14:28.146 28079 28079 I MultiDex: VM has multidex support, MultiDex support library is disabled.
08-04 15:14:28.167 28079 28103 I DynamiteModule: Considering local module com.google.android.gms.measurement.dynamite:13 and remote module com.google.android.gms.measurement.dynamite:0
08-04 15:14:28.167 28079 28103 I DynamiteModule: Selected local version of com.google.android.gms.measurement.dynamite
08-04 15:14:28.168 28079 28079 I FirebaseInitProvider: FirebaseApp initialization successful
08-04 15:14:28.203 28079 28079 I adjo    : SslGuard completed installation.
08-04 15:14:28.206 28079 28079 W .apps.messagin: Accessing hidden field Ljava/util/Collections$SynchronizedCollection;->mutex:Ljava/lang/Object; (greylist-max-o, reflection, denied)
08-04 15:14:28.206 28079 28079 W .apps.messagin: Accessing hidden method Ljava/util/Collections$SynchronizedSet;-><init>(Ljava/util/Set;Ljava/lang/Object;)V (greylist-max-o, reflection, denied)
08-04 15:14:28.206 28079 28079 W .apps.messagin: Accessing hidden method Ljava/util/Collections$SynchronizedCollection;-><init>(Ljava/util/Collection;Ljava/lang/Object;)V (greylist-max-o, reflection, denied)
08-04 15:14:28.208 28079 28113 I PrimesApiImpl: background initialization
08-04 15:14:28.211 28079 28111 I CarrierServices: [1840] wdp.b: Reinitialize CSLib Flags: com.google.android.ims.library
08-04 15:14:28.214 28079 28117 I Bugle   : GServicesValues:
08-04 15:14:28.214 28079 28117 I Bugle   : bugle_enable_primes_battery_metrics: true
08-04 15:14:28.214 28079 28117 I Bugle   : bugle_enable_primes_crash_metrics: true
08-04 15:14:28.214 28079 28117 I Bugle   : bugle_enable_primes_latency_metrics: true
08-04 15:14:28.214 28079 28117 I Bugle   : bugle_enable_primes_memory_metrics: true
08-04 15:14:28.214 28079 28117 I Bugle   : bugle_enable_primes_network_metrics: true
08-04 15:14:28.214 28079 28117 I Bugle   : bugle_enable_primes_package_metrics: true
08-04 15:14:28.214 28079 28117 I Bugle   : bugle_max_telemetry_upload_retries: 10
08-04 15:14:28.214 28079 28117 I Bugle   : bugle_sticker_set_list_version: 3
08-04 15:14:28.216 28079 28098 D TelephonyRegistryManager: onSubscriptionsChangedListener callback received.
08-04 15:14:28.217 28079 28079 I Bugle   : BugleApplicationBase: Bugle version: 6.0.117 (xorn_rc10_alldpi.arm64-v8a.phone)
08-04 15:14:28.217 28079 28079 D AppCompatDelegate: setDefaultNightMode. New:-1, Current:-100
08-04 15:14:28.218 28079 28115 D CompatibilityChangeReporter: Compat change id reported: 147600208; UID 10128; state: ENABLED
08-04 15:14:28.218 28079 28079 D WM-RescheduleReceiver: Received intent Intent { act=android.intent.action.TIME_SET flg=0x25200010 cmp=com.google.android.apps.messaging/androidx.work.impl.background.systemalarm.RescheduleReceiver }
08-04 15:14:28.222 28079 28111 I Bugle   : Initializing EmojiCompat
08-04 15:14:28.222 28079 28079 I TetheringManager: registerTetheringEventCallback:com.google.android.apps.messaging
08-04 15:14:28.228  1312  2286 I FontsContentProvider: Received query Noto Color Emoji Compat, URI content://com.google.android.gms.fonts
08-04 15:14:28.229  1312  2286 I FontsContentProvider: Query [Noto Color Emoji Compat] resolved to {Noto Color Emoji Compat, wdth 100.0, wght 400, ital 0.0, bestEffort false}
08-04 15:14:28.246  1312  2286 I FontsContentProvider: Fetch {Noto Color Emoji Compat, wdth 100.0, wght 400, ital 0.0, bestEffort false} end status Status{statusCode=SUCCESS, resolution=null}
08-04 15:14:28.256 28079 28114 I BugleRcsEngine: [1843] xgu.<init>: Initializing SimStateTracker with multi-sim support
08-04 15:14:28.256 28079 28114 I BugleRcsEngine: [1843] xhb.<init>: Initializing SimStateTracker for single-sim device
08-04 15:14:28.275 28079 28111 I BugleRcsEngine: [1840] vwt.a: Initializing Carrier Services Library.
08-04 15:14:28.276  1312  2286 I FontsContentProvider: Pulling font file for id = 53, cache size = 4
08-04 15:14:28.276 28079 28111 I BugleRcsEngine: [1840] wdp.b: Reinitialize CSLib Flags: com.google.android.ims.library
08-04 15:14:28.277 28079 28117 W Bugle   : BuglePhoneNumberUtils: canonicalizeMccMnc: invalid mccmnc. mcc: null, mnc: null
08-04 15:14:28.280 28079 28117 W Bugle   : Obsolete carrier config resource: smsToMmsTextThreshold res: 12, sys: -1
08-04 15:14:28.282  1153  1170 W .gms.persisten: Reducing the number of considered missed Gc histogram windows from 155 to 100
08-04 15:14:28.301 28079 28130 W BugleRcsEngine: [1859] xgu.a: Unexpected action: android.intent.action.ACTION_DEFAULT_VOICE_SUBSCRIPTION_CHANGED
08-04 15:14:28.305 28079 28098 D TelephonyRegistryManager: onSubscriptionsChangedListener callback received.
08-04 15:14:28.306 28079 28129 W BugleRcsEngine: [1858] xgu.a: Unexpected action: android.intent.action.ACTION_DEFAULT_DATA_SUBSCRIPTION_CHANGED
08-04 15:14:28.306  1312  3982 I FontsContentProvider: Pulling font file for id = 53, cache size = 4
08-04 15:14:28.308 28079 28114 I BugleRcsEngine: [1843] wdp.b: Reinitialize CSLib Flags: com.google.android.ims.library
08-04 15:14:28.308 28079 28125 I BugleRcsEngine: [1854] xgy.a: do not delay first event
08-04 15:14:28.312  2484 13819 I CarrierServices: [268] eav.a: Received Provisioning Event: [Bugle information (100)]
08-04 15:14:28.312  2484 13819 I CarrierServices: [268] eav.a: JibeService is running, passing event to provisioning engine.
08-04 15:14:28.312  2484 13819 I CarrierServices: [268] dqc.a: Handling Provisioning Event: [Bugle information (100)]
08-04 15:14:28.313  2484 13819 I CarrierServices: [268] dsd.a: RcsAvailabilityManager: Calculating Rcs Availability
08-04 15:14:28.315 28079 28128 I BugleRcsEngine: [1857] xgy.a: SIM state event delay enabled: attempts 0, maxAttempts 3, delaySeconds 90 MSIM delayseconds 90, effective delay seconds 90
08-04 15:14:28.315 28079 28128 I BugleRcsEngine: [1857] xgy.a: posted simEventProcessTask to handler with delay 90
08-04 15:14:28.317 28079 28128 I BugleRcsEngine: [1857] xgu.a: delay SIM event: android.intent.action.SIM_STATE_CHANGED, LOADED
08-04 15:14:28.319 28079 28111 I BugleRcsEngine: [1840] vwt.b: Initializing Carrier Services Logging.
08-04 15:14:28.320 28079 28114 W Bugle   : BuglePhoneNumberUtils: canonicalizeMccMnc: invalid mccmnc. mcc: null, mnc: null
08-04 15:14:28.320 28079 28125 I BugleRcsEngine: [1854] xgu.e: Processing an intent
08-04 15:14:28.320 28079 28125 I BugleRcsEngine: [1854] xgu.a: SIM state LOADED
08-04 15:14:28.322 28079 28114 W Bugle   : Obsolete carrier config resource: smsToMmsTextThreshold res: 12, sys: -1
08-04 15:14:28.325  2484 13819 I CarrierServices: [268] dtf.b: Bugle has minimum required RCS permissions: true
08-04 15:14:28.325 28079 28125 I BugleRcsEngine: [1854] xgu.a: SIM changed: false. current id: hashed-pii:sim_id[[vTVCMUGjVI_F7R4Oo1UZaQU2sZg71SHGs3-sAfk2lb4]]; stored id: hashed-pii:sim_id[[vTVCMUGjVI_F7R4Oo1UZaQU2sZg71SHGs3-sAfk2lb4]]; isFiDevice: false; subId: 1; slotIndex: 0
08-04 15:14:28.332  2484 13819 I CarrierServices: [268] dtf.a: Rcs is enabled from user settings: true
08-04 15:14:28.334 28079 28113 I BugleRcsEngine: [1842] aeec.connect: Connecting SignupService
08-04 15:14:28.334  2484 13819 I CarrierServices: [268] dtf.c: Bugle is default SMS app: true
08-04 15:14:28.335  2484 13819 I CarrierServices: [268] dvk.a: Using config server URL from cqx
08-04 15:14:28.337  2484 13819 I CarrierServices: [268] ekb.b: Checking if using CarrierServices.apk is possible. Enabled: true, isAtLeastM: true, runningInsideBugle: false
08-04 15:14:28.337 28079 28113 I BugleRcsEngine: [1842] aeec.connect: shouldUseCarrierServicesJibeService: true, CarrierServices rcs service found: true
08-04 15:14:28.337 28079 28113 I BugleRcsEngine: [1842] aeec.connect: Binding to JibeService in CarrierServices.
08-04 15:14:28.339  2484 13819 I CarrierServices: [268] chn.h: BindingManager: binding and reset P/H Flag stay same
08-04 15:14:28.339  2484 13819 I CarrierServices: [268] dsd.a: RcsAvailabilityManager: Rcs Availability still CARRIER_SETUP_PENDING (Carrier RCS is not set up)
08-04 15:14:28.339 28079 28111 I LogSaver: LogSaver new instance with filename: carrier_services
08-04 15:14:28.341 28079 28079 I RcsClientLib: Service com.google.android.rcs.client.signup.SignupService connected. Will notify listeners: true
08-04 15:14:28.346  2484  2507 I CarrierServices: [212] dsd.a: RcsAvailabilityManager: Calculating Rcs Availability
08-04 15:14:28.348  2484  2507 I CarrierServices: [212] dtf.b: Bugle has minimum required RCS permissions: true
08-04 15:14:28.354  2484  2507 I CarrierServices: [212] dtf.a: Rcs is enabled from user settings: true
08-04 15:14:28.355  2484  2507 I CarrierServices: [212] dtf.c: Bugle is default SMS app: true
08-04 15:14:28.356  2484  2507 I CarrierServices: [212] dvk.a: Using config server URL from cqx
08-04 15:14:28.357 27258 27325 W UsageSyncManager: Last (TimeDelta{wallTime=2024-08-04T00:30:29.033Z, elapsedSinceBoot=PT20H5M23.926S}, boot count 9) and current (TimeDelta{wallTime=2024-08-04T08:14:28.353Z, elapsedSinceBoot=PT27H34M2.928S}, boot count 9) deltas are different. Increase event shift by PT15M20.318S.
08-04 15:14:28.357 27258 27325 W UsageSyncManager: Deferring shifting events by PT15M20.318S
08-04 15:14:28.363  2484  2507 I CarrierServices: [212] ekb.b: Checking if using CarrierServices.apk is possible. Enabled: true, isAtLeastM: true, runningInsideBugle: false
08-04 15:14:28.363 28079 28109 I FA      : App measurement initialized, version: 25018
08-04 15:14:28.363 28079 28109 I FA      : To enable debug logging run: adb shell setprop log.tag.FA VERBOSE
08-04 15:14:28.363 28079 28109 I FA      : To enable faster debug mode event logging run:
08-04 15:14:28.363 28079 28109 I FA      :   adb shell setprop debug.firebase.analytics.app com.google.android.apps.messaging
08-04 15:14:28.364 28079 28111 I BugleBackup: Registering preference change listener for "bugle".
08-04 15:14:28.372  2484  2507 I CarrierServices: [212] chn.h: BindingManager: binding and reset P/H Flag stay same
08-04 15:14:28.372  2484  2507 I CarrierServices: [212] dsd.a: RcsAvailabilityManager: Rcs Availability still CARRIER_SETUP_PENDING (Carrier RCS is not set up)
08-04 15:14:28.383 28079 28113 I BugleRcs: RcsAvailabilityUtilForProvisioningEngineV2: Get Updated RcsAvailability, RcsAvailability: CARRIER_SETUP_PENDING, SimId: Redacted-20
08-04 15:14:28.383 28079 28079 I BugleRcsEngine: [2] aeec.disconnect: Disconnecting ChatSessionService
08-04 15:14:28.383 28079 28079 W RcsClientLib: Unexpected error when trying to unbind com.google.android.ims.rcsservice.chatsession.IChatSession: Service not registered: aeed@ece9d17
08-04 15:14:28.384 28079 28079 W RcsClientLib: java.lang.IllegalArgumentException: Service not registered: aeed@ece9d17
08-04 15:14:28.384 28079 28079 W RcsClientLib: 	at android.app.LoadedApk.forgetServiceDispatcher(LoadedApk.java:1757)
08-04 15:14:28.384 28079 28079 W RcsClientLib: 	at android.app.ContextImpl.unbindService(ContextImpl.java:1874)
08-04 15:14:28.384 28079 28079 W RcsClientLib: 	at android.content.ContextWrapper.unbindService(ContextWrapper.java:792)
08-04 15:14:28.384 28079 28079 W RcsClientLib: 	at aeec.b(PG:43)
08-04 15:14:28.384 28079 28079 W RcsClientLib: 	at aeec.disconnect(PG:41)
08-04 15:14:28.384 28079 28079 W RcsClientLib: 	at koc.b(PG:36)
08-04 15:14:28.384 28079 28079 W RcsClientLib: 	at kof.a(PG:38)
08-04 15:14:28.384 28079 28079 W RcsClientLib: 	at riw.a(PG:43)
08-04 15:14:28.384 28079 28079 W RcsClientLib: 	at rif.run(Unknown Source:1)
08-04 15:14:28.384 28079 28079 W RcsClientLib: 	at afou.run(PG:3)
08-04 15:14:28.384 28079 28079 W RcsClientLib: 	at android.os.Handler.handleCallback(Handler.java:938)
08-04 15:14:28.384 28079 28079 W RcsClientLib: 	at android.os.Handler.dispatchMessage(Handler.java:99)
08-04 15:14:28.384 28079 28079 W RcsClientLib: 	at android.os.Looper.loop(Looper.java:223)
08-04 15:14:28.384 28079 28079 W RcsClientLib: 	at android.app.ActivityThread.main(ActivityThread.java:7656)
08-04 15:14:28.384 28079 28079 W RcsClientLib: 	at java.lang.reflect.Method.invoke(Native Method)
08-04 15:14:28.384 28079 28079 W RcsClientLib: 	at com.android.internal.os.RuntimeInit$MethodAndArgsCaller.run(RuntimeInit.java:592)
08-04 15:14:28.384 28079 28079 W RcsClientLib: 	at com.android.internal.os.ZygoteInit.main(ZygoteInit.java:947)
08-04 15:14:28.384 28079 28079 I BugleRcsEngine: [2] aeec.disconnect: Disconnecting EventService
08-04 15:14:28.384 28079 28079 W RcsClientLib: Unexpected error when trying to unbind com.google.android.ims.rcsservice.events.IEvent: Service not registered: aeed@295f3b3
08-04 15:14:28.384 28079 28079 W RcsClientLib: java.lang.IllegalArgumentException: Service not registered: aeed@295f3b3
08-04 15:14:28.384 28079 28079 W RcsClientLib: 	at android.app.LoadedApk.forgetServiceDispatcher(LoadedApk.java:1757)
08-04 15:14:28.384 28079 28079 W RcsClientLib: 	at android.app.ContextImpl.unbindService(ContextImpl.java:1874)
08-04 15:14:28.384 28079 28079 W RcsClientLib: 	at android.content.ContextWrapper.unbindService(ContextWrapper.java:792)
08-04 15:14:28.384 28079 28079 W RcsClientLib: 	at aeec.b(PG:43)
08-04 15:14:28.384 28079 28079 W RcsClientLib: 	at aeec.disconnect(PG:41)
08-04 15:14:28.384 28079 28079 W RcsClientLib: 	at com.google.android.rcs.client.events.EventService.disconnect(PG:7)
08-04 15:14:28.384 28079 28079 W RcsClientLib: 	at koc.b(PG:37)
08-04 15:14:28.384 28079 28079 W RcsClientLib: 	at kof.a(PG:38)
08-04 15:14:28.384 28079 28079 W RcsClientLib: 	at riw.a(PG:43)
08-04 15:14:28.384 28079 28079 W RcsClientLib: 	at rif.run(Unknown Source:1)
08-04 15:14:28.384 28079 28079 W RcsClientLib: 	at afou.run(PG:3)
08-04 15:14:28.384 28079 28079 W RcsClientLib: 	at android.os.Handler.handleCallback(Handler.java:938)
08-04 15:14:28.384 28079 28079 W RcsClientLib: 	at android.os.Handler.dispatchMessage(Handler.java:99)
08-04 15:14:28.384 28079 28079 W RcsClientLib: 	at android.os.Looper.loop(Looper.java:223)
08-04 15:14:28.384 28079 28079 W RcsClientLib: 	at android.app.ActivityThread.main(ActivityThread.java:7656)
08-04 15:14:28.384 28079 28079 W RcsClientLib: 	at java.lang.reflect.Method.invoke(Native Method)
08-04 15:14:28.384 28079 28079 W RcsClientLib: 	at com.android.internal.os.RuntimeInit$MethodAndArgsCaller.run(RuntimeInit.java:592)
08-04 15:14:28.384 28079 28079 W RcsClientLib: 	at com.android.internal.os.ZygoteInit.main(ZygoteInit.java:947)
08-04 15:14:28.384 28079 28079 I BugleRcsEngine: [2] aeec.disconnect: Disconnecting ContactsService
08-04 15:14:28.384 28079 28079 W RcsClientLib: Unexpected error when trying to unbind com.google.android.ims.rcsservice.contacts.IContactsManagement: Service not registered: aeed@53cb8e9
08-04 15:14:28.384 28079 28079 W RcsClientLib: java.lang.IllegalArgumentException: Service not registered: aeed@53cb8e9
08-04 15:14:28.384 28079 28079 W RcsClientLib: 	at android.app.LoadedApk.forgetServiceDispatcher(LoadedApk.java:1757)
08-04 15:14:28.384 28079 28079 W RcsClientLib: 	at android.app.ContextImpl.unbindService(ContextImpl.java:1874)
08-04 15:14:28.384 28079 28079 W RcsClientLib: 	at android.content.ContextWrapper.unbindService(ContextWrapper.java:792)
08-04 15:14:28.384 28079 28079 W RcsClientLib: 	at aeec.b(PG:43)
08-04 15:14:28.384 28079 28079 W RcsClientLib: 	at aeec.disconnect(PG:41)
08-04 15:14:28.384 28079 28079 W RcsClientLib: 	at koc.b(PG:38)
08-04 15:14:28.384 28079 28079 W RcsClientLib: 	at kof.a(PG:38)
08-04 15:14:28.384 28079 28079 W RcsClientLib: 	at riw.a(PG:43)
08-04 15:14:28.384 28079 28079 W RcsClientLib: 	at rif.run(Unknown Source:1)
08-04 15:14:28.384 28079 28079 W RcsClientLib: 	at afou.run(PG:3)
08-04 15:14:28.384 28079 28079 W RcsClientLib: 	at android.os.Handler.handleCallback(Handler.java:938)
08-04 15:14:28.384 28079 28079 W RcsClientLib: 	at android.os.Handler.dispatchMessage(Handler.java:99)
08-04 15:14:28.384 28079 28079 W RcsClientLib: 	at android.os.Looper.loop(Looper.java:223)
08-04 15:14:28.384 28079 28079 W RcsClientLib: 	at android.app.ActivityThread.main(ActivityThread.java:7656)
08-04 15:14:28.384 28079 28079 W RcsClientLib: 	at java.lang.reflect.Method.invoke(Native Method)
08-04 15:14:28.384 28079 28079 W RcsClientLib: 	at com.android.internal.os.RuntimeInit$MethodAndArgsCaller.run(RuntimeInit.java:592)
08-04 15:14:28.384 28079 28079 W RcsClientLib: 	at com.android.internal.os.ZygoteInit.main(ZygoteInit.java:947)
08-04 15:14:28.384 28079 28079 I BugleRcsEngine: [2] aeec.disconnect: Disconnecting FileTransferService
08-04 15:14:28.384 28079 28079 W RcsClientLib: Unexpected error when trying to unbind com.google.android.ims.rcsservice.filetransfer.IFileTransfer: Service not registered: aeed@672180f
08-04 15:14:28.384 28079 28079 W RcsClientLib: java.lang.IllegalArgumentException: Service not registered: aeed@672180f
08-04 15:14:28.384 28079 28079 W RcsClientLib: 	at android.app.LoadedApk.forgetServiceDispatcher(LoadedApk.java:1757)
08-04 15:14:28.384 28079 28079 W RcsClientLib: 	at android.app.ContextImpl.unbindService(ContextImpl.java:1874)
08-04 15:14:28.384 28079 28079 W RcsClientLib: 	at android.content.ContextWrapper.unbindService(ContextWrapper.java:792)
08-04 15:14:28.384 28079 28079 W RcsClientLib: 	at aeec.b(PG:43)
08-04 15:14:28.384 28079 28079 W RcsClientLib: 	at aeec.disconnect(PG:41)
08-04 15:14:28.384 28079 28079 W RcsClientLib: 	at koc.b(PG:39)
08-04 15:14:28.384 28079 28079 W RcsClientLib: 	at kof.a(PG:38)
08-04 15:14:28.384 28079 28079 W RcsClientLib: 	at riw.a(PG:43)
08-04 15:14:28.384 28079 28079 W RcsClientLib: 	at rif.run(Unknown Source:1)
08-04 15:14:28.384 28079 28079 W RcsClientLib: 	at afou.run(PG:3)
08-04 15:14:28.384 28079 28079 W RcsClientLib: 	at android.os.Handler.handleCallback(Handler.java:938)
08-04 15:14:28.384 28079 28079 W RcsClientLib: 	at android.os.Handler.dispatchMessage(Handler.java:99)
08-04 15:14:28.384 28079 28079 W RcsClientLib: 	at android.os.Looper.loop(Looper.java:223)
08-04 15:14:28.384 28079 28079 W RcsClientLib: 	at android.app.ActivityThread.main(ActivityThread.java:7656)
08-04 15:14:28.384 28079 28079 W RcsClientLib: 	at java.lang.reflect.Method.invoke(Native Method)
08-04 15:14:28.384 28079 28079 W RcsClientLib: 	at com.android.internal.os.RuntimeInit$MethodAndArgsCaller.run(RuntimeInit.java:592)
08-04 15:14:28.384 28079 28079 W RcsClientLib: 	at com.android.internal.os.ZygoteInit.main(ZygoteInit.java:947)
08-04 15:14:28.384 28079 28079 I BugleRcsEngine: [2] aeec.disconnect: Disconnecting LocationSharingService
08-04 15:14:28.384 28079 28079 W RcsClientLib: Unexpected error when trying to unbind com.google.android.ims.rcsservice.locationsharing.ILocationSharing: Service not registered: aeed@ead2e7a
08-04 15:14:28.384 28079 28079 W RcsClientLib: java.lang.IllegalArgumentException: Service not registered: aeed@ead2e7a
08-04 15:14:28.384 28079 28079 W RcsClientLib: 	at android.app.LoadedApk.forgetServiceDispatcher(LoadedApk.java:1757)
08-04 15:14:28.384 28079 28079 W RcsClientLib: 	at android.app.ContextImpl.unbindService(ContextImpl.java:1874)
08-04 15:14:28.384 28079 28079 W RcsClientLib: 	at android.content.ContextWrapper.unbindService(ContextWrapper.java:792)
08-04 15:14:28.384 28079 28079 W RcsClientLib: 	at aeec.b(PG:43)
08-04 15:14:28.384 28079 28079 W RcsClientLib: 	at aeec.disconnect(PG:41)
08-04 15:14:28.384 28079 28079 W RcsClientLib: 	at koc.b(PG:40)
08-04 15:14:28.384 28079 28079 W RcsClientLib: 	at kof.a(PG:38)
08-04 15:14:28.384 28079 28079 W RcsClientLib: 	at riw.a(PG:43)
08-04 15:14:28.384 28079 28079 W RcsClientLib: 	at rif.run(Unknown Source:1)
08-04 15:14:28.384 28079 28079 W RcsClientLib: 	at afou.run(PG:3)
08-04 15:14:28.384 28079 28079 W RcsClientLib: 	at android.os.Handler.handleCallback(Handler.java:938)
08-04 15:14:28.384 28079 28079 W RcsClientLib: 	at android.os.Handler.dispatchMessage(Handler.java:99)
08-04 15:14:28.384 28079 28079 W RcsClientLib: 	at android.os.Looper.loop(Looper.java:223)
08-04 15:14:28.384 28079 28079 W RcsClientLib: 	at android.app.ActivityThread.main(ActivityThread.java:7656)
08-04 15:14:28.384 28079 28079 W RcsClientLib: 	at java.lang.reflect.Method.invoke(Native Method)
08-04 15:14:28.384 28079 28079 W RcsClientLib: 	at com.android.internal.os.RuntimeInit$MethodAndArgsCaller.run(RuntimeInit.java:592)
08-04 15:14:28.384 28079 28079 W RcsClientLib: 	at com.android.internal.os.ZygoteInit.main(ZygoteInit.java:947)
08-04 15:14:28.384 28079 28079 I BugleRcsEngine: [2] aeec.disconnect: Disconnecting ImsConnectionTrackerService
08-04 15:14:28.384 28079 28079 W RcsClientLib: Unexpected error when trying to unbind com.google.android.ims.rcsservice.ims.IImsConnectionTracker: Service not registered: aeed@40d8a88
08-04 15:14:28.384 28079 28079 W RcsClientLib: java.lang.IllegalArgumentException: Service not registered: aeed@40d8a88
08-04 15:14:28.384 28079 28079 W RcsClientLib: 	at android.app.LoadedApk.forgetServiceDispatcher(LoadedApk.java:1757)
08-04 15:14:28.384 28079 28079 W RcsClientLib: 	at android.app.ContextImpl.unbindService(ContextImpl.java:1874)
08-04 15:14:28.384 28079 28079 W RcsClientLib: 	at android.content.ContextWrapper.unbindService(ContextWrapper.java:792)
08-04 15:14:28.384 28079 28079 W RcsClientLib: 	at aeec.b(PG:43)
08-04 15:14:28.384 28079 28079 W RcsClientLib: 	at aeec.disconnect(PG:41)
08-04 15:14:28.384 28079 28079 W RcsClientLib: 	at koc.b(PG:41)
08-04 15:14:28.384 28079 28079 W RcsClientLib: 	at kof.a(PG:38)
08-04 15:14:28.384 28079 28079 W RcsClientLib: 	at riw.a(PG:43)
08-04 15:14:28.384 28079 28079 W RcsClientLib: 	at rif.run(Unknown Source:1)
08-04 15:14:28.384 28079 28079 W RcsClientLib: 	at afou.run(PG:3)
08-04 15:14:28.384 28079 28079 W RcsClientLib: 	at android.os.Handler.handleCallback(Handler.java:938)
08-04 15:14:28.384 28079 28079 W RcsClientLib: 	at android.os.Handler.dispatchMessage(Handler.java:99)
08-04 15:14:28.384 28079 28079 W RcsClientLib: 	at android.os.Looper.loop(Looper.java:223)
08-04 15:14:28.384 28079 28079 W RcsClientLib: 	at android.app.ActivityThread.main(ActivityThread.java:7656)
08-04 15:14:28.384 28079 28079 W RcsClientLib: 	at java.lang.reflect.Method.invoke(Native Method)
08-04 15:14:28.384 28079 28079 W RcsClientLib: 	at com.android.internal.os.RuntimeInit$MethodAndArgsCaller.run(RuntimeInit.java:592)
08-04 15:14:28.384 28079 28079 W RcsClientLib: 	at com.android.internal.os.ZygoteInit.main(ZygoteInit.java:947)
08-04 15:14:28.384 28079 28079 I BugleRcsEngine: [2] aeec.disconnect: Disconnecting RcsProfileService
08-04 15:14:28.384 28079 28079 W RcsClientLib: Unexpected error when trying to unbind com.google.android.ims.rcsservice.profile.IRcsProfile: Service not registered: aeed@abafa07
08-04 15:14:28.384 28079 28079 W RcsClientLib: java.lang.IllegalArgumentException: Service not registered: aeed@abafa07
08-04 15:14:28.384 28079 28079 W RcsClientLib: 	at android.app.LoadedApk.forgetServiceDispatcher(LoadedApk.java:1757)
08-04 15:14:28.384 28079 28079 W RcsClientLib: 	at android.app.ContextImpl.unbindService(ContextImpl.java:1874)
08-04 15:14:28.384 28079 28079 W RcsClientLib: 	at android.content.ContextWrapper.unbindService(ContextWrapper.java:792)
08-04 15:14:28.384 28079 28079 W RcsClientLib: 	at aeec.b(PG:43)
08-04 15:14:28.384 28079 28079 W RcsClientLib: 	at aeec.disconnect(PG:41)
08-04 15:14:28.384 28079 28079 W RcsClientLib: 	at koc.b(PG:42)
08-04 15:14:28.384 28079 28079 W RcsClientLib: 	at kof.a(PG:38)
08-04 15:14:28.384 28079 28079 W RcsClientLib: 	at riw.a(PG:43)
08-04 15:14:28.384 28079 28079 W RcsClientLib: 	at rif.run(Unknown Source:1)
08-04 15:14:28.384 28079 28079 W RcsClientLib: 	at afou.run(PG:3)
08-04 15:14:28.384 28079 28079 W RcsClientLib: 	at android.os.Handler.handleCallback(Handler.java:938)
08-04 15:14:28.384 28079 28079 W RcsClientLib: 	at android.os.Handler.dispatchMessage(Handler.java:99)
08-04 15:14:28.384 28079 28079 W RcsClientLib: 	at android.os.Looper.loop(Looper.java:223)
08-04 15:14:28.384 28079 28079 W RcsClientLib: 	at android.app.ActivityThread.main(ActivityThread.java:7656)
08-04 15:14:28.384 28079 28079 W RcsClientLib: 	at java.lang.reflect.Method.invoke(Native Method)
08-04 15:14:28.384 28079 28079 W RcsClientLib: 	at com.android.internal.os.RuntimeInit$MethodAndArgsCaller.run(RuntimeInit.java:592)
08-04 15:14:28.384 28079 28079 W RcsClientLib: 	at com.android.internal.os.ZygoteInit.main(ZygoteInit.java:947)
08-04 15:14:28.384 28079 28079 I BugleRcsEngine: [2] aeec.disconnect: Disconnecting BusinessInfoService
08-04 15:14:28.384 28079 28079 W RcsClientLib: Unexpected error when trying to unbind com.google.android.ims.rcsservice.businessinfo.IBusinessInfo: Service not registered: aeed@b62d95d
08-04 15:14:28.384 28079 28079 W RcsClientLib: java.lang.IllegalArgumentException: Service not registered: aeed@b62d95d
08-04 15:14:28.384 28079 28079 W RcsClientLib: 	at android.app.LoadedApk.forgetServiceDispatcher(LoadedApk.java:1757)
08-04 15:14:28.384 28079 28079 W RcsClientLib: 	at android.app.ContextImpl.unbindService(ContextImpl.java:1874)
08-04 15:14:28.384 28079 28079 W RcsClientLib: 	at android.content.ContextWrapper.unbindService(ContextWrapper.java:792)
08-04 15:14:28.384 28079 28079 W RcsClientLib: 	at aeec.b(PG:43)
08-04 15:14:28.384 28079 28079 W RcsClientLib: 	at aeec.disconnect(PG:41)
08-04 15:14:28.384 28079 28079 W RcsClientLib: 	at koc.b(PG:43)
08-04 15:14:28.384 28079 28079 W RcsClientLib: 	at kof.a(PG:38)
08-04 15:14:28.384 28079 28079 W RcsClientLib: 	at riw.a(PG:43)
08-04 15:14:28.384 28079 28079 W RcsClientLib: 	at rif.run(Unknown Source:1)
08-04 15:14:28.384 28079 28079 W RcsClientLib: 	at afou.run(PG:3)
08-04 15:14:28.384 28079 28079 W RcsClientLib: 	at android.os.Handler.handleCallback(Handler.java:938)
08-04 15:14:28.384 28079 28079 W RcsClientLib: 	at android.os.Handler.dispatchMessage(Handler.java:99)
08-04 15:14:28.384 28079 28079 W RcsClientLib: 	at android.os.Looper.loop(Looper.java:223)
08-04 15:14:28.384 28079 28079 W RcsClientLib: 	at android.app.ActivityThread.main(ActivityThread.java:7656)
08-04 15:14:28.384 28079 28079 W RcsClientLib: 	at java.lang.reflect.Method.invoke(Native Method)
08-04 15:14:28.384 28079 28079 W RcsClientLib: 	at com.android.internal.os.RuntimeInit$MethodAndArgsCaller.run(RuntimeInit.java:592)
08-04 15:14:28.384 28079 28079 W RcsClientLib: 	at com.android.internal.os.ZygoteInit.main(ZygoteInit.java:947)
08-04 15:14:28.384 28079 28079 I BugleRcsEngine: [2] aeec.disconnect: Disconnecting RcsMessagingService
08-04 15:14:28.384 28079 28079 W RcsClientLib: Unexpected error when trying to unbind com.google.android.rcs.client.messaging.IMessaging: Service not registered: aeed@d032fa3
08-04 15:14:28.384 28079 28079 W RcsClientLib: java.lang.IllegalArgumentException: Service not registered: aeed@d032fa3
08-04 15:14:28.384 28079 28079 W RcsClientLib: 	at android.app.LoadedApk.forgetServiceDispatcher(LoadedApk.java:1757)
08-04 15:14:28.384 28079 28079 W RcsClientLib: 	at android.app.ContextImpl.unbindService(ContextImpl.java:1874)
08-04 15:14:28.384 28079 28079 W RcsClientLib: 	at android.content.ContextWrapper.unbindService(ContextWrapper.java:792)
08-04 15:14:28.384 28079 28079 W RcsClientLib: 	at aeec.b(PG:43)
08-04 15:14:28.384 28079 28079 W RcsClientLib: 	at aeec.disconnect(PG:41)
08-04 15:14:28.384 28079 28079 W RcsClientLib: 	at koc.b(PG:44)
08-04 15:14:28.384 28079 28079 W RcsClientLib: 	at kof.a(PG:38)
08-04 15:14:28.384 28079 28079 W RcsClientLib: 	at riw.a(PG:43)
08-04 15:14:28.384 28079 28079 W RcsClientLib: 	at rif.run(Unknown Source:1)
08-04 15:14:28.384 28079 28079 W RcsClientLib: 	at afou.run(PG:3)
08-04 15:14:28.384 28079 28079 W RcsClientLib: 	at android.os.Handler.handleCallback(Handler.java:938)
08-04 15:14:28.384 28079 28079 W RcsClientLib: 	at android.os.Handler.dispatchMessage(Handler.java:99)
08-04 15:14:28.384 28079 28079 W RcsClientLib: 	at android.os.Looper.loop(Looper.java:223)
08-04 15:14:28.384 28079 28079 W RcsClientLib: 	at android.app.ActivityThread.main(ActivityThread.java:7656)
08-04 15:14:28.384 28079 28079 W RcsClientLib: 	at java.lang.reflect.Method.invoke(Native Method)
08-04 15:14:28.384 28079 28079 W RcsClientLib: 	at com.android.internal.os.RuntimeInit$MethodAndArgsCaller.run(RuntimeInit.java:592)
08-04 15:14:28.384 28079 28079 W RcsClientLib: 	at com.android.internal.os.ZygoteInit.main(ZygoteInit.java:947)
08-04 15:14:28.384 28079 28079 I BugleRcsEngine: [2] aeec.disconnect: Disconnecting TransportControlService
08-04 15:14:28.384 28079 28079 W RcsClientLib: Unexpected error when trying to unbind com.google.android.ims.rcsservice.transportcontrol.ITransportControl: Service not registered: aeed@ff8ae59
08-04 15:14:28.384 28079 28079 W RcsClientLib: java.lang.IllegalArgumentException: Service not registered: aeed@ff8ae59
08-04 15:14:28.384 28079 28079 W RcsClientLib: 	at android.app.LoadedApk.forgetServiceDispatcher(LoadedApk.java:1757)
08-04 15:14:28.384 28079 28079 W RcsClientLib: 	at android.app.ContextImpl.unbindService(ContextImpl.java:1874)
08-04 15:14:28.384 28079 28079 W RcsClientLib: 	at android.content.ContextWrapper.unbindService(ContextWrapper.java:792)
08-04 15:14:28.384 28079 28079 W RcsClientLib: 	at aeec.b(PG:43)
08-04 15:14:28.384 28079 28079 W RcsClientLib: 	at aeec.disconnect(PG:41)
08-04 15:14:28.384 28079 28079 W RcsClientLib: 	at koc.b(PG:45)
08-04 15:14:28.384 28079 28079 W RcsClientLib: 	at kof.a(PG:38)
08-04 15:14:28.384 28079 28079 W RcsClientLib: 	at riw.a(PG:43)
08-04 15:14:28.384 28079 28079 W RcsClientLib: 	at rif.run(Unknown Source:1)
08-04 15:14:28.384 28079 28079 W RcsClientLib: 	at afou.run(PG:3)
08-04 15:14:28.384 28079 28079 W RcsClientLib: 	at android.os.Handler.handleCallback(Handler.java:938)
08-04 15:14:28.384 28079 28079 W RcsClientLib: 	at android.os.Handler.dispatchMessage(Handler.java:99)
08-04 15:14:28.384 28079 28079 W RcsClientLib: 	at android.os.Looper.loop(Looper.java:223)
08-04 15:14:28.384 28079 28079 W RcsClientLib: 	at android.app.ActivityThread.main(ActivityThread.java:7656)
08-04 15:14:28.384 28079 28079 W RcsClientLib: 	at java.lang.reflect.Method.invoke(Native Method)
08-04 15:14:28.384 28079 28079 W RcsClientLib: 	at com.android.internal.os.RuntimeInit$MethodAndArgsCaller.run(RuntimeInit.java:592)
08-04 15:14:28.384 28079 28079 W RcsClientLib: 	at com.android.internal.os.ZygoteInit.main(ZygoteInit.java:947)
08-04 15:14:28.384 28079 28079 W BugleRcs: disconnecting from all Rcs Services
08-04 15:14:28.384 28079 28113 I BugleRcsEngine: [1842] aeec.disconnect: Disconnecting SignupService
08-04 15:14:28.386 28079 28113 I BugleRcs: RcsAvailabilityUtilForProvisioningEngineV2: success updating RCS availability async
08-04 15:14:28.392  2484  2502 W gle.android.im: Reducing the number of considered missed Gc histogram windows from 202 to 100
08-04 15:14:28.394 28079 28125 I BugleRcsEngine: [1854] xgu.k: Skipping writing to Msisdn because this is main bugle process.
08-04 15:14:28.394 28079 28125 I BugleRcsEngine: [1854] xgu.a: Skipping writing subId because this is main bugle process.
08-04 15:14:28.396 28079 28125 I BugleRcsEngine: [1854] xgu.a: Updated SIM info: currentSimId: hashed-pii:sim_id[[vTVCMUGjVI_F7R4Oo1UZaQU2sZg71SHGs3-sAfk2lb4]]; imsi: hashed-pii:imsi[[ZfXj8KzSbt55WH7s4LmgwzBiyEXIYMVn19h0l4CpF0w]]; rawMsisdn: hashed-pii:phone_number[[NznxYcOqbUZ1r_XM6fgpwAdR6_xLBxCmVup7U1g0DEc]]; formattedMsisdn: hashed-pii:phone_number[]; mccmnc: hashed-pii:sim_operator[[QqB0Wj3OJp92ZCYtGisKLEqmD5B93v6pH1L_t98ozKo]] isFiDevice: false; subId: 1; slotIndex: 0
08-04 15:14:28.400   532  3441 D CompatibilityChangeReporter: Compat change id reported: 136219221; UID 10120; state: DISABLED
08-04 15:14:28.400 28079 28125 I BugleRcsEngine: [1854] xgu.a: Broadcasting Intent { act=com.google.android.ims.SIM_LOADED (has extras) }
08-04 15:14:28.400 28079 28079 I Bugle   : SimChangeReceiver: action: com.google.android.ims.SIM_LOADED
08-04 15:14:28.402 28079 28113 I BugleRcsEngine: [1842] aeec.connect: Connecting SignupService
08-04 15:14:28.403 28079 28113 I BugleRcsEngine: [1842] aeec.connect: shouldUseCarrierServicesJibeService: true, CarrierServices rcs service found: true
08-04 15:14:28.404 28079 28113 I BugleRcsEngine: [1842] aeec.connect: Binding to JibeService in CarrierServices.
08-04 15:14:28.405 28079 28079 I RcsClientLib: Service com.google.android.rcs.client.signup.SignupService connected. Will notify listeners: true
08-04 15:14:28.405  2484  5899 I CarrierServices: [263] dsd.a: RcsAvailabilityManager: Calculating Rcs Availability
08-04 15:14:28.410  2484  5899 I CarrierServices: [263] dtf.b: Bugle has minimum required RCS permissions: true
08-04 15:14:28.415  2484  5899 I CarrierServices: [263] dtf.a: Rcs is enabled from user settings: true
08-04 15:14:28.416  2484  5899 I CarrierServices: [263] dtf.c: Bugle is default SMS app: true
08-04 15:14:28.424  2484  5899 I CarrierServices: [263] dvk.a: Using config server URL from cqx
08-04 15:14:28.427   532   554 D ColorDisplayService: Setting saturation level: 100
08-04 15:14:28.427 28079 28079 I BugleRcsEngine: [2] wdp.b: Reinitialize CSLib Flags: com.google.android.ims.library
08-04 15:14:28.429 27258 27332 W WindDownScheduler: Missing wind down pause.
08-04 15:14:28.432  2484  5899 I CarrierServices: [263] ekb.b: Checking if using CarrierServices.apk is possible. Enabled: true, isAtLeastM: true, runningInsideBugle: false
08-04 15:14:28.432  2484  5899 I CarrierServices: [263] chn.h: BindingManager: binding and reset P/H Flag stay same
08-04 15:14:28.432  2484  5899 I CarrierServices: [263] dsd.a: RcsAvailabilityManager: Rcs Availability still CARRIER_SETUP_PENDING (Carrier RCS is not set up)
08-04 15:14:28.433 28079 28115 I BugleRcs: RcsAvailabilityUtilForProvisioningEngineV2: Get Updated RcsAvailability, RcsAvailability: CARRIER_SETUP_PENDING, SimId: Redacted-20
08-04 15:14:28.445 28079 28115 I BugleRcsEngine: [1844] aeec.disconnect: Disconnecting SignupService
08-04 15:14:28.445 28079 28079 I BugleRcsEngine: [2] aeec.disconnect: Disconnecting ChatSessionService
08-04 15:14:28.446 28079 28079 W RcsClientLib: Unexpected error when trying to unbind com.google.android.ims.rcsservice.chatsession.IChatSession: Service not registered: aeed@ece9d17
08-04 15:14:28.447 28079 28079 W RcsClientLib: java.lang.IllegalArgumentException: Service not registered: aeed@ece9d17
08-04 15:14:28.447 28079 28079 W RcsClientLib: 	at android.app.LoadedApk.forgetServiceDispatcher(LoadedApk.java:1757)
08-04 15:14:28.447 28079 28079 W RcsClientLib: 	at android.app.ContextImpl.unbindService(ContextImpl.java:1874)
08-04 15:14:28.447 28079 28079 W RcsClientLib: 	at android.content.ContextWrapper.unbindService(ContextWrapper.java:792)
08-04 15:14:28.447 28079 28079 W RcsClientLib: 	at aeec.b(PG:43)
08-04 15:14:28.447 28079 28079 W RcsClientLib: 	at aeec.disconnect(PG:41)
08-04 15:14:28.447 28079 28079 W RcsClientLib: 	at koc.b(PG:36)
08-04 15:14:28.447 28079 28079 W RcsClientLib: 	at kof.a(PG:38)
08-04 15:14:28.447 28079 28079 W RcsClientLib: 	at riw.a(PG:43)
08-04 15:14:28.447 28079 28079 W RcsClientLib: 	at rif.run(Unknown Source:1)
08-04 15:14:28.447 28079 28079 W RcsClientLib: 	at afou.run(PG:3)
08-04 15:14:28.447 28079 28079 W RcsClientLib: 	at android.os.Handler.handleCallback(Handler.java:938)
08-04 15:14:28.447 28079 28079 W RcsClientLib: 	at android.os.Handler.dispatchMessage(Handler.java:99)
08-04 15:14:28.447 28079 28079 W RcsClientLib: 	at android.os.Looper.loop(Looper.java:223)
08-04 15:14:28.447 28079 28079 W RcsClientLib: 	at android.app.ActivityThread.main(ActivityThread.java:7656)
08-04 15:14:28.447 28079 28079 W RcsClientLib: 	at java.lang.reflect.Method.invoke(Native Method)
08-04 15:14:28.447 28079 28079 W RcsClientLib: 	at com.android.internal.os.RuntimeInit$MethodAndArgsCaller.run(RuntimeInit.java:592)
08-04 15:14:28.447 28079 28079 W RcsClientLib: 	at com.android.internal.os.ZygoteInit.main(ZygoteInit.java:947)
08-04 15:14:28.447 28079 28079 I BugleRcsEngine: [2] aeec.disconnect: Disconnecting EventService
08-04 15:14:28.447 28079 28079 W RcsClientLib: Unexpected error when trying to unbind com.google.android.ims.rcsservice.events.IEvent: Service not registered: aeed@295f3b3
08-04 15:14:28.448 28079 28115 I BugleRcs: RcsAvailabilityUtilForProvisioningEngineV2: success updating RCS availability async
08-04 15:14:28.450 28079 28079 W RcsClientLib: java.lang.IllegalArgumentException: Service not registered: aeed@295f3b3
08-04 15:14:28.450 28079 28079 W RcsClientLib: 	at android.app.LoadedApk.forgetServiceDispatcher(LoadedApk.java:1757)
08-04 15:14:28.450 28079 28079 W RcsClientLib: 	at android.app.ContextImpl.unbindService(ContextImpl.java:1874)
08-04 15:14:28.450 28079 28079 W RcsClientLib: 	at android.content.ContextWrapper.unbindService(ContextWrapper.java:792)
08-04 15:14:28.450 28079 28079 W RcsClientLib: 	at aeec.b(PG:43)
08-04 15:14:28.450 28079 28079 W RcsClientLib: 	at aeec.disconnect(PG:41)
08-04 15:14:28.450 28079 28079 W RcsClientLib: 	at com.google.android.rcs.client.events.EventService.disconnect(PG:7)
08-04 15:14:28.450 28079 28079 W RcsClientLib: 	at koc.b(PG:37)
08-04 15:14:28.450 28079 28079 W RcsClientLib: 	at kof.a(PG:38)
08-04 15:14:28.450 28079 28079 W RcsClientLib: 	at riw.a(PG:43)
08-04 15:14:28.450 28079 28079 W RcsClientLib: 	at rif.run(Unknown Source:1)
08-04 15:14:28.450 28079 28079 W RcsClientLib: 	at afou.run(PG:3)
08-04 15:14:28.450 28079 28079 W RcsClientLib: 	at android.os.Handler.handleCallback(Handler.java:938)
08-04 15:14:28.450 28079 28079 W RcsClientLib: 	at android.os.Handler.dispatchMessage(Handler.java:99)
08-04 15:14:28.450 28079 28079 W RcsClientLib: 	at android.os.Looper.loop(Looper.java:223)
08-04 15:14:28.450 28079 28079 W RcsClientLib: 	at android.app.ActivityThread.main(ActivityThread.java:7656)
08-04 15:14:28.450 28079 28079 W RcsClientLib: 	at java.lang.reflect.Method.invoke(Native Method)
08-04 15:14:28.450 28079 28079 W RcsClientLib: 	at com.android.internal.os.RuntimeInit$MethodAndArgsCaller.run(RuntimeInit.java:592)
08-04 15:14:28.450 28079 28079 W RcsClientLib: 	at com.android.internal.os.ZygoteInit.main(ZygoteInit.java:947)
08-04 15:14:28.451 27258 27258 I TetheringManager: registerTetheringEventCallback:com.google.android.apps.wellbeing
08-04 15:14:28.452 28079 28079 I BugleRcsEngine: [2] aeec.disconnect: Disconnecting ContactsService
08-04 15:14:28.452 28079 28079 W RcsClientLib: Unexpected error when trying to unbind com.google.android.ims.rcsservice.contacts.IContactsManagement: Service not registered: aeed@53cb8e9
08-04 15:14:28.454 28079 28079 W RcsClientLib: java.lang.IllegalArgumentException: Service not registered: aeed@53cb8e9
08-04 15:14:28.454 28079 28079 W RcsClientLib: 	at android.app.LoadedApk.forgetServiceDispatcher(LoadedApk.java:1757)
08-04 15:14:28.454 28079 28079 W RcsClientLib: 	at android.app.ContextImpl.unbindService(ContextImpl.java:1874)
08-04 15:14:28.454 28079 28079 W RcsClientLib: 	at android.content.ContextWrapper.unbindService(ContextWrapper.java:792)
08-04 15:14:28.454 28079 28079 W RcsClientLib: 	at aeec.b(PG:43)
08-04 15:14:28.454 28079 28079 W RcsClientLib: 	at aeec.disconnect(PG:41)
08-04 15:14:28.454 28079 28079 W RcsClientLib: 	at koc.b(PG:38)
08-04 15:14:28.454 28079 28079 W RcsClientLib: 	at kof.a(PG:38)
08-04 15:14:28.454 28079 28079 W RcsClientLib: 	at riw.a(PG:43)
08-04 15:14:28.454 28079 28079 W RcsClientLib: 	at rif.run(Unknown Source:1)
08-04 15:14:28.454 28079 28079 W RcsClientLib: 	at afou.run(PG:3)
08-04 15:14:28.454 28079 28079 W RcsClientLib: 	at android.os.Handler.handleCallback(Handler.java:938)
08-04 15:14:28.454 28079 28079 W RcsClientLib: 	at android.os.Handler.dispatchMessage(Handler.java:99)
08-04 15:14:28.454 28079 28079 W RcsClientLib: 	at android.os.Looper.loop(Looper.java:223)
08-04 15:14:28.454 28079 28079 W RcsClientLib: 	at android.app.ActivityThread.main(ActivityThread.java:7656)
08-04 15:14:28.454 28079 28079 W RcsClientLib: 	at java.lang.reflect.Method.invoke(Native Method)
08-04 15:14:28.454 28079 28079 W RcsClientLib: 	at com.android.internal.os.RuntimeInit$MethodAndArgsCaller.run(RuntimeInit.java:592)
08-04 15:14:28.454 28079 28079 W RcsClientLib: 	at com.android.internal.os.ZygoteInit.main(ZygoteInit.java:947)
08-04 15:14:28.454 28079 28079 I BugleRcsEngine: [2] aeec.disconnect: Disconnecting FileTransferService
08-04 15:14:28.454 28079 28079 W RcsClientLib: Unexpected error when trying to unbind com.google.android.ims.rcsservice.filetransfer.IFileTransfer: Service not registered: aeed@672180f
08-04 15:14:28.455 28079 28079 W RcsClientLib: java.lang.IllegalArgumentException: Service not registered: aeed@672180f
08-04 15:14:28.455 28079 28079 W RcsClientLib: 	at android.app.LoadedApk.forgetServiceDispatcher(LoadedApk.java:1757)
08-04 15:14:28.455 28079 28079 W RcsClientLib: 	at android.app.ContextImpl.unbindService(ContextImpl.java:1874)
08-04 15:14:28.455 28079 28079 W RcsClientLib: 	at android.content.ContextWrapper.unbindService(ContextWrapper.java:792)
08-04 15:14:28.455 28079 28079 W RcsClientLib: 	at aeec.b(PG:43)
08-04 15:14:28.455 28079 28079 W RcsClientLib: 	at aeec.disconnect(PG:41)
08-04 15:14:28.455 28079 28079 W RcsClientLib: 	at koc.b(PG:39)
08-04 15:14:28.455 28079 28079 W RcsClientLib: 	at kof.a(PG:38)
08-04 15:14:28.455 28079 28079 W RcsClientLib: 	at riw.a(PG:43)
08-04 15:14:28.455 28079 28079 W RcsClientLib: 	at rif.run(Unknown Source:1)
08-04 15:14:28.455 28079 28079 W RcsClientLib: 	at afou.run(PG:3)
08-04 15:14:28.455 28079 28079 W RcsClientLib: 	at android.os.Handler.handleCallback(Handler.java:938)
08-04 15:14:28.455 28079 28079 W RcsClientLib: 	at android.os.Handler.dispatchMessage(Handler.java:99)
08-04 15:14:28.455 28079 28079 W RcsClientLib: 	at android.os.Looper.loop(Looper.java:223)
08-04 15:14:28.455 28079 28079 W RcsClientLib: 	at android.app.ActivityThread.main(ActivityThread.java:7656)
08-04 15:14:28.455 28079 28079 W RcsClientLib: 	at java.lang.reflect.Method.invoke(Native Method)
08-04 15:14:28.455 28079 28079 W RcsClientLib: 	at com.android.internal.os.RuntimeInit$MethodAndArgsCaller.run(RuntimeInit.java:592)
08-04 15:14:28.455 28079 28079 W RcsClientLib: 	at com.android.internal.os.ZygoteInit.main(ZygoteInit.java:947)
08-04 15:14:28.455 28079 28079 I BugleRcsEngine: [2] aeec.disconnect: Disconnecting LocationSharingService
08-04 15:14:28.455 28079 28079 W RcsClientLib: Unexpected error when trying to unbind com.google.android.ims.rcsservice.locationsharing.ILocationSharing: Service not registered: aeed@ead2e7a
08-04 15:14:28.455 28079 28079 W RcsClientLib: java.lang.IllegalArgumentException: Service not registered: aeed@ead2e7a
08-04 15:14:28.455 28079 28079 W RcsClientLib: 	at android.app.LoadedApk.forgetServiceDispatcher(LoadedApk.java:1757)
08-04 15:14:28.455 28079 28079 W RcsClientLib: 	at android.app.ContextImpl.unbindService(ContextImpl.java:1874)
08-04 15:14:28.455 28079 28079 W RcsClientLib: 	at android.content.ContextWrapper.unbindService(ContextWrapper.java:792)
08-04 15:14:28.455 28079 28079 W RcsClientLib: 	at aeec.b(PG:43)
08-04 15:14:28.455 28079 28079 W RcsClientLib: 	at aeec.disconnect(PG:41)
08-04 15:14:28.455 28079 28079 W RcsClientLib: 	at koc.b(PG:40)
08-04 15:14:28.455 28079 28079 W RcsClientLib: 	at kof.a(PG:38)
08-04 15:14:28.455 28079 28079 W RcsClientLib: 	at riw.a(PG:43)
08-04 15:14:28.455 28079 28079 W RcsClientLib: 	at rif.run(Unknown Source:1)
08-04 15:14:28.455 28079 28079 W RcsClientLib: 	at afou.run(PG:3)
08-04 15:14:28.455 28079 28079 W RcsClientLib: 	at android.os.Handler.handleCallback(Handler.java:938)
08-04 15:14:28.455 28079 28079 W RcsClientLib: 	at android.os.Handler.dispatchMessage(Handler.java:99)
08-04 15:14:28.455 28079 28079 W RcsClientLib: 	at android.os.Looper.loop(Looper.java:223)
08-04 15:14:28.455 28079 28079 W RcsClientLib: 	at android.app.ActivityThread.main(ActivityThread.java:7656)
08-04 15:14:28.455 28079 28079 W RcsClientLib: 	at java.lang.reflect.Method.invoke(Native Method)
08-04 15:14:28.455 28079 28079 W RcsClientLib: 	at com.android.internal.os.RuntimeInit$MethodAndArgsCaller.run(RuntimeInit.java:592)
08-04 15:14:28.455 28079 28079 W RcsClientLib: 	at com.android.internal.os.ZygoteInit.main(ZygoteInit.java:947)
08-04 15:14:28.455 28079 28079 I BugleRcsEngine: [2] aeec.disconnect: Disconnecting ImsConnectionTrackerService
08-04 15:14:28.455 28079 28079 W RcsClientLib: Unexpected error when trying to unbind com.google.android.ims.rcsservice.ims.IImsConnectionTracker: Service not registered: aeed@40d8a88
08-04 15:14:28.455 28079 28079 W RcsClientLib: java.lang.IllegalArgumentException: Service not registered: aeed@40d8a88
08-04 15:14:28.455 28079 28079 W RcsClientLib: 	at android.app.LoadedApk.forgetServiceDispatcher(LoadedApk.java:1757)
08-04 15:14:28.455 28079 28079 W RcsClientLib: 	at android.app.ContextImpl.unbindService(ContextImpl.java:1874)
08-04 15:14:28.455 28079 28079 W RcsClientLib: 	at android.content.ContextWrapper.unbindService(ContextWrapper.java:792)
08-04 15:14:28.455 28079 28079 W RcsClientLib: 	at aeec.b(PG:43)
08-04 15:14:28.455 28079 28079 W RcsClientLib: 	at aeec.disconnect(PG:41)
08-04 15:14:28.455 28079 28079 W RcsClientLib: 	at koc.b(PG:41)
08-04 15:14:28.455 28079 28079 W RcsClientLib: 	at kof.a(PG:38)
08-04 15:14:28.455 28079 28079 W RcsClientLib: 	at riw.a(PG:43)
08-04 15:14:28.455 28079 28079 W RcsClientLib: 	at rif.run(Unknown Source:1)
08-04 15:14:28.455 28079 28079 W RcsClientLib: 	at afou.run(PG:3)
08-04 15:14:28.455 28079 28079 W RcsClientLib: 	at android.os.Handler.handleCallback(Handler.java:938)
08-04 15:14:28.455 28079 28079 W RcsClientLib: 	at android.os.Handler.dispatchMessage(Handler.java:99)
08-04 15:14:28.455 28079 28079 W RcsClientLib: 	at android.os.Looper.loop(Looper.java:223)
08-04 15:14:28.455 28079 28079 W RcsClientLib: 	at android.app.ActivityThread.main(ActivityThread.java:7656)
08-04 15:14:28.455 28079 28079 W RcsClientLib: 	at java.lang.reflect.Method.invoke(Native Method)
08-04 15:14:28.455 28079 28079 W RcsClientLib: 	at com.android.internal.os.RuntimeInit$MethodAndArgsCaller.run(RuntimeInit.java:592)
08-04 15:14:28.455 28079 28079 W RcsClientLib: 	at com.android.internal.os.ZygoteInit.main(ZygoteInit.java:947)
08-04 15:14:28.455 28079 28079 I BugleRcsEngine: [2] aeec.disconnect: Disconnecting RcsProfileService
08-04 15:14:28.455 28079 28079 W RcsClientLib: Unexpected error when trying to unbind com.google.android.ims.rcsservice.profile.IRcsProfile: Service not registered: aeed@abafa07
08-04 15:14:28.455 28079 28079 W RcsClientLib: java.lang.IllegalArgumentException: Service not registered: aeed@abafa07
08-04 15:14:28.455 28079 28079 W RcsClientLib: 	at android.app.LoadedApk.forgetServiceDispatcher(LoadedApk.java:1757)
08-04 15:14:28.455 28079 28079 W RcsClientLib: 	at android.app.ContextImpl.unbindService(ContextImpl.java:1874)
08-04 15:14:28.455 28079 28079 W RcsClientLib: 	at android.content.ContextWrapper.unbindService(ContextWrapper.java:792)
08-04 15:14:28.455 28079 28079 W RcsClientLib: 	at aeec.b(PG:43)
08-04 15:14:28.455 28079 28079 W RcsClientLib: 	at aeec.disconnect(PG:41)
08-04 15:14:28.455 28079 28079 W RcsClientLib: 	at koc.b(PG:42)
08-04 15:14:28.455 28079 28079 W RcsClientLib: 	at kof.a(PG:38)
08-04 15:14:28.455 28079 28079 W RcsClientLib: 	at riw.a(PG:43)
08-04 15:14:28.455 28079 28079 W RcsClientLib: 	at rif.run(Unknown Source:1)
08-04 15:14:28.455 28079 28079 W RcsClientLib: 	at afou.run(PG:3)
