10-24 16:08:40.103   544   544 I SystemServerTiming: OnBootPhase_500_com.android.server.blob.BlobStoreManagerService
10-24 16:08:40.103   544   544 I SystemServerTiming: OnBootPhase_500_com.android.server.print.PrintManagerService
10-24 16:08:40.103   544   544 I SystemServerTiming: OnBootPhase_500_com.android.server.companion.CompanionDeviceManagerService
10-24 16:08:40.103   544   544 D BluetoothAdapter: registerBluetoothConnectionCallback()
10-24 16:08:40.103   544   544 I CompanionDeviceManagerService: initBleScanning()
10-24 16:08:40.103   544   544 I SystemServerTiming: OnBootPhase_500_com.android.server.restrictions.RestrictionsManagerService
10-24 16:08:40.103   544   544 I SystemServerTiming: OnBootPhase_500_com.android.server.media.MediaSessionService
10-24 16:08:40.103   544   544 I SystemServerTiming: OnBootPhase_500_com.android.server.media.MediaResourceMonitorService
10-24 16:08:40.103   544   544 I SystemServerTiming: OnBootPhase_500_com.android.server.biometrics.sensors.fingerprint.FingerprintService
10-24 16:08:40.103   544   544 I SystemServerTiming: OnBootPhase_500_com.android.server.biometrics.BiometricService
10-24 16:08:40.103   544   544 I SystemServerTiming: OnBootPhase_500_com.android.server.biometrics.AuthService
10-24 16:08:40.103   544   544 I SystemServerTiming: OnBootPhase_500_com.android.server.pm.ShortcutService$Lifecycle
10-24 16:08:40.103   544   544 I SystemServerTiming: OnBootPhase_500_com.android.server.pm.LauncherAppsService
10-24 16:08:40.103   544   544 I SystemServerTiming: OnBootPhase_500_com.android.server.pm.CrossProfileAppsService
10-24 16:08:40.103   544   544 I SystemServerTiming: OnBootPhase_500_com.android.server.people.PeopleService
10-24 16:08:40.104   544   544 I SystemServerTiming: OnBootPhase_500_com.android.server.media.metrics.MediaMetricsManagerService
10-24 16:08:40.104   544   544 I SystemServerTiming: OnBootPhase_500_com.android.server.media.projection.MediaProjectionManagerService
10-24 16:08:40.104   544   544 I SystemServerTiming: OnBootPhase_500_com.android.server.slice.SliceManagerService$Lifecycle
10-24 16:08:40.104   544   544 I SystemServerTiming: OnBootPhase_500_com.android.server.stats.StatsCompanion$Lifecycle
10-24 16:08:40.104   544   544 I SystemServerTiming: OnBootPhase_500_com.android.server.scheduling.RebootReadinessManagerService$Lifecycle
10-24 16:08:40.104   544   544 I SystemServerTiming: OnBootPhase_500_com.android.server.stats.pull.StatsPullAtomService
10-24 16:08:40.104   544   544 I SystemServerTiming: OnBootPhase_500_com.android.server.incident.IncidentCompanionService
10-24 16:08:40.104   544   544 I SystemServerTiming: OnBootPhase_500_com.android.server.MmsServiceBroker
10-24 16:08:40.104   544   544 I SystemServerTiming: OnBootPhase_500_com.android.server.autofill.AutofillManagerService
10-24 16:08:40.104   544   544 I SystemServerTiming: OnBootPhase_500_com.android.server.translation.TranslationManagerService
10-24 16:08:40.104   544   544 I SystemServerTiming: OnBootPhase_500_com.android.server.clipboard.ClipboardService
10-24 16:08:40.104   544   544 I SystemServerTiming: OnBootPhase_500_com.android.server.appbinding.AppBindingService$Lifecycle
10-24 16:08:40.104   544   544 I SystemServerTiming: OnBootPhase_500_com.android.server.tracing.TracingServiceProxy
10-24 16:08:40.104   544   544 I SystemServerTiming: MakeWindowManagerServiceReady
10-24 16:08:40.104   178   178 I hwservicemanager: getTransport: Cannot find entry android.hardware.configstore@1.0::ISurfaceFlingerConfigs/default in either framework or device VINTF manifest.
10-24 16:08:40.105   178   178 I hwservicemanager: getTransport: Cannot find entry android.hardware.configstore@1.0::ISurfaceFlingerConfigs/default in either framework or device VINTF manifest.
10-24 16:08:40.106   544   544 I SystemServerTiming: MakePowerManagerServiceReady
10-24 16:08:40.106   544   655 I WifiInjector: enableVerboseLogging(0): false
10-24 16:08:40.106   544   655 E SupplicantStaIfaceHal: Can't call setDebugParams, ISupplicant is null
10-24 16:08:40.106   544   655 E HostapdHal: Can't call setDebugParams, IHostapd is null
10-24 16:08:40.106   544   655 I WifiService: WifiService starting up with Wi-Fi enabled
10-24 16:08:40.106   544   544 I AttentionDetector: readValuesFromDeviceConfig():
10-24 16:08:40.106   544   544 I AttentionDetector: mMaximumExtensionMillis=900000
10-24 16:08:40.106   544   544 I AttentionDetector: mPreDimCheckDurationMillis=2000
10-24 16:08:40.106   544   544 I AttentionDetector: mRequestedPostDimTimeoutMillis=0
10-24 16:08:40.107   544   571 I android_os_HwBinder: HwBinder: Starting thread pool for getting: android.hardware.health@2.0::IHealth/default
10-24 16:08:40.108   544   571 I android_os_HwBinder: HwBinder: Starting thread pool for getting: android.hidl.manager@1.0::IServiceManager/default
10-24 16:08:40.108   544   544 E DisplayPowerController[0]: failed to set up display white-balance: java.lang.IllegalStateException: cannot find sensor com.google.sensor.color
10-24 16:08:40.108   544   544 W DisplayPowerController[0]: Screen brightness nits configuration is unavailable; falling back
10-24 16:08:40.109   544   571 I HealthServiceWrapper: health: HealthServiceWrapper listening to instance default
10-24 16:08:40.110   544   571 D StatsPullAtomService: Registering pullers with statsd
10-24 16:08:40.111   544   571 I StatsPullAtomService: register thermal listener successfully
10-24 16:08:40.111   544   663 D ConnectivityService: NetReassign [no changes]
10-24 16:08:40.113   544   707 I android_os_HwBinder: HwBinder: Starting thread pool for getting: android.hardware.health@2.0::IHealth/default
10-24 16:08:40.115   544   655 D WifiController: isAirplaneModeOn = false, isWifiEnabled = true, isScanningAvailable = true, isLocationModeActive = true
10-24 16:08:40.115   544   655 D WifiActiveModeWarden: Starting primary ClientModeManager in connect mode
10-24 16:08:40.115   544   587 W KeyguardServiceDelegate: onScreenTurningOn(): no keyguard service!
10-24 16:08:40.116   191   197 E android.system.suspend@1.0-service: Error opening kernel wakelock stats for: wakeup4: Permission denied
10-24 16:08:40.116   191   197 E android.system.suspend@1.0-service: Error opening kernel wakelock stats for: wakeup2: Permission denied
10-24 16:08:40.116   544   587 V DisplayPowerController[0]: Brightness [0.39763778] reason changing to: 'override', previous reason: '0'.
10-24 16:08:40.116   191   197 E android.system.suspend@1.0-service: Error opening kernel wakelock stats for: wakeup0: Permission denied
10-24 16:08:40.116   544   544 E DeviceConfig: Parsing int failed for location_mode
10-24 16:08:40.112   191   191 W Binder:191_2: type=1400 audit(0.0:28): avc: denied { read } for name="wakeup4" dev="sysfs" ino=18129 scontext=u:r:system_suspend:s0 tcontext=u:object_r:sysfs:s0 tclass=dir permissive=0
10-24 16:08:40.112   191   191 W Binder:191_2: type=1400 audit(0.0:29): avc: denied { read } for name="wakeup2" dev="sysfs" ino=17256 scontext=u:r:system_suspend:s0 tcontext=u:object_r:sysfs:s0 tclass=dir permissive=0
10-24 16:08:40.112   191   191 W Binder:191_2: type=1400 audit(0.0:30): avc: denied { read } for name="wakeup0" dev="sysfs" ino=14159 scontext=u:r:system_suspend:s0 tcontext=u:object_r:sysfs:s0 tclass=dir permissive=0
10-24 16:08:40.116   191   191 W Binder:191_2: type=1400 audit(0.0:31): avc: denied { read } for name="wakeup5" dev="sysfs" ino=18189 scontext=u:r:system_suspend:s0 tcontext=u:object_r:sysfs:s0 tclass=dir permissive=0
10-24 16:08:40.116   191   191 W Binder:191_2: type=1400 audit(0.0:32): avc: denied { read } for name="wakeup3" dev="sysfs" ino=17304 scontext=u:r:system_suspend:s0 tcontext=u:object_r:sysfs:s0 tclass=dir permissive=0
10-24 16:08:40.116   191   191 W Binder:191_2: type=1400 audit(0.0:33): avc: denied { read } for name="wakeup1" dev="sysfs" ino=14220 scontext=u:r:system_suspend:s0 tcontext=u:object_r:sysfs:s0 tclass=dir permissive=0
10-24 16:08:40.117   544   544 I FaceDownDetector: readValuesFromDeviceConfig():
10-24 16:08:40.117   544   544 I FaceDownDetector: mAccelerationThreshold=0.2
10-24 16:08:40.117   544   544 I FaceDownDetector: mZAccelerationThreshold=-9.5
10-24 16:08:40.117   544   544 I FaceDownDetector: mTimeThreshold=PT1S
10-24 16:08:40.117   544   544 I FaceDownDetector: mIsEnabled=true
10-24 16:08:40.117   191   197 E android.system.suspend@1.0-service: Error opening kernel wakelock stats for: wakeup5: Permission denied
10-24 16:08:40.117   191   197 E android.system.suspend@1.0-service: Error opening kernel wakelock stats for: wakeup3: Permission denied
10-24 16:08:40.118   191   197 E android.system.suspend@1.0-service: Error opening kernel wakelock stats for: wakeup1: Permission denied
10-24 16:08:40.119   347   347 I android.hardware.power-service.example: Power isModeSupported: 9
10-24 16:08:40.121   544   579 W KernelCpuProcStringReader: File not found. It's normal if not implemented: /proc/uid_concurrent_policy_time
10-24 16:08:40.124   544   564 I DisplayDeviceRepository: Display device changed state: "Built-in Screen", ON
10-24 16:08:40.125   544   564 I InputManager-JNI: Viewport [0] to add: local:4619827259835644672, isActive: true
10-24 16:08:40.125   544   636 I InputReader: Reconfiguring input devices, changes=DISPLAY_INFO | 
10-24 16:08:40.125   544   636 I InputReader: Touch device 'virtio_input_multi_touch_10' could not query the properties of its associated display.  The device will be inoperable until the display size becomes available.
10-24 16:08:40.125   544   636 I InputReader: Touch device 'virtio_input_multi_touch_6' could not query the properties of its associated display.  The device will be inoperable until the display size becomes available.
10-24 16:08:40.125   544   636 I InputReader: Touch device 'virtio_input_multi_touch_11' could not query the properties of its associated display.  The device will be inoperable until the display size becomes available.
10-24 16:08:40.125   544   636 I InputReader: Touch device 'virtio_input_multi_touch_4' could not query the properties of its associated display.  The device will be inoperable until the display size becomes available.
10-24 16:08:40.125   544   636 I InputReader: Device reconfigured: id=8, name='virtio_input_multi_touch_1', size 1080x2280, orientation 0, mode 1, display id 0
10-24 16:08:40.125   544   636 I InputReader: Touch device 'virtio_input_multi_touch_7' could not query the properties of its associated display.  The device will be inoperable until the display size becomes available.
10-24 16:08:40.125   544   636 I InputReader: Touch device 'virtio_input_multi_touch_2' could not query the properties of its associated display.  The device will be inoperable until the display size becomes available.
10-24 16:08:40.125   544   636 I InputReader: Touch device 'virtio_input_multi_touch_9' could not query the properties of its associated display.  The device will be inoperable until the display size becomes available.
10-24 16:08:40.125   544   636 I InputReader: Touch device 'virtio_input_multi_touch_5' could not query the properties of its associated display.  The device will be inoperable until the display size becomes available.
10-24 16:08:40.125   544   636 I InputReader: Touch device 'virtio_input_multi_touch_3' could not query the properties of its associated display.  The device will be inoperable until the display size becomes available.
10-24 16:08:40.125   544   636 I InputReader: Touch device 'virtio_input_multi_touch_8' could not query the properties of its associated display.  The device will be inoperable until the display size becomes available.
10-24 16:08:40.127   354   354 D SurfaceFlinger: Setting power mode 2 on display 4619827259835644672
10-24 16:08:40.127   544   712 E DisplayDeviceConfig: requesting nits when no mapping exists.
10-24 16:08:40.128   544   572 I DropBoxManagerService: add tag=system_server_wtf isTagEnabled=true flags=0x2
10-24 16:08:40.128   544   712 E DisplayDeviceConfig: requesting nits when no mapping exists.
10-24 16:08:40.129   544   572 I DropBoxManagerService: add tag=system_server_wtf isTagEnabled=true flags=0x2
10-24 16:08:40.135   544   544 I SystemServerTiming: StartPermissionPolicyService
10-24 16:08:40.135   544   544 I SystemServiceManager: Starting com.android.server.policy.PermissionPolicyService
10-24 16:08:40.136   544   544 I SystemServerTiming: MakePackageManagerServiceReady
10-24 16:08:40.137   544   655 I android_os_HwBinder: HwBinder: Starting thread pool for getting: android.hidl.manager@1.2::IServiceManager/default
10-24 16:08:40.137   544   643 D HalDevMgr: IWifi registration notification: fqName=android.hardware.wifi@1.0::IWifi, name=default, preexisting=true
10-24 16:08:40.145   544   655 I android_os_HwBinder: HwBinder: Starting thread pool for getting: android.hardware.wifi@1.0::IWifi/default
10-24 16:08:40.147   544   655 D WifiNl80211Manager: tearing down interfaces in wificond
10-24 16:08:40.149   544   544 V UserDataPreparer: Found /data/user_de/0 with serial number 0
10-24 16:08:40.149   544   544 V UserDataPreparer: Found /data/user/0 with serial number 0
10-24 16:08:40.149   544   544 V UserDataPreparer: Found /data/system_de/0 with serial number 0
10-24 16:08:40.149   544   544 V UserDataPreparer: Found /data/system_ce/0 with serial number 0
10-24 16:08:40.150   544   544 V UserDataPreparer: Found /data/misc_ce/0 with serial number -1
10-24 16:08:40.150   544   544 D UserDataPreparer: Serial number missing on /data/misc_ce/0; assuming current is valid
10-24 16:08:40.171   544   544 I PackageManager: Permission ownership changed. Updating all permissions.
10-24 16:08:40.176   344   344 W wifi@1.0-servic: type=1400 audit(0.0:34): avc: denied { read } for name="u:object_r:persist_vendor_debug_wifi_prop:s0" dev="tmpfs" ino=204 scontext=u:r:hal_wifi_default:s0 tcontext=u:object_r:persist_vendor_debug_wifi_prop:s0 tclass=file permissive=0
10-24 16:08:40.179   544   655 D WifiAdaptConnObserver: Adaptive connectivity status initialized to: true
10-24 16:08:40.179   544   655 D WifiController: EnabledState.enter()
10-24 16:08:40.179   544   655 D WifiClientModeManager[unknown]: entering IdleState
10-24 16:08:40.180   544   592 E DefaultPermGrantPolicy: Package not found: com.google.android.apps.pixelmigrate
10-24 16:08:40.180   544   592 W DefaultPermGrantPolicy: No such package:com.google.android.apps.pixelmigrate
10-24 16:08:40.180   344   344 W libc    : Access denied finding property "persist.vendor.debug.wifi.hal.preset_interface_combination_idx"
10-24 16:08:40.182   344   344 I android.hardware.wifi@1.0-service: Wifi HAL started
10-24 16:08:40.183   544   655 I WifiVendorHal: Vendor Hal started successfully
10-24 16:08:40.183   544   544 I SystemServerTiming: MakeDisplayManagerServiceReady
10-24 16:08:40.186   544   544 I SystemServerTiming: StartDeviceSpecificServices
10-24 16:08:40.186   544   544 I SystemServerTiming: GameManagerService
10-24 16:08:40.186   544   544 I SystemServiceManager: Starting com.android.server.app.GameManagerService$Lifecycle
10-24 16:08:40.186   344   344 W android.hardware.wifi@1.0-service: No active wlan interfaces in use! Using default
10-24 16:08:40.186   344   344 E android.hardware.wifi@1.0-service: Unknown iface name: wlan0
10-24 16:08:40.186   344   344 E android.hardware.wifi@1.0-service: Unknown iface name: wlan0
10-24 16:08:40.187   544   544 I SystemServerTiming: StartBootPhaseDeviceSpecificServicesReady
10-24 16:08:40.187   544   544 I SystemServiceManager: Starting phase 520
10-24 16:08:40.187   544   544 I SystemServerTiming: OnBootPhase_520
10-24 16:08:40.187   544   544 I SystemServerTiming: OnBootPhase_520_com.android.server.security.FileIntegrityService
10-24 16:08:40.187   544   544 I SystemServerTiming: OnBootPhase_520_com.android.server.pm.Installer
10-24 16:08:40.187   544   544 I SystemServerTiming: OnBootPhase_520_com.android.server.os.DeviceIdentifiersPolicyService
10-24 16:08:40.187   544   544 I SystemServerTiming: OnBootPhase_520_com.android.server.uri.UriGrantsManagerService$Lifecycle
10-24 16:08:40.187   544   544 I SystemServerTiming: OnBootPhase_520_com.android.server.powerstats.PowerStatsService
10-24 16:08:40.187   544   544 I SystemServerTiming: OnBootPhase_520_com.android.server.wm.ActivityTaskManagerService$Lifecycle
10-24 16:08:40.187   544   544 I SystemServerTiming: OnBootPhase_520_com.android.server.am.ActivityManagerService$Lifecycle
10-24 16:08:40.187   544   544 I SystemServerTiming: OnBootPhase_520_com.android.server.pm.DataLoaderManagerService
10-24 16:08:40.187   544   544 I SystemServerTiming: OnBootPhase_520_com.android.server.power.PowerManagerService
10-24 16:08:40.187   544   544 I SystemServerTiming: OnBootPhase_520_com.android.server.power.ThermalManagerService
10-24 16:08:40.187   544   544 I SystemServerTiming: OnBootPhase_520_com.android.server.power.hint.HintManagerService
10-24 16:08:40.187   544   544 I SystemServerTiming: OnBootPhase_520_com.android.server.recoverysystem.RecoverySystemService$Lifecycle
10-24 16:08:40.187   544   544 I SystemServerTiming: OnBootPhase_520_com.android.server.lights.LightsService
10-24 16:08:40.187   544   544 I SystemServerTiming: OnBootPhase_520_com.android.server.display.DisplayManagerService
10-24 16:08:40.187   544   544 I SystemServerTiming: OnBootPhase_520_com.android.server.pm.verify.domain.DomainVerificationService
10-24 16:08:40.187   544   544 I SystemServerTiming: OnBootPhase_520_com.android.server.pm.PackageInstallerService$Lifecycle
10-24 16:08:40.187   544   544 I SystemServerTiming: OnBootPhase_520_com.android.server.pm.UserManagerService$LifeCycle
10-24 16:08:40.187   544   544 I SystemServerTiming: OnBootPhase_520_com.android.server.om.OverlayManagerService
10-24 16:08:40.187   544   544 I SystemServerTiming: OnBootPhase_520_com.android.server.SensorPrivacyService
10-24 16:08:40.187   544   544 I SystemServerTiming: OnBootPhase_520_com.android.server.sensors.SensorService
10-24 16:08:40.187   544   544 I SystemServerTiming: OnBootPhase_520_com.android.server.SystemConfigService
10-24 16:08:40.187   544   544 I SystemServerTiming: OnBootPhase_520_com.android.server.BatteryService
10-24 16:08:40.187   544   544 I SystemServerTiming: OnBootPhase_520_com.android.server.usage.UsageStatsService
10-24 16:08:40.187   544   544 I SystemServerTiming: OnBootPhase_520_com.android.server.webkit.WebViewUpdateService
10-24 16:08:40.187   544   544 I SystemServerTiming: OnBootPhase_520_com.android.server.CachedDeviceStateService
10-24 16:08:40.187   544   544 I SystemServerTiming: OnBootPhase_520_com.android.server.BinderCallsStatsService$LifeCycle
10-24 16:08:40.188   544   544 I SystemServerTiming: OnBootPhase_520_com.android.server.LooperStatsService$Lifecycle
10-24 16:08:40.188   544   544 I SystemServerTiming: OnBootPhase_520_com.android.server.rollback.RollbackManagerService
10-24 16:08:40.188   544   544 I SystemServerTiming: OnBootPhase_520_com.android.server.os.NativeTombstoneManagerService
10-24 16:08:40.188   544   544 I SystemServerTiming: OnBootPhase_520_com.android.server.os.BugreportManagerService
10-24 16:08:40.188   544   544 I SystemServerTiming: OnBootPhase_520_com.android.server.gpu.GpuService
10-24 16:08:40.188   544   544 I SystemServerTiming: OnBootPhase_520_com.android.server.security.KeyChainSystemService
10-24 16:08:40.188   544   544 I SystemServerTiming: OnBootPhase_520_com.android.server.telecom.TelecomLoaderService
10-24 16:08:40.188   544   544 I SystemServerTiming: OnBootPhase_520_com.android.server.accounts.AccountManagerService$Lifecycle
10-24 16:08:40.188   544   544 I SystemServerTiming: OnBootPhase_520_com.android.server.content.ContentService$Lifecycle
10-24 16:08:40.188   544   544 I SystemServerTiming: OnBootPhase_520_com.android.server.DropBoxManagerService
10-24 16:08:40.188   544   544 I SystemServerTiming: OnBootPhase_520_com.android.role.RoleService
10-24 16:08:40.188   544   544 I SystemServerTiming: OnBootPhase_520_com.android.server.vibrator.VibratorManagerService$Lifecycle
10-24 16:08:40.188   544   544 I SystemServerTiming: OnBootPhase_520_com.android.server.alarm.AlarmManagerService
10-24 16:08:40.188   544   544 I SystemServerTiming: OnBootPhase_520_com.android.server.devicestate.DeviceStateManagerService
10-24 16:08:40.188   544   544 I SystemServerTiming: OnBootPhase_520_com.android.server.camera.CameraServiceProxy
10-24 16:08:40.188   544   544 I SystemServerTiming: OnBootPhase_520_com.android.server.BluetoothService
10-24 16:08:40.188   544   544 I SystemServerTiming: OnBootPhase_520_com.android.server.connectivity.IpConnectivityMetrics
10-24 16:08:40.188   544   544 I SystemServerTiming: OnBootPhase_520_com.android.server.net.watchlist.NetworkWatchlistService$Lifecycle
10-24 16:08:40.188   544   544 I SystemServerTiming: OnBootPhase_520_com.android.server.PinnerService
10-24 16:08:40.188   544   544 I SystemServerTiming: OnBootPhase_520_com.google.android.startop.iorap.IorapForwardingService
10-24 16:08:40.188   544   544 I SystemServerTiming: OnBootPhase_520_com.android.server.integrity.AppIntegrityManagerService
10-24 16:08:40.188   544   544 I SystemServerTiming: OnBootPhase_520_com.android.server.inputmethod.InputMethodManagerService$Lifecycle
10-24 16:08:40.188   544   544 I SystemServerTiming: OnBootPhase_520_com.android.server.accessibility.AccessibilityManagerService$Lifecycle
10-24 16:08:40.188   544   544 I SystemServerTiming: OnBootPhase_520_com.android.server.StorageManagerService$Lifecycle
10-24 16:08:40.188   544   544 I SystemServerTiming: OnBootPhase_520_com.android.server.usage.StorageStatsService$Lifecycle
10-24 16:08:40.188   544   544 I SystemServerTiming: OnBootPhase_520_com.android.server.UiModeManagerService
10-24 16:08:40.188   544   544 I SystemServerTiming: OnBootPhase_520_com.android.server.locksettings.LockSettingsService$Lifecycle
10-24 16:08:40.188   544   544 I SystemServerTiming: OnBootPhase_520_com.android.server.testharness.TestHarnessModeService
10-24 16:08:40.188   544   544 I SystemServerTiming: OnBootPhase_520_com.android.server.DeviceIdleController
10-24 16:08:40.188   544   544 I SystemServerTiming: OnBootPhase_520_com.android.server.devicepolicy.DevicePolicyManagerService$Lifecycle
10-24 16:08:40.188   544   544 I SystemServerTiming: OnBootPhase_520_com.android.server.musicrecognition.MusicRecognitionManagerService
10-24 16:08:40.188   544   544 I SystemServerTiming: OnBootPhase_520_com.android.server.contentcapture.ContentCaptureManagerService
10-24 16:08:40.188   544   544 I SystemServerTiming: OnBootPhase_520_com.android.server.systemcaptions.SystemCaptionsManagerService
10-24 16:08:40.188   544   544 I SystemServerTiming: OnBootPhase_520_com.android.server.texttospeech.TextToSpeechManagerService
10-24 16:08:40.188   544   544 I SystemServerTiming: OnBootPhase_520_com.android.server.speech.SpeechRecognitionManagerService
10-24 16:08:40.188   544   544 I SystemServerTiming: OnBootPhase_520_com.android.server.appprediction.AppPredictionManagerService
10-24 16:08:40.188   544   544 I SystemServerTiming: OnBootPhase_520_com.android.server.contentsuggestions.ContentSuggestionsManagerService
10-24 16:08:40.188   544   544 I SystemServerTiming: OnBootPhase_520_com.android.server.searchui.SearchUiManagerService
10-24 16:08:40.188   544   544 I SystemServerTiming: OnBootPhase_520_com.android.server.smartspace.SmartspaceManagerService
10-24 16:08:40.188   544   544 I SystemServerTiming: OnBootPhase_520_com.android.server.graphics.fonts.FontManagerService$Lifecycle
10-24 16:08:40.188   544   544 I SystemServerTiming: OnBootPhase_520_com.android.server.textservices.TextServicesManagerService$Lifecycle
10-24 16:08:40.188   544   544 I SystemServerTiming: OnBootPhase_520_com.android.server.textclassifier.TextClassificationManagerService$Lifecycle
10-24 16:08:40.188   544   544 I SystemServerTiming: OnBootPhase_520_com.android.server.NetworkScoreService$Lifecycle
10-24 16:08:40.188   544   544 I SystemServerTiming: OnBootPhase_520_com.android.server.wifi.WifiService
10-24 16:08:40.188   544   544 I SystemServerTiming: OnBootPhase_520_com.android.server.wifi.scanner.WifiScanningService
10-24 16:08:40.188   544   544 I SystemServerTiming: OnBootPhase_520_com.android.server.wifi.p2p.WifiP2pService
10-24 16:08:40.188   544   544 I SystemServerTiming: OnBootPhase_520_com.android.server.ConnectivityServiceInitializer
10-24 16:08:40.188   544   544 I SystemServerTiming: OnBootPhase_520_com.android.server.notification.NotificationManagerService
10-24 16:08:40.188   544   544 I SystemServerTiming: OnBootPhase_520_com.android.server.storage.DeviceStorageMonitorService
10-24 16:08:40.188   544   544 I SystemServerTiming: OnBootPhase_520_com.android.server.location.LocationManagerService$Lifecycle
10-24 16:08:40.188   544   544 I SystemServerTiming: OnBootPhase_520_com.android.server.timedetector.TimeDetectorService$Lifecycle
10-24 16:08:40.188   544   544 I SystemServerTiming: OnBootPhase_520_com.android.server.timezonedetector.TimeZoneDetectorService$Lifecycle
10-24 16:08:40.188   544   544 I SystemServerTiming: OnBootPhase_520_com.android.server.timezonedetector.location.LocationTimeZoneManagerService$Lifecycle
10-24 16:08:40.188   544   544 I SystemServerTiming: OnBootPhase_520_com.android.server.search.SearchManagerService$Lifecycle
10-24 16:08:40.188   544   544 I SystemServerTiming: OnBootPhase_520_com.android.server.wallpaper.WallpaperManagerService$Lifecycle
10-24 16:08:40.188   544   544 I SystemServerTiming: OnBootPhase_520_com.android.server.audio.AudioService$Lifecycle
10-24 16:08:40.188   544   544 I SystemServerTiming: OnBootPhase_520_com.android.server.soundtrigger_middleware.SoundTriggerMiddlewareService$Lifecycle
10-24 16:08:40.188   544   544 I SystemServerTiming: OnBootPhase_520_com.android.server.DockObserver
10-24 16:08:40.188   544   544 I SystemServerTiming: OnBootPhase_520_com.android.server.midi.MidiService$Lifecycle
10-24 16:08:40.188   544   544 I SystemServerTiming: OnBootPhase_520_com.android.server.adb.AdbService$Lifecycle
10-24 16:08:40.188   544   544 I SystemServerTiming: OnBootPhase_520_com.android.server.usb.UsbService$Lifecycle
10-24 16:08:40.188   544   544 I SystemServerTiming: OnBootPhase_520_com.android.server.twilight.TwilightService
10-24 16:08:40.188   544   544 I SystemServerTiming: OnBootPhase_520_com.android.server.display.color.ColorDisplayService
10-24 16:08:40.188   544   544 I SystemServerTiming: OnBootPhase_520_com.android.server.job.JobSchedulerService
10-24 16:08:40.188   544   544 I SystemServerTiming: OnBootPhase_520_com.android.server.soundtrigger.SoundTriggerService
10-24 16:08:40.188   544   544 D SoundTriggerService: onBootPhase: 520 : false
10-24 16:08:40.188   544   544 I SystemServerTiming: OnBootPhase_520_com.android.server.trust.TrustManagerService
10-24 16:08:40.188   544   544 I SystemServerTiming: OnBootPhase_520_com.android.server.backup.BackupManagerService$Lifecycle
10-24 16:08:40.188   544   544 I SystemServerTiming: OnBootPhase_520_com.android.server.appwidget.AppWidgetService
10-24 16:08:40.188   544   544 I SystemServerTiming: OnBootPhase_520_com.android.server.voiceinteraction.VoiceInteractionManagerService
10-24 16:08:40.188   544   544 I SystemServerTiming: OnBootPhase_520_com.android.server.apphibernation.AppHibernationService
10-24 16:08:40.188   544   544 I SystemServerTiming: OnBootPhase_520_com.android.server.GestureLauncherService
10-24 16:08:40.188   544   544 I SystemServerTiming: OnBootPhase_520_com.android.server.SensorNotificationService
10-24 16:08:40.188   544   544 I SystemServerTiming: OnBootPhase_520_com.android.server.emergency.EmergencyAffordanceService
10-24 16:08:40.188   544   544 I SystemServerTiming: OnBootPhase_520_com.android.server.dreams.DreamManagerService
10-24 16:08:40.188   544   544 I SystemServerTiming: OnBootPhase_520_com.android.server.blob.BlobStoreManagerService
10-24 16:08:40.188   544   544 I SystemServerTiming: OnBootPhase_520_com.android.server.print.PrintManagerService
10-24 16:08:40.188   544   544 I SystemServerTiming: OnBootPhase_520_com.android.server.companion.CompanionDeviceManagerService
10-24 16:08:40.188   544   544 I SystemServerTiming: OnBootPhase_520_com.android.server.restrictions.RestrictionsManagerService
10-24 16:08:40.188   544   544 I SystemServerTiming: OnBootPhase_520_com.android.server.media.MediaSessionService
10-24 16:08:40.188   544   544 I SystemServerTiming: OnBootPhase_520_com.android.server.media.MediaResourceMonitorService
10-24 16:08:40.188   544   544 I SystemServerTiming: OnBootPhase_520_com.android.server.biometrics.sensors.fingerprint.FingerprintService
10-24 16:08:40.188   544   544 I SystemServerTiming: OnBootPhase_520_com.android.server.biometrics.BiometricService
10-24 16:08:40.188   544   544 I SystemServerTiming: OnBootPhase_520_com.android.server.biometrics.AuthService
10-24 16:08:40.188   544   544 I SystemServerTiming: OnBootPhase_520_com.android.server.pm.ShortcutService$Lifecycle
10-24 16:08:40.188   544   544 I SystemServerTiming: OnBootPhase_520_com.android.server.pm.LauncherAppsService
10-24 16:08:40.188   544   544 I SystemServerTiming: OnBootPhase_520_com.android.server.pm.CrossProfileAppsService
10-24 16:08:40.188   544   544 I SystemServerTiming: OnBootPhase_520_com.android.server.people.PeopleService
10-24 16:08:40.188   544   544 I SystemServerTiming: OnBootPhase_520_com.android.server.media.metrics.MediaMetricsManagerService
10-24 16:08:40.188   544   544 I SystemServerTiming: OnBootPhase_520_com.android.server.media.projection.MediaProjectionManagerService
10-24 16:08:40.188   544   544 I SystemServerTiming: OnBootPhase_520_com.android.server.slice.SliceManagerService$Lifecycle
10-24 16:08:40.188   544   544 I SystemServerTiming: OnBootPhase_520_com.android.server.stats.StatsCompanion$Lifecycle
10-24 16:08:40.188   544   544 I SystemServerTiming: OnBootPhase_520_com.android.server.scheduling.RebootReadinessManagerService$Lifecycle
10-24 16:08:40.188   544   544 I SystemServerTiming: OnBootPhase_520_com.android.server.stats.pull.StatsPullAtomService
10-24 16:08:40.188   544   544 I SystemServerTiming: OnBootPhase_520_com.android.server.incident.IncidentCompanionService
10-24 16:08:40.188   544   544 I SystemServerTiming: OnBootPhase_520_com.android.server.MmsServiceBroker
10-24 16:08:40.188   544   544 I SystemServerTiming: OnBootPhase_520_com.android.server.autofill.AutofillManagerService
10-24 16:08:40.188   544   544 I SystemServerTiming: OnBootPhase_520_com.android.server.translation.TranslationManagerService
10-24 16:08:40.188   544   544 I SystemServerTiming: OnBootPhase_520_com.android.server.clipboard.ClipboardService
10-24 16:08:40.188   544   544 I SystemServerTiming: OnBootPhase_520_com.android.server.appbinding.AppBindingService$Lifecycle
10-24 16:08:40.188   544   544 I SystemServerTiming: OnBootPhase_520_com.android.server.tracing.TracingServiceProxy
10-24 16:08:40.188   544   544 I SystemServerTiming: OnBootPhase_520_com.android.server.policy.PermissionPolicyService
10-24 16:08:40.188   544   544 I SystemServerTiming: OnBootPhase_520_com.android.server.pm.StagingManager$Lifecycle
10-24 16:08:40.188   544   544 I SystemServerTiming: OnBootPhase_520_com.android.server.app.GameManagerService$Lifecycle
10-24 16:08:40.188   544   544 I SystemServerTiming: AppSearchManagerService
10-24 16:08:40.188   344   344 I android.hardware.wifi@1.0-service: Adding interface handle for wlan0
10-24 16:08:40.188   344   344 W android.hardware.wifi@1.0-service: No active wlan interfaces in use! Using default
10-24 16:08:40.188   344   344 E android.hardware.wifi@1.0-service: Failed to register radio mode change callback
10-24 16:08:40.188   344   344 W android.hardware.wifi@1.0-service: No active wlan interfaces in use! Using default
10-24 16:08:40.189   344   344 I android.hardware.wifi@1.0-service: Configured chip in mode 0
10-24 16:08:40.189   344   344 W android.hardware.wifi@1.0-service: No active wlan interfaces in use! Using default
10-24 16:08:40.192   544   655 D HalDevMgr: updateRttController: no one is interested in RTT controllers
10-24 16:08:40.192   344   344 I android.hardware.wifi@1.0-service: Adding interface handle for wlan0
10-24 16:08:40.192   344   344 E android.hardware.wifi@1.0-service: Failed to set DFS flag; DFS channels may be unavailable.
10-24 16:08:40.194   544   544 I SystemServiceManager: Starting com.android.server.appsearch.AppSearchManagerService
10-24 16:08:40.195   544   544 I SystemServerTiming: StartMediaCommunicationService
10-24 16:08:40.195   544   544 I SystemServiceManager: Starting com.android.server.media.MediaCommunicationService
10-24 16:08:40.196   544   544 I SystemServerTiming: PhaseActivityManagerReady
10-24 16:08:40.196   544   544 I SystemServerTiming: controllersReady
10-24 16:08:40.198   544   606 I SystemServerTimingAsync: InitThreadPoolExec:Update app-ops uidState in case package com.google.android.providers.media.module changed
10-24 16:08:40.198   544   626 I SystemServerTimingAsync: InitThreadPoolExec:Update app-ops uidState in case package com.google.android.cellbroadcastreceiver changed
10-24 16:08:40.198   544   568 I SystemServerTimingAsync: InitThreadPoolExec:Update app-ops uidState in case package com.android.systemui changed
10-24 16:08:40.198   544   615 I SystemServerTimingAsync: InitThreadPoolExec:Update app-ops uidState in case package com.google.android.apps.wallpaper changed
10-24 16:08:40.198   544   626 I SystemServerTimingAsync: InitThreadPoolExec:Update app-ops uidState in case package com.google.android.sdksetup changed
10-24 16:08:40.198   544   606 I SystemServerTimingAsync: InitThreadPoolExec:Update app-ops uidState in case package com.google.android.apps.nexuslauncher changed
10-24 16:08:40.198   544   606 I SystemServerTimingAsync: InitThreadPoolExec:Update app-ops uidState in case package com.google.android.apps.photos changed
10-24 16:08:40.198   544   606 I SystemServerTimingAsync: InitThreadPoolExec:Update app-ops uidState in case package com.google.android.apps.docs changed
10-24 16:08:40.198   544   606 I SystemServerTimingAsync: InitThreadPoolExec:Update app-ops uidState in case package com.google.android.gm changed
10-24 16:08:40.198   544   606 I SystemServerTimingAsync: InitThreadPoolExec:Update app-ops uidState in case package com.google.android.apps.youtube.music changed
10-24 16:08:40.198   544   606 I SystemServerTimingAsync: InitThreadPoolExec:Update app-ops uidState in case package com.google.android.inputmethod.latin changed
10-24 16:08:40.198   544   606 I SystemServerTimingAsync: InitThreadPoolExec:Update app-ops uidState in case package com.google.android.apps.maps changed
10-24 16:08:40.198   544   606 I SystemServerTimingAsync: InitThreadPoolExec:Update app-ops uidState in case package com.google.android.youtube changed
10-24 16:08:40.198   544   606 I SystemServerTimingAsync: InitThreadPoolExec:Update app-ops uidState in case package com.google.android.tts changed
10-24 16:08:40.198   544   606 I SystemServerTimingAsync: InitThreadPoolExec:Update app-ops uidState in case package com.google.android.calendar changed
10-24 16:08:40.198   544   606 I SystemServerTimingAsync: InitThreadPoolExec:Update app-ops uidState in case package com.google.android.deskclock changed
10-24 16:08:40.198   544   615 I SystemServerTimingAsync: InitThreadPoolExec:Update app-ops uidState in case package com.android.chrome changed
10-24 16:08:40.198   544   606 I SystemServerTimingAsync: InitThreadPoolExec:Update app-ops uidState in case package com.google.android.googlequicksearchbox changed
10-24 16:08:40.198   544   615 I SystemServerTimingAsync: InitThreadPoolExec:Update app-ops uidState in case package com.google.android.apps.messaging changed
10-24 16:08:40.198   544   615 I SystemServerTimingAsync: InitThreadPoolExec:Update app-ops uidState in case package com.google.android.gms changed
10-24 16:08:40.198   544   606 I SystemServerTimingAsync: InitThreadPoolExec:Update app-ops uidState in case package com.android.vending changed
10-24 16:08:40.198   544   606 I SystemServerTimingAsync: InitThreadPoolExec:Update app-ops uidState in case package com.android.dialer changed
10-24 16:08:40.198   544   606 I SystemServerTimingAsync: InitThreadPoolExec:Update app-ops uidState in case package com.google.android.apps.wellbeing changed
10-24 16:08:40.198   544   606 I SystemServerTimingAsync: InitThreadPoolExec:Update app-ops uidState in case package com.google.android.setupwizard changed
10-24 16:08:40.198   544   606 I SystemServerTimingAsync: InitThreadPoolExec:Update app-ops uidState in case package com.google.android.apps.restore changed
10-24 16:08:40.198   544   606 I SystemServerTimingAsync: InitThreadPoolExec:Update app-ops uidState in case package com.google.android.partnersetup changed
10-24 16:08:40.198   544   606 I SystemServerTimingAsync: InitThreadPoolExec:Update app-ops uidState in case package com.android.imsserviceentitlement changed
10-24 16:08:40.198   544   606 I SystemServerTimingAsync: InitThreadPoolExec:Update app-ops uidState in case package com.android.providers.calendar changed
10-24 16:08:40.198   544   606 I SystemServerTimingAsync: InitThreadPoolExec:Update app-ops uidState in case package com.android.cellbroadcastreceiver changed
10-24 16:08:40.198   544   606 I SystemServerTimingAsync: InitThreadPoolExec:Update app-ops uidState in case package com.android.providers.userdictionary changed
10-24 16:08:40.198   544   606 I SystemServerTimingAsync: InitThreadPoolExec:Update app-ops uidState in case package com.android.providers.contacts changed
10-24 16:08:40.198   544   606 I SystemServerTimingAsync: InitThreadPoolExec:Update app-ops uidState in case package com.google.android.networkstack.tethering changed
10-24 16:08:40.198   544   606 I SystemServerTimingAsync: InitThreadPoolExec:Update app-ops uidState in case package com.google.android.cellbroadcastservice changed
10-24 16:08:40.198   544   606 I SystemServerTimingAsync: InitThreadPoolExec:Update app-ops uidState in case package com.android.bluetooth changed
10-24 16:08:40.198   544   606 I SystemServerTimingAsync: InitThreadPoolExec:Update app-ops uidState in case package com.android.ons changed
10-24 16:08:40.198   544   606 I SystemServerTimingAsync: InitThreadPoolExec:Update app-ops uidState in case package com.android.phone changed
10-24 16:08:40.198   544   606 I SystemServerTimingAsync: InitThreadPoolExec:Update app-ops uidState in case package com.android.dynsystem changed
10-24 16:08:40.198   544   606 I SystemServerTimingAsync: InitThreadPoolExec:Update app-ops uidState in case package android changed
10-24 16:08:40.198   544   606 I SystemServerTimingAsync: InitThreadPoolExec:Update app-ops uidState in case package com.android.server.telecom changed
10-24 16:08:40.198   544   606 I SystemServerTimingAsync: InitThreadPoolExec:Update app-ops uidState in case package com.android.settings changed
10-24 16:08:40.198   544   544 I SystemServerTiming: killProcesses
10-24 16:08:40.198   544   544 I ActivityManager: System now ready
10-24 16:08:40.198   544   544 I SystemServerTiming: updateTopComponentForFactoryTest
10-24 16:08:40.198   544   544 I SystemServerTiming: registerActivityLaunchObserver
10-24 16:08:40.198   544   544 I SystemServerTiming: watchDeviceProvisioning
10-24 16:08:40.212   544   655 D WifiNl80211Manager: Setting up interface for client mode: wlan0
10-24 16:08:40.213   416   416 I wificond: createClientInterface: wiphy_index 0 iface_name wlan0
10-24 16:08:40.213   416   416 I wificond: create scanner for interface with index: 16
10-24 16:08:40.213   416   416 I wificond: subscribe scan result for interface with index: 16
10-24 16:08:40.214   416   416 I wificond: add channel type 0 support at wiphy index: 0
10-24 16:08:40.214   416   416 I wificond: add channel type 1 support at wiphy index: 0
10-24 16:08:40.215   544   544 I SystemServerTiming: retrieveSettings
10-24 16:08:40.217   544   655 I WifiNative: Interface state changed on Iface:{Name=wlan0,Id=0,Type=STA_SCAN}, isUp=true
10-24 16:08:40.217   544   655 I WifiNative: Successfully setup Iface:{Name=wlan0,Id=0,Type=STA_SCAN}
10-24 16:08:40.217   544   655 E SupplicantStaIfaceHal: checkHalVersionByInterfaceName: called but mServiceManager is null
10-24 16:08:40.217   544   655 E SupplicantStaIfaceHal: checkHalVersionByInterfaceName: called but mServiceManager is null
10-24 16:08:40.217   544   655 E SupplicantStaIfaceHal: Method getKeyMgmtCapabilities is not supported in existing HAL
10-24 16:08:40.217   544   655 E SupplicantStaIfaceHal: checkHalVersionByInterfaceName: called but mServiceManager is null
10-24 16:08:40.219   544   544 I ActivityTaskManager: Config changes=10000000 {1.0 ?mcc?mnc [en_US] ldltr sw392dp w392dp h757dp 440dpi nrml long port finger qwerty/v/v dpad/v winConfig={ mBounds=Rect(0, 0 - 1080, 2280) mAppBounds=Rect(0, 0 - 1080, 2148) mMaxBounds=Rect(0, 0 - 1080, 2280) mWindowingMode=fullscreen mDisplayWindowingMode=fullscreen mActivityType=undefined mAlwaysOnTop=undefined mRotation=ROTATION_0} s.8 fontWeightAdjustment=0}
10-24 16:08:40.219   544   544 I WindowManager: Override config changes=10000000 {1.0 ?mcc?mnc [en_US] ldltr sw392dp w392dp h757dp 440dpi nrml long port finger qwerty/v/v dpad/v winConfig={ mBounds=Rect(0, 0 - 1080, 2280) mAppBounds=Rect(0, 0 - 1080, 2148) mMaxBounds=Rect(0, 0 - 1080, 2280) mWindowingMode=fullscreen mDisplayWindowingMode=fullscreen mActivityType=undefined mAlwaysOnTop=undefined mRotation=ROTATION_0} s.8 fontWeightAdjustment=0} for displayId=0
10-24 16:08:40.220   544   544 I SystemServerTiming: Ugm.onSystemReady
10-24 16:08:40.220   544   544 I SystemServerTiming: updateForceBackgroundCheck
10-24 16:08:40.221   544   544 I SystemServer: Making services ready
10-24 16:08:40.221   544   544 I SystemServerTiming: StartActivityManagerReadyPhase
10-24 16:08:40.221   544   544 I SystemServiceManager: Starting phase 550
10-24 16:08:40.221   544   544 I SystemServerTiming: OnBootPhase_550
10-24 16:08:40.221   544   544 I SystemServerTiming: OnBootPhase_550_com.android.server.security.FileIntegrityService
10-24 16:08:40.221   544   544 I SystemServerTiming: OnBootPhase_550_com.android.server.pm.Installer
10-24 16:08:40.221   544   544 I SystemServerTiming: OnBootPhase_550_com.android.server.os.DeviceIdentifiersPolicyService
10-24 16:08:40.221   544   544 I SystemServerTiming: OnBootPhase_550_com.android.server.uri.UriGrantsManagerService$Lifecycle
10-24 16:08:40.221   544   544 I SystemServerTiming: OnBootPhase_550_com.android.server.powerstats.PowerStatsService
10-24 16:08:40.221   544   544 I SystemServerTiming: OnBootPhase_550_com.android.server.wm.ActivityTaskManagerService$Lifecycle
10-24 16:08:40.221   544   544 I SystemServerTiming: OnBootPhase_550_com.android.server.am.ActivityManagerService$Lifecycle
10-24 16:08:40.221   544   544 I SystemServerTiming: OnBootPhase_550_com.android.server.pm.DataLoaderManagerService
10-24 16:08:40.221   544   544 I SystemServerTiming: OnBootPhase_550_com.android.server.power.PowerManagerService
10-24 16:08:40.221   544   544 I SystemServerTiming: OnBootPhase_550_com.android.server.power.ThermalManagerService
10-24 16:08:40.222   544   544 I android_os_HwBinder: HwBinder: Starting thread pool for getting: android.hardware.thermal@2.0::IThermal/default
10-24 16:08:40.223   342   342 I android.hardware.thermal@2.0-service-mock: A callback has been registered to ThermalHAL, isFilter: 0 Type: CPU
10-24 16:08:40.223   544   544 I ThermalHalWrapper: Thermal HAL 2.0 service connected.
10-24 16:08:40.225   544   655 E SupplicantStaIfaceHal: checkHalVersionByInterfaceName: called but mServiceManager is null
10-24 16:08:40.225   544   655 E SupplicantStaIfaceHal: checkHalVersionByInterfaceName: called but mServiceManager is null
10-24 16:08:40.225   544   655 I SupplicantStaIfaceHal: Method getWpaDriverFeatureSet is not supported in existing HAL
10-24 16:08:40.225   544   655 D WifiClientModeManager[wlan0]: entering StartedState
10-24 16:08:40.225   544   544 I SystemServerTiming: OnBootPhase_550_com.android.server.power.hint.HintManagerService
10-24 16:08:40.225   544   544 I SystemServerTiming: OnBootPhase_550_com.android.server.recoverysystem.RecoverySystemService$Lifecycle
10-24 16:08:40.225   544   544 I SystemServerTiming: OnBootPhase_550_com.android.server.lights.LightsService
10-24 16:08:40.225   544   544 I SystemServerTiming: OnBootPhase_550_com.android.server.display.DisplayManagerService
10-24 16:08:40.225   544   544 I SystemServerTiming: OnBootPhase_550_com.android.server.pm.verify.domain.DomainVerificationService
10-24 16:08:40.225   544   544 I SystemServerTiming: OnBootPhase_550_com.android.server.pm.PackageInstallerService$Lifecycle
10-24 16:08:40.225   544   544 I SystemServerTiming: OnBootPhase_550_com.android.server.pm.UserManagerService$LifeCycle
10-24 16:08:40.225   544   544 I SystemServerTiming: OnBootPhase_550_com.android.server.om.OverlayManagerService
10-24 16:08:40.225   544   544 I SystemServerTiming: OnBootPhase_550_com.android.server.SensorPrivacyService
10-24 16:08:40.225   544   544 I SystemServerTiming: OnBootPhase_550_com.android.server.sensors.SensorService
10-24 16:08:40.225   544   544 I SystemServerTiming: OnBootPhase_550_com.android.server.SystemConfigService
10-24 16:08:40.225   544   544 I SystemServerTiming: OnBootPhase_550_com.android.server.BatteryService
10-24 16:08:40.226   544   544 I SystemServerTiming: OnBootPhase_550_com.android.server.usage.UsageStatsService
10-24 16:08:40.226   544   544 I SystemServerTiming: OnBootPhase_550_com.android.server.webkit.WebViewUpdateService
10-24 16:08:40.226   544   544 I SystemServerTiming: OnBootPhase_550_com.android.server.CachedDeviceStateService
10-24 16:08:40.226   544   544 I SystemServerTiming: OnBootPhase_550_com.android.server.BinderCallsStatsService$LifeCycle
10-24 16:08:40.226   544   544 I SystemServerTiming: OnBootPhase_550_com.android.server.LooperStatsService$Lifecycle
10-24 16:08:40.226   544   544 I SystemServerTiming: OnBootPhase_550_com.android.server.rollback.RollbackManagerService
10-24 16:08:40.226   544   544 I SystemServerTiming: OnBootPhase_550_com.android.server.os.NativeTombstoneManagerService
10-24 16:08:40.226   544   544 I SystemServerTiming: OnBootPhase_550_com.android.server.os.BugreportManagerService
10-24 16:08:40.226   544   544 I SystemServerTiming: OnBootPhase_550_com.android.server.gpu.GpuService
10-24 16:08:40.226   544   544 I SystemServerTiming: OnBootPhase_550_com.android.server.security.KeyChainSystemService
10-24 16:08:40.226   544   544 I SystemServerTiming: OnBootPhase_550_com.android.server.telecom.TelecomLoaderService
10-24 16:08:40.228   544   544 W ActivityManager: Too early to start/bind service in system_server: Phase=550 ComponentInfo{com.android.server.telecom/com.android.server.telecom.components.TelecomService}
10-24 16:08:40.229   544   544 D CompatibilityChangeReporter: Compat change id reported: 168419799; UID 1000; state: DISABLED
10-24 16:08:40.229   544   544 W ActivityManager: Too early to start/bind service in system_server: Phase=550 ComponentInfo{com.android.server.telecom/com.android.server.telecom.components.TelecomService}
10-24 16:08:40.230   544   544 I SystemServerTiming: OnBootPhase_550_com.android.server.accounts.AccountManagerService$Lifecycle
10-24 16:08:40.230   544   544 I SystemServerTiming: OnBootPhase_550_com.android.server.content.ContentService$Lifecycle
10-24 16:08:40.231   544   625 E NativeTombstoneManager: Tombstone's UID (0) not an app, ignoring
10-24 16:08:40.232   544   544 I SyncManager: No initial accounts
10-24 16:08:40.232   544   625 I DropBoxManagerService: add tag=SYSTEM_TOMBSTONE_PROTO isTagEnabled=true flags=0x0
10-24 16:08:40.233   544   655 I android_os_HwBinder: HwBinder: Starting thread pool for getting: android.hidl.manager@1.0::IServiceManager/default
10-24 16:08:40.234   544   544 I SystemServerTiming: OnBootPhase_550_com.android.server.DropBoxManagerService
10-24 16:08:40.234   544   544 I SystemServerTiming: OnBootPhase_550_com.android.role.RoleService
10-24 16:08:40.234   544   544 I SystemServerTiming: OnBootPhase_550_com.android.server.vibrator.VibratorManagerService$Lifecycle
10-24 16:08:40.234   544   544 I SystemServerTiming: OnBootPhase_550_com.android.server.alarm.AlarmManagerService
10-24 16:08:40.234   544   544 I SystemServerTiming: OnBootPhase_550_com.android.server.devicestate.DeviceStateManagerService
10-24 16:08:40.234   544   544 I SystemServerTiming: OnBootPhase_550_com.android.server.camera.CameraServiceProxy
10-24 16:08:40.234   544   544 I SystemServerTiming: OnBootPhase_550_com.android.server.BluetoothService
10-24 16:08:40.234   544   544 D BluetoothManagerService: Bluetooth boot completed
10-24 16:08:40.234   544   544 D BluetoothManagerService: Auto-enabling Bluetooth.
10-24 16:08:40.234   544   563 D BluetoothManagerService: MESSAGE_ENABLE(0): mBluetooth = null
10-24 16:08:40.234   544   563 D BluetoothManagerService: binding Bluetooth service
10-24 16:08:40.234   544   544 D BluetoothA2dp: Binding service...
10-24 16:08:40.235   544   655 I SupplicantStaIfaceHal: Starting supplicant using HIDL
10-24 16:08:40.235   544   563 D CompatibilityChangeReporter: Compat change id reported: 135634846; UID 1002; state: DISABLED
10-24 16:08:40.236   544   544 I BluetoothAirplaneModeListener: start
10-24 16:08:40.236   178   178 I hwservicemanager: Since android.hardware.wifi.supplicant@1.0::ISupplicant/default is not registered, trying to start it as a lazy HAL.
10-24 16:08:40.236   544   655 D SupplicantStaIfaceHal: Successfully triggered start of supplicant using HIDL
10-24 16:08:40.237   544   544 I SystemServerTiming: OnBootPhase_550_com.android.server.connectivity.IpConnectivityMetrics
