10-24 16:08:38.030   398   510 I adbd    : host-13: read thread spawning
10-24 16:08:38.031   398   513 I adbd    : host-19: write thread spawning
10-24 16:08:38.049   398   512 I adbd    : host-19: read thread spawning
10-24 16:08:38.049   398   398 I adbd    : host-19: already offline
10-24 16:08:38.049   398   398 I adbd    : Calling send_auth_request...
10-24 16:08:38.062   398   398 I adbd    : adbd_auth: loading keys from /data/misc/adb/adb_keys
10-24 16:08:38.063   398   398 I adbd    : adb client authorized
10-24 16:08:38.073   313   313 D MtpDeviceJNI: register_android_mtp_MtpDevice
10-24 16:08:38.093   313   313 I zygote64: Thread[1,tid=313,Native,Thread*=0xb40000768c9507b0,peer=0x13000260,"main"] recursive attempt to load library "librtp_jni.so"
10-24 16:08:38.133   313   313 W Zygote  : Class not found for preloading: android.view.SurfaceView$2
10-24 16:08:38.227   354   465 D RenderEngine: Shader cache generated 93 shaders in 525.078369 ms
10-24 16:08:38.233   487   509 D libEGL  : loaded /vendor/lib64/egl/libEGL_emulation.so
10-24 16:08:38.234   487   509 D libEGL  : loaded /vendor/lib64/egl/libGLESv1_CM_emulation.so
10-24 16:08:38.234   487   509 D libEGL  : loaded /vendor/lib64/egl/libGLESv2_emulation.so
10-24 16:08:38.240   487   509 D HostConnection: createUnique: call
10-24 16:08:38.241   487   509 D HostConnection: HostConnection::get() New Host Connection established 0xb40000778c0fde10, tid 509
10-24 16:08:38.243   487   509 D HostConnection: HostComposition ext ANDROID_EMU_CHECKSUM_HELPER_v1 ANDROID_EMU_native_sync_v2 ANDROID_EMU_native_sync_v3 ANDROID_EMU_native_sync_v4 ANDROID_EMU_dma_v1 ANDROID_EMU_direct_mem ANDROID_EMU_host_composition_v1 ANDROID_EMU_host_composition_v2 ANDROID_EMU_vulkan ANDROID_EMU_deferred_vulkan_commands ANDROID_EMU_vulkan_null_optional_strings ANDROID_EMU_vulkan_create_resources_with_requirements ANDROID_EMU_YUV_Cache ANDROID_EMU_vulkan_ignored_handles ANDROID_EMU_has_shared_slots_host_memory_allocator ANDROID_EMU_vulkan_free_memory_sync ANDROID_EMU_vulkan_shader_float16_int8 ANDROID_EMU_vulkan_async_queue_submit ANDROID_EMU_vulkan_queue_submit_with_commands ANDROID_EMU_sync_buffer_data ANDROID_EMU_vulkan_async_qsri ANDROID_EMU_read_color_buffer_dma GL_OES_EGL_image_external_essl3 GL_OES_vertex_array_object ANDROID_EMU_host_side_tracing ANDROID_EMU_gles_max_version_3_0 
10-24 16:08:38.244   178   178 I hwservicemanager: getTransport: Cannot find entry android.hardware.configstore@1.0::ISurfaceFlingerConfigs/default in either framework or device VINTF manifest.
10-24 16:08:38.245   178   178 I hwservicemanager: getTransport: Cannot find entry android.hardware.graphics.mapper@4.0::IMapper/default in either framework or device VINTF manifest.
10-24 16:08:38.245   487   509 I Gralloc4: mapper 4.x is not supported
10-24 16:08:38.246   487   509 D HostConnection: createUnique: call
10-24 16:08:38.246   487   509 D HostConnection: HostConnection::get() New Host Connection established 0xb40000778c0fcf10, tid 509
10-24 16:08:38.247   487   509 D goldfish-address-space: allocate: Ask for block of size 0x100
10-24 16:08:38.247   487   509 D goldfish-address-space: allocate: ioctl allocate returned offset 0x1fbff8000 size 0x8000
10-24 16:08:38.249   178   178 I hwservicemanager: getTransport: Cannot find entry android.hardware.graphics.allocator@4.0::IAllocator/default in either framework or device VINTF manifest.
10-24 16:08:38.249   487   509 W Gralloc4: allocator 4.x is not supported
10-24 16:08:38.251   329   394 D goldfish-address-space: claimShared: Ask to claim region [0x1fdc38000 0x1fe5a0000]
10-24 16:08:38.266   487   509 D HostConnection: HostComposition ext ANDROID_EMU_CHECKSUM_HELPER_v1 ANDROID_EMU_native_sync_v2 ANDROID_EMU_native_sync_v3 ANDROID_EMU_native_sync_v4 ANDROID_EMU_dma_v1 ANDROID_EMU_direct_mem ANDROID_EMU_host_composition_v1 ANDROID_EMU_host_composition_v2 ANDROID_EMU_vulkan ANDROID_EMU_deferred_vulkan_commands ANDROID_EMU_vulkan_null_optional_strings ANDROID_EMU_vulkan_create_resources_with_requirements ANDROID_EMU_YUV_Cache ANDROID_EMU_vulkan_ignored_handles ANDROID_EMU_has_shared_slots_host_memory_allocator ANDROID_EMU_vulkan_free_memory_sync ANDROID_EMU_vulkan_shader_float16_int8 ANDROID_EMU_vulkan_async_queue_submit ANDROID_EMU_vulkan_queue_submit_with_commands ANDROID_EMU_sync_buffer_data ANDROID_EMU_vulkan_async_qsri ANDROID_EMU_read_color_buffer_dma GL_OES_EGL_image_external_essl3 GL_OES_vertex_array_object ANDROID_EMU_host_side_tracing ANDROID_EMU_gles_max_version_3_0 
10-24 16:08:38.267   487   509 D EGL_emulation: eglCreateContext: 0xb40000778c0fd810: maj 1 min 0 rcv 1
10-24 16:08:38.282   487   509 D EGL_emulation: eglMakeCurrent: 0xb40000778c0fd810: ver 1 0 (tinfo 0x79aeacb080) (first time)
10-24 16:08:38.282   487   509 D EGL_emulation: eglMakeCurrent: 0xb40000778c0fd810: ver 1 0 (tinfo 0x79aeacb080) (first time)
10-24 16:08:38.333   487   509 D BootAnimation: BootAnimationShownTiming start time: 5124ms
10-24 16:08:38.333   487   538 E BootAnimation: Could not add watch for /data/system: Permission denied
10-24 16:08:38.343   329   394 D goldfish-address-space: claimShared: Ask to claim region [0x1fe5a0000 0x1fef08000]
10-24 16:08:38.359   354   354 I SurfaceFlinger: Enter boot animation
10-24 16:08:38.361   330   330 D HostConnection: HostComposition ext ANDROID_EMU_CHECKSUM_HELPER_v1 ANDROID_EMU_native_sync_v2 ANDROID_EMU_native_sync_v3 ANDROID_EMU_native_sync_v4 ANDROID_EMU_dma_v1 ANDROID_EMU_direct_mem ANDROID_EMU_host_composition_v1 ANDROID_EMU_host_composition_v2 ANDROID_EMU_vulkan ANDROID_EMU_deferred_vulkan_commands ANDROID_EMU_vulkan_null_optional_strings ANDROID_EMU_vulkan_create_resources_with_requirements ANDROID_EMU_YUV_Cache ANDROID_EMU_vulkan_ignored_handles ANDROID_EMU_has_shared_slots_host_memory_allocator ANDROID_EMU_vulkan_free_memory_sync ANDROID_EMU_vulkan_shader_float16_int8 ANDROID_EMU_vulkan_async_queue_submit ANDROID_EMU_vulkan_queue_submit_with_commands ANDROID_EMU_sync_buffer_data ANDROID_EMU_vulkan_async_qsri ANDROID_EMU_read_color_buffer_dma GL_OES_EGL_image_external_essl3 GL_OES_vertex_array_object ANDROID_EMU_host_side_tracing ANDROID_EMU_gles_max_version_3_0 
10-24 16:08:38.423   313   313 I Zygote  : ...preloaded 13903 classes in 517ms.
10-24 16:08:38.425   313   313 D ApplicationLoaders: Created zygote-cached class loader: /system/framework/android.hidl.base-V1.0-java.jar
10-24 16:08:38.427   313   313 D ApplicationLoaders: Created zygote-cached class loader: /system/framework/android.hidl.manager-V1.0-java.jar
10-24 16:08:38.428   313   313 D ApplicationLoaders: Created zygote-cached class loader: /system/framework/android.test.base.jar
10-24 16:08:38.428   313   313 I Zygote  : Preloading resources...
10-24 16:08:38.433   313   313 W Resources: Preloaded drawable resource #0x1080285 (android:drawable/dialog_background_material) that varies with configuration!!
10-24 16:08:38.436   313   313 I Zygote  : ...preloaded 64 resources in 8ms.
10-24 16:08:38.437   313   313 I Zygote  : ...preloaded 41 resources in 0ms.
10-24 16:08:38.442   313   313 I Zygote  : Preloading shared libraries...
10-24 16:08:38.444   313   313 I Zygote  : Called ZygoteHooks.endPreload()
10-24 16:08:38.445   313   313 I Zygote  : Installed AndroidKeyStoreProvider in 0ms.
10-24 16:08:38.446   313   313 I Zygote  : Warmed up JCA providers in 1ms.
10-24 16:08:38.446   313   313 D Zygote  : end preload
10-24 16:08:38.464   313   313 I zygote64: Explicit concurrent copying GC freed 64860(3113KB) AllocSpace objects, 1(16KB) LOS objects, 49% free, 9085KB/17MB, paused 19us,3us total 18.138ms
10-24 16:08:38.474   313   313 I zygote64: Explicit concurrent copying GC freed 3124(156KB) AllocSpace objects, 1(28KB) LOS objects, 49% free, 8933KB/17MB, paused 9us,3us total 9.074ms
10-24 16:08:38.497   313   313 D Zygote  : Forked child process 544
10-24 16:08:38.497   313   313 I Zygote  : System server process 544 has been created
10-24 16:08:38.498   313   313 I Zygote  : Accepting command socket connections
10-24 16:08:38.567   544   544 W system_server: Failed to upload odrefresh metrics: metrics file '/data/misc/odrefresh/odrefresh-metrics.txt' could not be opened: No such file or directory
10-24 16:08:38.568   544   544 E system_server: Not starting debugger since process cannot load the jdwp agent.
10-24 16:08:38.585   406   406 I bt_vhci_forwarder: ignore 0xff packet
10-24 16:08:38.595   544   544 I SystemServerTiming: InitBeforeStartServices
10-24 16:08:38.597   544   544 I SystemServer: Entered the Android system server!
10-24 16:08:38.648   398   450 I adbd    : adbd mDNS service _adb._tcp registered: 1
10-24 16:08:38.695   544   544 E UsbAlsaJackDetectorJNI: Can't register UsbAlsaJackDetector native methods
10-24 16:08:38.703   544   544 I SystemServerInitThreadPool: Creating instance with 4 threads
10-24 16:08:38.817   544   544 I SystemServerTiming: StartServices
10-24 16:08:38.817   544   544 I SystemServerTiming: startBootstrapServices
10-24 16:08:38.817   544   544 I SystemServerTiming: StartWatchdog
10-24 16:08:38.821   544   544 I SystemServer: Reading configuration...
10-24 16:08:38.821   544   544 I SystemServerTiming: ReadingSystemConfig
10-24 16:08:38.821   544   568 I SystemServerTimingAsync: InitThreadPoolExec:ReadingSystemConfig
10-24 16:08:38.821   544   544 I SystemServerTiming: PlatformCompat
10-24 16:08:38.822   544   568 I SystemConfig: Reading permissions from /system/etc/sysconfig/framework-sysconfig.xml
10-24 16:08:38.822   544   568 I incfs   : Initial API level of the device: 31
10-24 16:08:38.822   544   568 I incfs   : ro.incremental.enable: yes
10-24 16:08:38.822   544   544 D CompatConfig: Found a config file: /system/etc/compatconfig/framework-platform-compat-config.xml
10-24 16:08:38.822   544   568 I incfs   : isFsAvailable: true
10-24 16:08:38.822   544   568 I incfs   : isFsAvailable: true
10-24 16:08:38.823   544   568 I incfs   : IncFs_Features: v2
10-24 16:08:38.823   544   568 I SystemConfig: Reading permissions from /system/etc/sysconfig/hiddenapi-package-whitelist.xml
10-24 16:08:38.823   544   568 I SystemConfig: Reading permissions from /system/etc/sysconfig/preinstalled-packages-platform.xml
10-24 16:08:38.823   544   544 D CompatConfig: Adding: com.android.server.compat.config.Change@5419cad
10-24 16:08:38.824   544   568 I SystemConfig: Reading permissions from /system/etc/permissions/com.android.mediadrm.signer.xml
10-24 16:08:38.824   544   544 D CompatConfig: Adding: com.android.server.compat.config.Change@37f6b73
10-24 16:08:38.824   544   544 D CompatConfig: Adding: com.android.server.compat.config.Change@deffa30
10-24 16:08:38.824   544   544 D CompatConfig: Adding: com.android.server.compat.config.Change@e8856a9
10-24 16:08:38.824   544   568 I SystemConfig: Reading permissions from /system/etc/permissions/privapp-permissions-platform.xml
10-24 16:08:38.825   544   544 D CompatConfig: Adding: com.android.server.compat.config.Change@6db4bcf
10-24 16:08:38.825   544   544 D CompatConfig: Adding: com.android.server.compat.config.Change@d92895c
10-24 16:08:38.825   544   544 D CompatConfig: Adding: com.android.server.compat.config.Change@666b465
10-24 16:08:38.825   544   544 D CompatConfig: Adding: com.android.server.compat.config.Change@fcfc53a
10-24 16:08:38.826   544   544 D CompatConfig: Adding: com.android.server.compat.config.Change@e6ad5eb
10-24 16:08:38.826   544   568 I SystemConfig: Reading permissions from /system/etc/permissions/privapp-permissions-google.xml
10-24 16:08:38.826   544   544 D CompatConfig: Adding: com.android.server.compat.config.Change@71331e1
10-24 16:08:38.826   544   544 D CompatConfig: Adding: com.android.server.compat.config.Change@164fb06
10-24 16:08:38.826   544   544 D CompatConfig: Adding: com.android.server.compat.config.Change@91ee5c7
10-24 16:08:38.826   544   568 I SystemConfig: Reading permissions from /system/etc/permissions/android.software.live_wallpaper.xml
10-24 16:08:38.827   544   544 D CompatConfig: Adding: com.android.server.compat.config.Change@db00b1d
10-24 16:08:38.827   544   568 I SystemConfig: Reading permissions from /system/etc/permissions/javax.obex.xml
10-24 16:08:38.827   544   544 D CompatConfig: Adding: com.android.server.compat.config.Change@a1a1763
10-24 16:08:38.827   544   568 I SystemConfig: Reading permissions from /system/etc/permissions/android.software.webview.xml
10-24 16:08:38.827   544   544 D CompatConfig: Adding: com.android.server.compat.config.Change@d473c19
10-24 16:08:38.827   544   544 D CompatConfig: Adding: com.android.server.compat.config.Change@ffa64de
10-24 16:08:38.827   544   568 I SystemConfig: Reading permissions from /system/etc/permissions/android.test.base.xml
10-24 16:08:38.827   544   544 D CompatConfig: Adding: com.android.server.compat.config.Change@2b9018c
10-24 16:08:38.828   544   544 D CompatConfig: Adding: com.android.server.compat.config.Change@58680d5
10-24 16:08:38.828   544   568 I SystemConfig: Reading permissions from /system/etc/permissions/com.android.media.remotedisplay.xml
10-24 16:08:38.828   544   544 D CompatConfig: Adding: com.android.server.compat.config.Change@2510fdb
10-24 16:08:38.828   544   568 I SystemConfig: Reading permissions from /system/etc/permissions/com.android.nfc_extras.xml
10-24 16:08:38.828   544   544 D CompatConfig: Adding: com.android.server.compat.config.Change@93b5551
10-24 16:08:38.828   544   568 I SystemConfig: Reading permissions from /system/etc/permissions/com.android.future.usb.accessory.xml
10-24 16:08:38.828   544   544 D CompatConfig: Adding: com.android.server.compat.config.Change@dc6ceb7
10-24 16:08:38.828   544   568 I SystemConfig: Reading permissions from /system/etc/permissions/android.test.runner.xml
10-24 16:08:38.829   544   544 D CompatConfig: Adding: com.android.server.compat.config.Change@8ef58d
10-24 16:08:38.829   544   568 I SystemConfig: Reading permissions from /system/etc/permissions/org.apache.http.legacy.xml
10-24 16:08:38.829   544   544 D CompatConfig: Adding: com.android.server.compat.config.Change@b6f9f53
10-24 16:08:38.829   544   568 I SystemConfig: Reading permissions from /system/etc/permissions/android.test.mock.xml
10-24 16:08:38.829   544   544 D CompatConfig: Adding: com.android.server.compat.config.Change@3025d89
10-24 16:08:38.829   544   568 I SystemConfig: Reading permissions from /system/etc/permissions/com.android.location.provider.xml
10-24 16:08:38.829   544   544 D CompatConfig: Adding: com.android.server.compat.config.Change@ecaddaf
10-24 16:08:38.829   544   568 I SystemConfig: Reading permissions from /system/etc/permissions/platform.xml
10-24 16:08:38.829   544   544 D CompatConfig: Adding: com.android.server.compat.config.Change@52a4945
10-24 16:08:38.830   544   544 D CompatConfig: Adding: com.android.server.compat.config.Change@5b2689a
10-24 16:08:38.830   544   544 D CompatConfig: Adding: com.android.server.compat.config.Change@9f1a5cb
10-24 16:08:38.830   544   544 D CompatConfig: Adding: com.android.server.compat.config.Change@269a1a8
10-24 16:08:38.830   544   544 D CompatConfig: Adding: com.android.server.compat.config.Change@62b34c1
10-24 16:08:38.830   544   544 D CompatConfig: Adding: com.android.server.compat.config.Change@8be7466
10-24 16:08:38.830   544   544 D CompatConfig: Adding: com.android.server.compat.config.Change@d72d3a7
10-24 16:08:38.830   544   544 D CompatConfig: Adding: com.android.server.compat.config.Change@8b3054
10-24 16:08:38.831   544   544 D CompatConfig: Adding: com.android.server.compat.config.Change@8f55bfd
10-24 16:08:38.831   544   544 D CompatConfig: Adding: com.android.server.compat.config.Change@52d70f2
10-24 16:08:38.831   544   544 D CompatConfig: Adding: com.android.server.compat.config.Change@9ef0343
10-24 16:08:38.831   544   544 D CompatConfig: Adding: com.android.server.compat.config.Change@694fdc0
10-24 16:08:38.831   544   544 D CompatConfig: Adding: com.android.server.compat.config.Change@540baf9
10-24 16:08:38.831   544   544 D CompatConfig: Adding: com.android.server.compat.config.Change@f74909f
10-24 16:08:38.831   544   568 I SystemConfig: Reading permissions from /vendor/etc/permissions/android.software.autofill.xml
10-24 16:08:38.831   544   544 D CompatConfig: Adding: com.android.server.compat.config.Change@2ac35ec
10-24 16:08:38.831   544   544 D CompatConfig: Adding: com.android.server.compat.config.Change@c490db5
10-24 16:08:38.831   544   544 D CompatConfig: Adding: com.android.server.compat.config.Change@c462c4a
10-24 16:08:38.832   544   544 D CompatConfig: Adding: com.android.server.compat.config.Change@69b97bb
10-24 16:08:38.832   544   568 I SystemConfig: Reading permissions from /vendor/etc/permissions/android.hardware.bluetooth.xml
10-24 16:08:38.832   544   544 D CompatConfig: Adding: com.android.server.compat.config.Change@d49d031
10-24 16:08:38.832   544   568 I SystemConfig: Reading permissions from /vendor/etc/permissions/android.hardware.camera.front.xml
10-24 16:08:38.832   544   544 D CompatConfig: Adding: com.android.server.compat.config.Change@f61f497
10-24 16:08:38.832   544   544 D CompatConfig: Adding: com.android.server.compat.config.Change@9055684
10-24 16:08:38.832   544   568 I SystemConfig: Reading permissions from /vendor/etc/permissions/android.hardware.camera.full.xml
10-24 16:08:38.832   544   568 I SystemConfig: Reading permissions from /vendor/etc/permissions/handheld_core_hardware.xml
10-24 16:08:38.832   544   544 D CompatConfig: Adding: com.android.server.compat.config.Change@1c74333
10-24 16:08:38.833   544   544 D CompatConfig: Adding: com.android.server.compat.config.Change@4c356f0
10-24 16:08:38.833   544   544 D CompatConfig: Adding: com.android.server.compat.config.Change@9495469
10-24 16:08:38.833   544   544 D CompatConfig: Adding: com.android.server.compat.config.Change@e271eee
10-24 16:08:38.833   544   568 I SystemConfig: Reading permissions from /vendor/etc/permissions/android.software.vulkan.deqp.level.xml
10-24 16:08:38.833   544   544 D CompatConfig: Adding: com.android.server.compat.config.Change@91ef21c
10-24 16:08:38.833   544   544 D CompatConfig: Adding: com.android.server.compat.config.Change@d99ce25
10-24 16:08:38.833   544   568 I SystemConfig: Reading permissions from /vendor/etc/permissions/android.software.opengles.deqp.level.xml
10-24 16:08:38.834   544   544 D CompatConfig: Adding: com.android.server.compat.config.Change@b5de5ab
10-24 16:08:38.834   544   568 I SystemConfig: Reading permissions from /vendor/etc/permissions/android.hardware.bluetooth_le.xml
10-24 16:08:38.834   544   544 D CompatConfig: Adding: com.android.server.compat.config.Change@5be27a1
10-24 16:08:38.834   544   568 I SystemConfig: Reading permissions from /vendor/etc/permissions/android.hardware.camera.raw.xml
10-24 16:08:38.834   544   544 D CompatConfig: Adding: com.android.server.compat.config.Change@8933187
10-24 16:08:38.834   544   544 D CompatConfig: Adding: com.android.server.compat.config.Change@52d68b4
10-24 16:08:38.834   544   568 I SystemConfig: Reading permissions from /vendor/etc/permissions/android.hardware.touchscreen.multitouch.jazzhand.xml
10-24 16:08:38.835   544   544 D CompatConfig: Adding: com.android.server.compat.config.Change@e605052
10-24 16:08:38.835   544   544 D CompatConfig: Adding: com.android.server.compat.config.Change@8e75f23
10-24 16:08:38.835   544   544 D CompatConfig: Found a config file: /system/etc/compatconfig/calendar-provider-compat-config.xml
10-24 16:08:38.835   544   568 I SystemConfig: Reading permissions from /vendor/etc/permissions/android.hardware.camera.ar.xml
10-24 16:08:38.835   544   544 D CompatConfig: Adding: com.android.server.compat.config.Change@8f1f9e
10-24 16:08:38.835   544   568 I SystemConfig: Reading permissions from /vendor/etc/permissions/android.hardware.wifi.direct.xml
10-24 16:08:38.835   544   544 D CompatConfig: Found a config file: /system/etc/compatconfig/icu4j-platform-compat-config.xml
10-24 16:08:38.835   544   568 I SystemConfig: Reading permissions from /vendor/etc/permissions/android.hardware.wifi.passpoint.xml
10-24 16:08:38.835   544   544 D CompatConfig: Adding: com.android.server.compat.config.Change@24997aa
10-24 16:08:38.835   544   568 I SystemConfig: Reading permissions from /vendor/etc/permissions/android.hardware.identity_credential.xml
10-24 16:08:38.835   544   544 D CompatConfig: Found a config file: /system/etc/compatconfig/documents-ui-compat-config.xml
10-24 16:08:38.836   544   544 D CompatConfig: Adding: com.android.server.compat.config.Change@9818476
10-24 16:08:38.836   544   568 I SystemConfig: Reading permissions from /vendor/etc/permissions/android.hardware.camera.flash-autofocus.xml
10-24 16:08:38.836   544   544 D CompatConfig: Found a config file: /system/etc/compatconfig/services-platform-compat-config.xml
10-24 16:08:38.836   544   568 I SystemConfig: Reading permissions from /vendor/etc/permissions/android.hardware.fingerprint.xml
10-24 16:08:38.836   544   568 I SystemConfig: Reading permissions from /vendor/etc/permissions/android.hardware.hardware_keystore.km41.xml
10-24 16:08:38.837   544   568 I SystemConfig: Reading permissions from /vendor/etc/permissions/android.hardware.wifi.xml
10-24 16:08:38.837   544   544 D CompatConfig: Adding: com.android.server.compat.config.Change@efe5713
10-24 16:08:38.837   544   568 I SystemConfig: Reading permissions from /vendor/etc/permissions/android.hardware.vulkan.version.xml
10-24 16:08:38.837   544   544 D CompatConfig: Adding: com.android.server.compat.config.Change@a953b49
10-24 16:08:38.837   544   544 D CompatConfig: Adding: com.android.server.compat.config.Change@d10ac4e
10-24 16:08:38.837   544   568 I SystemConfig: Reading permissions from /vendor/etc/permissions/android.hardware.camera.concurrent.xml
10-24 16:08:38.838   544   544 D CompatConfig: Adding: com.android.server.compat.config.Change@cb5ae7c
10-24 16:08:38.838   544   544 D CompatConfig: Adding: com.android.server.compat.config.Change@46d4305
10-24 16:08:38.838   544   568 I SystemConfig: Reading permissions from /vendor/etc/permissions/android.hardware.vulkan.compute.xml
10-24 16:08:38.838   544   544 D CompatConfig: Adding: com.android.server.compat.config.Change@227958b
10-24 16:08:38.838   544   544 D CompatConfig: Adding: com.android.server.compat.config.Change@eed3668
10-24 16:08:38.838   544   568 I SystemConfig: Reading permissions from /vendor/etc/permissions/android.hardware.vulkan.level.xml
10-24 16:08:38.838   544   544 D CompatConfig: Adding: com.android.server.compat.config.Change@3b1f726
10-24 16:08:38.839   544   544 D CompatConfig: Adding: com.android.server.compat.config.Change@977ff67
10-24 16:08:38.839   544   544 D CompatConfig: Adding: com.android.server.compat.config.Change@8935114
10-24 16:08:38.839   544   544 D CompatConfig: Adding: com.android.server.compat.config.Change@2e5cdbd
10-24 16:08:38.839   544   544 D CompatConfig: Adding: com.android.server.compat.config.Change@db65fb2
10-24 16:08:38.839   544   568 I SystemConfig: Reading permissions from /product/etc/sysconfig/wellbeing.xml
10-24 16:08:38.839   544   544 D CompatConfig: Adding: com.android.server.compat.config.Change@bde6a80
10-24 16:08:38.840   544   544 D CompatConfig: Adding: com.android.server.compat.config.Change@12688b9
10-24 16:08:38.840   544   544 D CompatConfig: Adding: com.android.server.compat.config.Change@326c4fe
10-24 16:08:38.840   544   568 I SystemConfig: Reading permissions from /product/etc/sysconfig/disable-zero-touch.xml
10-24 16:08:38.840   544   544 D CompatConfig: Adding: com.android.server.compat.config.Change@5ffaeac
10-24 16:08:38.840   544   568 I SystemConfig: Reading permissions from /product/etc/sysconfig/google-staged-installer-whitelist.xml
10-24 16:08:38.840   544   544 D CompatConfig: Adding: com.android.server.compat.config.Change@9a6330a
10-24 16:08:38.841   544   568 I SystemConfig: Reading permissions from /product/etc/sysconfig/preinstalled-packages-platform-overlays.xml
10-24 16:08:38.841   544   544 D CompatConfig: Adding: com.android.server.compat.config.Change@40f0998
10-24 16:08:38.841   544   544 D CompatConfig: Adding: com.android.server.compat.config.Change@2e395f1
10-24 16:08:38.841   544   568 I SystemConfig: Reading permissions from /product/etc/sysconfig/preinstalled-packages-platform-aosp-product.xml
10-24 16:08:38.841   544   544 D CompatConfig: Adding: com.android.server.compat.config.Change@fe99057
10-24 16:08:38.841   544   568 I SystemConfig: Reading permissions from /product/etc/sysconfig/preinstalled-packages-platform-handheld-product.xml
10-24 16:08:38.841   544   544 D CompatConfig: Adding: com.android.server.compat.config.Change@8aa02d
10-24 16:08:38.841   544   544 D CompatConfig: Adding: com.android.server.compat.config.Change@7a21962
10-24 16:08:38.842   544   544 D CompatConfig: Adding: com.android.server.compat.config.Change@ca173b0
10-24 16:08:38.842   544   544 D CompatConfig: Adding: com.android.server.compat.config.Change@c1e1229
10-24 16:08:38.842   544   568 I SystemConfig: Reading permissions from /product/etc/sysconfig/google_build.xml
10-24 16:08:38.842   544   544 D CompatConfig: Adding: com.android.server.compat.config.Change@70c69ae
10-24 16:08:38.842   544   568 I SystemConfig: Reading permissions from /product/etc/sysconfig/google-hiddenapi-package-whitelist.xml
10-24 16:08:38.842   544   544 D CompatConfig: Adding: com.android.server.compat.config.Change@ba21adc
10-24 16:08:38.842   544   544 D CompatConfig: Adding: com.android.server.compat.config.Change@a5ca7e5
10-24 16:08:38.843   544   568 I SystemConfig: Reading permissions from /product/etc/sysconfig/google.xml
10-24 16:08:38.843   544   544 D CompatConfig: Adding: com.android.server.compat.config.Change@9c6b56b
10-24 16:08:38.843   544   568 I SystemConfig: Adding association: com.google.android.as <- com.android.bluetooth
10-24 16:08:38.843   544   568 I SystemConfig: Adding association: com.google.android.as <- com.android.providers.contacts
10-24 16:08:38.843   544   568 I SystemConfig: Adding association: com.google.android.as <- com.android.providers.media
10-24 16:08:38.843   544   568 I SystemConfig: Adding association: com.google.android.as <- com.android.providers.telephony
10-24 16:08:38.843   544   568 I SystemConfig: Adding association: com.google.android.as <- com.android.systemui
10-24 16:08:38.843   544   568 I SystemConfig: Adding association: com.google.android.as <- com.google.android.providers.media.module
10-24 16:08:38.843   544   568 I SystemConfig: Adding association: com.google.android.as <- com.google.android.as.oss
10-24 16:08:38.843   544   568 I SystemConfig: Adding association: com.google.android.as.oss <- com.google.android.as
10-24 16:08:38.843   544   544 D CompatConfig: Adding: com.android.server.compat.config.Change@a408c8
10-24 16:08:38.843   544   544 D CompatConfig: Adding: com.android.server.compat.config.Change@334dd61
10-24 16:08:38.843   544   544 D CompatConfig: Adding: com.android.server.compat.config.Change@2fc0086
10-24 16:08:38.844   544   544 D CompatConfig: Adding: com.android.server.compat.config.Change@654e974
10-24 16:08:38.844   544   544 D CompatConfig: Adding: com.android.server.compat.config.Change@500ee9d
10-24 16:08:38.844   544   568 I SystemConfig: Reading permissions from /product/etc/permissions/privapp-permissions-sdk-google.xml
10-24 16:08:38.844   544   544 D CompatConfig: Adding: com.android.server.compat.config.Change@4879f12
10-24 16:08:38.844   544   544 D CompatConfig: Adding: com.android.server.compat.config.Change@a2266e3
10-24 16:08:38.844   544   544 D CompatConfig: Adding: com.android.server.compat.config.Change@29128e0
10-24 16:08:38.844   544   544 D CompatConfig: Adding: com.android.server.compat.config.Change@f82d799
10-24 16:08:38.844   544   544 D CompatConfig: Adding: com.android.server.compat.config.Change@1bc9a5e
10-24 16:08:38.844   544   544 D CompatConfig: Adding: com.android.server.compat.config.Change@70a8e3f
10-24 16:08:38.844   544   544 D CompatConfig: Adding: com.android.server.compat.config.Change@a8ff30c
10-24 16:08:38.844   544   544 D CompatConfig: Adding: com.android.server.compat.config.Change@2a05455
10-24 16:08:38.844   544   568 I SystemConfig: Reading permissions from /product/etc/permissions/com.android.imsserviceentitlement.xml
10-24 16:08:38.844   544   544 D CompatConfig: Adding: com.android.server.compat.config.Change@223cf5b
10-24 16:08:38.845   544   544 D CompatConfig: Adding: com.android.server.compat.config.Change@dcf33f8
10-24 16:08:38.845   544   568 I SystemConfig: Reading permissions from /product/etc/permissions/android.software.verified_boot.xml
10-24 16:08:38.845   544   544 D CompatConfig: Adding: com.android.server.compat.config.Change@60b9736
10-24 16:08:38.845   544   568 I SystemConfig: Reading permissions from /product/etc/permissions/android.hardware.telephony.euicc.xml
10-24 16:08:38.845   544   544 D CompatConfig: Adding: com.android.server.compat.config.Change@3bf97a4
10-24 16:08:38.845   544   568 I SystemConfig: Reading permissions from /product/etc/permissions/com.android.dialer.xml
10-24 16:08:38.845   544   544 D CompatConfig: Adding: com.android.server.compat.config.Change@c71f0c2
10-24 16:08:38.846   544   544 D CompatConfig: Adding: com.android.server.compat.config.Change@beaced3
10-24 16:08:38.846   544   544 D CompatConfig: Adding: com.android.server.compat.config.Change@8308a10
10-24 16:08:38.846   544   568 I SystemConfig: Reading permissions from /product/etc/permissions/split-permissions-google.xml
10-24 16:08:38.846   544   544 D CompatConfig: Adding: com.android.server.compat.config.Change@f2570e
10-24 16:08:38.846   544   544 D CompatConfig: Adding: com.android.server.compat.config.Change@89852f
10-24 16:08:38.846   544   568 I SystemConfig: Reading permissions from /product/etc/permissions/privapp-permissions-google-p.xml
10-24 16:08:38.847   544   544 D CompatConfig: Adding: com.android.server.compat.config.Change@c1ffcc5
10-24 16:08:38.847   544   544 D CompatConfig: Adding: com.android.server.compat.config.Change@e00d61a
10-24 16:08:38.847   544   544 D CompatConfig: Found a config file: /system/system_ext/etc/compatconfig/settings-platform-compat-config.xml
10-24 16:08:38.847   544   544 D CompatConfig: Adding: com.android.server.compat.config.Change@3738b28
10-24 16:08:38.847   544   568 I SystemConfig: Reading permissions from /product/etc/permissions/privapp-permissions-goldfish.xml
10-24 16:08:38.848   544   568 I SystemConfig: Reading permissions from /product/etc/permissions/com.android.contacts.xml
10-24 16:08:38.848   544   568 I SystemConfig: Reading permissions from /product/etc/permissions/com.google.android.dialer.support.xml
10-24 16:08:38.848   544   568 W SystemConfig: No directory /system_ext/etc/sysconfig, skipping
10-24 16:08:38.849   544   544 I ApexManagerTiming: getActiveApexInfos_noCache
10-24 16:08:38.849   544   568 I SystemConfig: Reading permissions from /system_ext/etc/permissions/androidx.window.sidecar.xml
10-24 16:08:38.849   544   568 I SystemConfig: Reading permissions from /system_ext/etc/permissions/com.android.launcher3.xml
10-24 16:08:38.849   544   568 I SystemConfig: Reading permissions from /system_ext/etc/permissions/privapp-permissions-google-se.xml
10-24 16:08:38.850   544   568 I SystemConfig: Reading permissions from /system_ext/etc/permissions/com.android.storagemanager.xml
10-24 16:08:38.850   544   568 I SystemConfig: Reading permissions from /system_ext/etc/permissions/com.android.systemui.xml
10-24 16:08:38.851   544   568 I SystemConfig: Reading permissions from /system_ext/etc/permissions/com.google.android.sdksetup.xml
10-24 16:08:38.851   544   568 I SystemConfig: Reading permissions from /system_ext/etc/permissions/com.android.emergency.xml
10-24 16:08:38.851   544   568 I SystemConfig: Reading permissions from /system_ext/etc/permissions/com.android.carrierconfig.xml
10-24 16:08:38.851   544   568 I SystemConfig: Reading permissions from /system_ext/etc/permissions/com.android.settings.xml
10-24 16:08:38.852   544   544 D CompatConfig: No directory /apex/com.android.os.statsd/etc/compatconfig, skipping
10-24 16:08:38.852   544   544 D CompatConfig: No directory /apex/com.android.tzdata/etc/compatconfig, skipping
10-24 16:08:38.852   544   544 D CompatConfig: No directory /apex/com.android.tethering/etc/compatconfig, skipping
10-24 16:08:38.852   544   544 D CompatConfig: No directory /apex/com.android.scheduling/etc/compatconfig, skipping
10-24 16:08:38.852   544   544 D CompatConfig: No directory /apex/com.android.media/etc/compatconfig, skipping
10-24 16:08:38.852   544   544 D CompatConfig: No directory /apex/com.android.telephony/etc/compatconfig, skipping
10-24 16:08:38.852   544   544 D CompatConfig: No directory /apex/com.android.extservices/etc/compatconfig, skipping
10-24 16:08:38.852   544   544 D CompatConfig: No directory /apex/com.android.adbd/etc/compatconfig, skipping
10-24 16:08:38.852   544   544 D CompatConfig: No directory /apex/com.android.cellbroadcast/etc/compatconfig, skipping
10-24 16:08:38.852   544   568 I SystemConfig: Reading permissions from /system_ext/etc/permissions/com.android.emulator.radio.config.xml
10-24 16:08:38.852   544   544 D CompatConfig: No directory /apex/com.android.vndk.v31/etc/compatconfig, skipping
10-24 16:08:38.852   544   544 D CompatConfig: Found a config file: /apex/com.android.mediaprovider/etc/compatconfig/media-provider-platform-compat-config.xml
10-24 16:08:38.853   544   568 I SystemConfig: Reading permissions from /apex/com.android.ipsec/etc/permissions/android.net.ipsec.ike.xml
10-24 16:08:38.853   544   544 D CompatConfig: Adding: com.android.server.compat.config.Change@9264559
10-24 16:08:38.853   544   544 D CompatConfig: Adding: com.android.server.compat.config.Change@a42d51e
10-24 16:08:38.853   544   544 D CompatConfig: Adding: com.android.server.compat.config.Change@e9811ff
10-24 16:08:38.853   544   544 D CompatConfig: Adding: com.android.server.compat.config.Change@c6cde15
10-24 16:08:38.853   544   544 D CompatConfig: Adding: com.android.server.compat.config.Change@f43252a
10-24 16:08:38.854   544   544 D CompatConfig: Adding: com.android.server.compat.config.Change@d65cf1b
10-24 16:08:38.854   544   544 D CompatConfig: Adding: com.android.server.compat.config.Change@35598b8
10-24 16:08:38.854   544   544 D CompatConfig: No directory /apex/com.android.media.swcodec/etc/compatconfig, skipping
10-24 16:08:38.854   544   544 D CompatConfig: No directory /apex/com.android.appsearch/etc/compatconfig, skipping
10-24 16:08:38.854   544   544 D CompatConfig: No directory /apex/com.android.runtime/etc/compatconfig, skipping
10-24 16:08:38.854   544   544 D CompatConfig: No directory /apex/com.android.sdkext/etc/compatconfig, skipping
10-24 16:08:38.854   544   544 D CompatConfig: No directory /apex/com.android.conscrypt/etc/compatconfig, skipping
10-24 16:08:38.854   544   544 D CompatConfig: No directory /apex/com.android.ipsec/etc/compatconfig, skipping
10-24 16:08:38.854   544   544 D CompatConfig: No directory /apex/com.android.wifi/etc/compatconfig, skipping
10-24 16:08:38.854   544   544 D CompatConfig: No directory /apex/com.android.resolv/etc/compatconfig, skipping
10-24 16:08:38.854   544   544 D CompatConfig: No directory /apex/com.android.permission/etc/compatconfig, skipping
10-24 16:08:38.854   544   544 D CompatConfig: No directory /apex/com.android.apex.cts.shim/etc/compatconfig, skipping
10-24 16:08:38.854   544   544 D CompatConfig: No directory /apex/com.google.mainline.primary.libs/etc/compatconfig, skipping
10-24 16:08:38.854   544   544 D CompatConfig: No directory /apex/com.android.neuralnetworks/etc/compatconfig, skipping
10-24 16:08:38.854   544   544 D CompatConfig: No directory /apex/com.android.i18n/etc/compatconfig, skipping
10-24 16:08:38.855   544   544 D CompatConfig: Found a config file: /apex/com.android.art/etc/compatconfig/libcore-platform-compat-config.xml
10-24 16:08:38.855   544   544 D CompatConfig: Adding: com.android.server.compat.config.Change@44669f6
10-24 16:08:38.855   544   544 D CompatConfig: Adding: com.android.server.compat.config.Change@8841f7
10-24 16:08:38.855   544   544 D CompatConfig: Adding: com.android.server.compat.config.Change@fbbbacd
10-24 16:08:38.855   544   568 W SystemConfig: Failed to read public libraries file /vendor/etc/public.libraries.txt
10-24 16:08:38.855   544   568 W SystemConfig: java.io.FileNotFoundException: /vendor/etc/public.libraries.txt: open failed: ENOENT (No such file or directory)
10-24 16:08:38.855   544   568 W SystemConfig: 	at libcore.io.IoBridge.open(IoBridge.java:575)
10-24 16:08:38.855   544   568 W SystemConfig: 	at java.io.FileInputStream.<init>(FileInputStream.java:160)
10-24 16:08:38.855   544   568 W SystemConfig: 	at java.io.FileReader.<init>(FileReader.java:72)
10-24 16:08:38.855   544   568 W SystemConfig: 	at com.android.server.SystemConfig.readPublicLibrariesListFile(SystemConfig.java:1601)
10-24 16:08:38.855   544   568 W SystemConfig: 	at com.android.server.SystemConfig.readPublicNativeLibrariesList(SystemConfig.java:1583)
10-24 16:08:38.855   544   568 W SystemConfig: 	at com.android.server.SystemConfig.<init>(SystemConfig.java:484)
10-24 16:08:38.855   544   568 W SystemConfig: 	at com.android.server.SystemConfig.getInstance(SystemConfig.java:272)
10-24 16:08:38.855   544   568 W SystemConfig: 	at com.android.server.SystemServer$$ExternalSyntheticLambda6.run(Unknown Source:0)
10-24 16:08:38.855   544   568 W SystemConfig: 	at com.android.server.SystemServerInitThreadPool.lambda$submitTask$0$SystemServerInitThreadPool(SystemServerInitThreadPool.java:105)
10-24 16:08:38.855   544   568 W SystemConfig: 	at com.android.server.SystemServerInitThreadPool$$ExternalSyntheticLambda0.run(Unknown Source:6)
10-24 16:08:38.855   544   568 W SystemConfig: 	at java.util.concurrent.Executors$RunnableAdapter.call(Executors.java:462)
10-24 16:08:38.855   544   568 W SystemConfig: 	at java.util.concurrent.FutureTask.run(FutureTask.java:266)
10-24 16:08:38.855   544   568 W SystemConfig: 	at java.util.concurrent.ThreadPoolExecutor.runWorker(ThreadPoolExecutor.java:1167)
10-24 16:08:38.855   544   568 W SystemConfig: 	at java.util.concurrent.ThreadPoolExecutor$Worker.run(ThreadPoolExecutor.java:641)
10-24 16:08:38.855   544   568 W SystemConfig: 	at com.android.internal.util.ConcurrentUtils$1$1.run(ConcurrentUtils.java:65)
10-24 16:08:38.855   544   568 W SystemConfig: Caused by: android.system.ErrnoException: open failed: ENOENT (No such file or directory)
10-24 16:08:38.855   544   568 W SystemConfig: 	at libcore.io.Linux.open(Native Method)
10-24 16:08:38.855   544   568 W SystemConfig: 	at libcore.io.ForwardingOs.open(ForwardingOs.java:567)
10-24 16:08:38.855   544   568 W SystemConfig: 	at libcore.io.BlockGuardOs.open(BlockGuardOs.java:273)
10-24 16:08:38.855   544   568 W SystemConfig: 	at libcore.io.IoBridge.open(IoBridge.java:561)
10-24 16:08:38.855   544   568 W SystemConfig: 	... 14 more
10-24 16:08:38.855   544   544 D CompatConfig: Adding: com.android.server.compat.config.Change@d672f82
10-24 16:08:38.856   544   544 D CompatConfig: Adding: com.android.server.compat.config.Change@5f50693
10-24 16:08:38.858   544   544 I SystemServerTiming: StartFileIntegrityService
10-24 16:08:38.858   544   544 I SystemServiceManager: Starting com.android.server.security.FileIntegrityService
10-24 16:08:38.861   544   544 I SystemServerTiming: StartInstaller
10-24 16:08:38.861   544   544 I SystemServiceManager: Starting com.android.server.pm.Installer
10-24 16:08:38.862   410   426 D installd: Found quota mount /dev/block/dm-4 at /data
10-24 16:08:38.862   410   426 D installd: Found quota mount /dev/block/dm-4 at /data/user/0
10-24 16:08:38.863   544   544 I SystemServerTiming: DeviceIdentifiersPolicyService
10-24 16:08:38.863   544   544 I SystemServiceManager: Starting com.android.server.os.DeviceIdentifiersPolicyService
10-24 16:08:38.863   544   544 I SystemServerTiming: UriGrantsManagerService
10-24 16:08:38.863   544   544 I SystemServiceManager: Starting com.android.server.uri.UriGrantsManagerService$Lifecycle
10-24 16:08:38.864   544   544 I SystemServerTiming: StartPowerStatsService
10-24 16:08:38.864   544   544 I SystemServiceManager: Starting com.android.server.powerstats.PowerStatsService
10-24 16:08:38.866   177   177 E servicemanager: Could not find android.hardware.power.stats.IPowerStats/default in the VINTF manifest.
10-24 16:08:38.868   544   544 I SystemServerTiming: StartIStatsService
10-24 16:08:38.868   544   544 I HidlServiceManagement: Registered android.frameworks.stats@1.0::IStats/default
10-24 16:08:38.868   177   177 I servicemanager: Found android.frameworks.stats.IStats/default in framework VINTF manifest.
10-24 16:08:38.868   544   544 I SystemServerTiming: MemtrackProxyService
10-24 16:08:38.868   178   178 I hwservicemanager: getTransport: Cannot find entry android.hardware.memtrack@1.0::IMemtrack/default in either framework or device VINTF manifest.
10-24 16:08:38.869   177   177 E servicemanager: Could not find android.hardware.memtrack.IMemtrack/default in the VINTF manifest.
10-24 16:08:38.869   544   544 I Stability: Interface set with vintf stability wire protocol version 1 downgraded to system stability wire protocol version 1 stability
10-24 16:08:38.869   544   544 I SystemServerTiming: StartActivityManager
10-24 16:08:38.869   544   544 I SystemServiceManager: Starting com.android.server.wm.ActivityTaskManagerService$Lifecycle
10-24 16:08:38.873   544   544 I SystemServiceManager: Starting com.android.server.am.ActivityManagerService$Lifecycle
10-24 16:08:38.878   544   544 I ActivityManager: Memory class: 192
10-24 16:08:38.879   544   572 I Binder  : Setting heavy hitter watcher config: false, 0, 0.0
10-24 16:08:38.889   544   544 I PackageWatchdog: Updated health check state for package com.google.android.providers.media.module: INACTIVE -> PASSED
10-24 16:08:38.889   544   544 I PackageWatchdog: Updated health check state for package com.android.vending: INACTIVE -> PASSED
10-24 16:08:38.889   544   544 I PackageWatchdog: Updated health check state for package android: INACTIVE -> PASSED
10-24 16:08:38.889   544   544 I PackageWatchdog: Updated health check state for package com.google.android.permissioncontroller: INACTIVE -> PASSED
10-24 16:08:38.889   544   544 I PackageWatchdog: Updated health check state for package com.google.android.setupwizard: INACTIVE -> PASSED
10-24 16:08:38.889   544   544 I PackageWatchdog: Updated health check state for package com.google.android.networkstack: INACTIVE -> PASSED
10-24 16:08:38.889   544   544 I PackageWatchdog: Updated health check state for package com.google.android.gms: INACTIVE -> PASSED
10-24 16:08:38.889   544   544 I PackageWatchdog: Updated health check state for package com.google.android.gsf: INACTIVE -> PASSED
10-24 16:08:38.889   544   544 I PackageWatchdog: Updated health check state for package com.google.android.apps.nexuslauncher: INACTIVE -> PASSED
10-24 16:08:38.889   544   544 I PackageWatchdog: Updated health check state for package com.android.settings: INACTIVE -> PASSED
10-24 16:08:38.889   544   544 I PackageWatchdog: Updated health check state for package com.google.android.settings.intelligence: INACTIVE -> PASSED
10-24 16:08:38.889   544   544 I PackageWatchdog: Updated health check state for package com.android.phone: INACTIVE -> PASSED
10-24 16:08:38.889   544   544 I PackageWatchdog: Updated health check state for package com.android.providers.userdictionary: INACTIVE -> PASSED
10-24 16:08:38.889   544   544 I PackageWatchdog: Updated health check state for package com.android.systemui: INACTIVE -> PASSED
10-24 16:08:38.889   544   544 I PackageWatchdog: Updated health check state for package com.android.bluetooth: INACTIVE -> PASSED
10-24 16:08:38.889   544   544 I PackageWatchdog: Updated health check state for package com.android.providers.contacts: INACTIVE -> PASSED
10-24 16:08:38.891   544   544 D BatteryStatsImpl: Reading daily items from /data/system/batterystats-daily.xml
10-24 16:08:38.897   544   579 I BatteryStatsService: Using power.stats HAL
10-24 16:08:38.898   544   579 W BatteryStatsService: Rail information is not available
10-24 16:08:38.898   544   579 W BatteryStatsService: Rail energy data is not available
10-24 16:08:38.898   544   579 E BluetoothAdapter: Bluetooth binder is null
10-24 16:08:38.898   544   579 I KernelCpuUidFreqTimeReader: mPerClusterTimesAvailable=false
10-24 16:08:38.899   544   579 W KernelCpuProcStringReader: File not found. It's normal if not implemented: /proc/uid_concurrent_policy_time
10-24 16:08:38.896   191   191 W Binder:191_2: type=1400 audit(0.0:10): avc: denied { read } for name="wakeup4" dev="sysfs" ino=18129 scontext=u:r:system_suspend:s0 tcontext=u:object_r:sysfs:s0 tclass=dir permissive=0
10-24 16:08:38.896   191   191 W Binder:191_2: type=1400 audit(0.0:11): avc: denied { read } for name="wakeup2" dev="sysfs" ino=17256 scontext=u:r:system_suspend:s0 tcontext=u:object_r:sysfs:s0 tclass=dir permissive=0
10-24 16:08:38.896   191   191 W Binder:191_2: type=1400 audit(0.0:12): avc: denied { read } for name="wakeup0" dev="sysfs" ino=14159 scontext=u:r:system_suspend:s0 tcontext=u:object_r:sysfs:s0 tclass=dir permissive=0
10-24 16:08:38.900   191   197 E android.system.suspend@1.0-service: Error opening kernel wakelock stats for: wakeup4: Permission denied
10-24 16:08:38.900   191   197 E android.system.suspend@1.0-service: Error opening kernel wakelock stats for: wakeup2: Permission denied
10-24 16:08:38.900   191   197 E android.system.suspend@1.0-service: Error opening kernel wakelock stats for: wakeup0: Permission denied
10-24 16:08:38.901   191   197 E android.system.suspend@1.0-service: Error opening kernel wakelock stats for: wakeup5: Permission denied
10-24 16:08:38.901   191   197 E android.system.suspend@1.0-service: Error opening kernel wakelock stats for: wakeup3: Permission denied
10-24 16:08:38.900   191   191 W Binder:191_2: type=1400 audit(0.0:13): avc: denied { read } for name="wakeup5" dev="sysfs" ino=18189 scontext=u:r:system_suspend:s0 tcontext=u:object_r:sysfs:s0 tclass=dir permissive=0
10-24 16:08:38.900   191   191 W Binder:191_2: type=1400 audit(0.0:14): avc: denied { read } for name="wakeup3" dev="sysfs" ino=17304 scontext=u:r:system_suspend:s0 tcontext=u:object_r:sysfs:s0 tclass=dir permissive=0
10-24 16:08:38.900   191   191 W Binder:191_2: type=1400 audit(0.0:15): avc: denied { read } for name="wakeup1" dev="sysfs" ino=14220 scontext=u:r:system_suspend:s0 tcontext=u:object_r:sysfs:s0 tclass=dir permissive=0
10-24 16:08:38.901   544   579 W KernelMemoryBandwidthStats: No kernel memory bandwidth stats available
10-24 16:08:38.949   544   544 I IntentFirewall: Read new rules (A:0 B:0 S:0)
10-24 16:08:38.955   544   544 D AppOps  : AppOpsService published
10-24 16:08:38.956   544   544 I SystemServerTiming: StartDataLoaderManagerService
10-24 16:08:38.956   544   544 I SystemServiceManager: Starting com.android.server.pm.DataLoaderManagerService
10-24 16:08:38.957   544   544 I SystemServerTiming: StartIncrementalService
10-24 16:08:38.959   544   544 I incfs-mounts: [incfs] Loaded incremental-fs mount info: 0 instances, 0 mount points
10-24 16:08:38.959   544   544 I SystemServerTiming: StartPowerManager
10-24 16:08:38.959   544   544 I SystemServiceManager: Starting com.android.server.power.PowerManagerService
10-24 16:08:38.962   177   177 I servicemanager: Found android.hardware.power.IPower/default in device VINTF manifest.
10-24 16:08:38.962   178   178 I hw-BpHwBinder: onLastStrongRef automatically unlinking death recipients
10-24 16:08:38.963   347   347 I android.hardware.power-service.example: Power isModeSupported: 7
10-24 16:08:38.963   347   347 I android.hardware.power-service.example: Power isModeSupported: 0
10-24 16:08:38.964   544   544 I SystemServerTiming: StartThermalManager
10-24 16:08:38.964   544   544 I SystemServiceManager: Starting com.android.server.power.ThermalManagerService
10-24 16:08:38.965   544   544 I SystemServerTiming: StartHintManager
10-24 16:08:38.965   544   544 I SystemServiceManager: Starting com.android.server.power.hint.HintManagerService
10-24 16:08:38.966   544   544 I SystemServerTiming: InitPowerManagement
10-24 16:08:38.966   544   544 I SystemServerTiming: StartRecoverySystemService
10-24 16:08:38.966   544   544 I SystemServiceManager: Starting com.android.server.recoverysystem.RecoverySystemService$Lifecycle
10-24 16:08:38.967   544   544 I SystemServerTiming: StartLightsService
10-24 16:08:38.967   544   544 I SystemServiceManager: Starting com.android.server.lights.LightsService
10-24 16:08:38.968   177   177 I servicemanager: Found android.hardware.light.ILights/default in device VINTF manifest.
10-24 16:08:38.969   346   346 I android.hardware.lights-service.example: Lights reporting supported lights
10-24 16:08:38.969   544   544 I SystemServerTiming: StartSidekickService
10-24 16:08:38.969   544   544 I SystemServerTiming: StartDisplayManager
10-24 16:08:38.969   544   544 I SystemServiceManager: Starting com.android.server.display.DisplayManagerService
10-24 16:08:38.974   544   544 I SystemServerTiming: WaitForDisplay
10-24 16:08:38.974   544   544 I SystemServiceManager: Starting phase 100
10-24 16:08:38.974   544   544 I SystemServerTiming: OnBootPhase_100
10-24 16:08:38.974   544   544 I SystemServerTiming: OnBootPhase_100_com.android.server.security.FileIntegrityService
10-24 16:08:38.974   544   544 I SystemServerTiming: OnBootPhase_100_com.android.server.pm.Installer
10-24 16:08:38.974   544   544 I SystemServerTiming: OnBootPhase_100_com.android.server.os.DeviceIdentifiersPolicyService
10-24 16:08:38.974   544   544 I SystemServerTiming: OnBootPhase_100_com.android.server.uri.UriGrantsManagerService$Lifecycle
