10-24 16:08:39.125   544   544 W PackageManager: Failed to scan /product/app/WebViewGoogle-Stub: Package com.google.android.webview at /product/app/WebViewGoogle-Stub ignored: updated version 666810033 better than this 447211484
10-24 16:08:39.125   544   544 W PackageManager: Failed to scan /product/app/LatinIMEGooglePrebuilt: Package com.google.android.inputmethod.latin at /product/app/LatinIMEGooglePrebuilt ignored: updated version 153613058 better than this 60780718
10-24 16:08:39.125   544   544 W PackageManager: Failed to scan /product/app/YouTube: Package com.google.android.youtube at /product/app/YouTube ignored: updated version 1546243520 better than this 1521745368
10-24 16:08:39.126   544   544 W PackageManager: Failed to scan /product/app/GoogleTTS: Package com.google.android.tts at /product/app/GoogleTTS ignored: updated version 210511214 better than this 210321711
10-24 16:08:39.127   544   544 W PackageManager: Failed to scan /product/app/TrichromeLibrary-Stub: Package com.google.android.trichromelibrary_447211484 at /product/app/TrichromeLibrary-Stub ignored: updated version 447211484 better than this 447211484
10-24 16:08:39.127   544   544 W PackageManager: Failed to scan /product/app/YouTubeMusicPrebuilt: Package com.google.android.apps.youtube.music at /product/app/YouTubeMusicPrebuilt ignored: updated version 72351240 better than this 43356240
10-24 16:08:39.128   544   544 W PackageManager: Failed to scan /product/app/Photos: Package com.google.android.apps.photos at /product/app/Photos ignored: updated version 49288948 better than this 39835257
10-24 16:08:39.128   544   544 W PackageManager: Failed to scan /product/app/PrebuiltGmail: Package com.google.android.gm at /product/app/PrebuiltGmail ignored: updated version 64818650 better than this 62733592
10-24 16:08:39.128   544   544 W PackageManager: Failed to scan /product/app/Drive: Package com.google.android.apps.docs at /product/app/Drive ignored: updated version 213773816 better than this 212411040
10-24 16:08:39.129   544   544 W PackageManager: Failed to parse /product/app/WebViewGoogle: Missing base APK in /product/app/WebViewGoogle
10-24 16:08:39.129   544   544 W PackageManager: Failed to scan /product/app/Maps: Package com.google.android.apps.maps at /product/app/Maps ignored: updated version 1067753512 better than this 1065973339
10-24 16:08:39.139   544   544 D PackageManager: No files in app dir /apex/com.android.os.statsd/priv-app
10-24 16:08:39.139   544   544 D PackageManager: No files in app dir /apex/com.android.os.statsd/app
10-24 16:08:39.140   544   544 D PackageManager: No files in app dir /apex/com.android.tzdata/priv-app
10-24 16:08:39.140   544   544 D PackageManager: No files in app dir /apex/com.android.tzdata/app
10-24 16:08:39.141   544   544 I ApexManager: Registering com.google.android.connectivity.resources as apk-in-apex of com.android.tethering
10-24 16:08:39.141   544   544 I ApexManager: Registering com.google.android.networkstack.tethering as apk-in-apex of com.android.tethering
10-24 16:08:39.142   544   544 D PackageManager: No files in app dir /apex/com.android.tethering/app
10-24 16:08:39.142   544   544 D PackageManager: No files in app dir /apex/com.android.scheduling/priv-app
10-24 16:08:39.142   544   544 D PackageManager: No files in app dir /apex/com.android.scheduling/app
10-24 16:08:39.142   544   544 D PackageManager: No files in app dir /apex/com.android.media/priv-app
10-24 16:08:39.142   544   544 D PackageManager: No files in app dir /apex/com.android.media/app
10-24 16:08:39.142   544   544 D PackageManager: No files in app dir /apex/com.android.telephony/priv-app
10-24 16:08:39.142   544   544 D PackageManager: No files in app dir /apex/com.android.telephony/app
10-24 16:08:39.143   544   544 I ApexManager: Registering com.google.android.ext.services as apk-in-apex of com.android.extservices
10-24 16:08:39.143   544   544 D PackageManager: No files in app dir /apex/com.android.extservices/app
10-24 16:08:39.143   544   544 D PackageManager: No files in app dir /apex/com.android.adbd/priv-app
10-24 16:08:39.143   544   544 D PackageManager: No files in app dir /apex/com.android.adbd/app
10-24 16:08:39.144   544   544 I ApexManager: Registering com.google.android.cellbroadcastservice as apk-in-apex of com.android.cellbroadcast
10-24 16:08:39.145   544   544 I ApexManager: Registering com.google.android.cellbroadcastreceiver as apk-in-apex of com.android.cellbroadcast
10-24 16:08:39.145   544   544 D PackageManager: No files in app dir /apex/com.android.cellbroadcast/app
10-24 16:08:39.145   544   544 D PackageManager: No files in app dir /apex/com.android.vndk.v31/priv-app
10-24 16:08:39.145   544   544 D PackageManager: No files in app dir /apex/com.android.vndk.v31/app
10-24 16:08:39.146   544   544 I ApexManager: Registering com.google.android.providers.media.module as apk-in-apex of com.android.mediaprovider
10-24 16:08:39.146   544   544 D PackageManager: No files in app dir /apex/com.android.mediaprovider/app
10-24 16:08:39.146   544   544 D PackageManager: No files in app dir /apex/com.android.media.swcodec/priv-app
10-24 16:08:39.146   544   544 D PackageManager: No files in app dir /apex/com.android.media.swcodec/app
10-24 16:08:39.146   544   544 D PackageManager: No files in app dir /apex/com.android.appsearch/priv-app
10-24 16:08:39.146   544   544 D PackageManager: No files in app dir /apex/com.android.appsearch/app
10-24 16:08:39.146   544   544 D PackageManager: No files in app dir /apex/com.android.runtime/priv-app
10-24 16:08:39.146   544   544 D PackageManager: No files in app dir /apex/com.android.runtime/app
10-24 16:08:39.146   544   544 D PackageManager: No files in app dir /apex/com.android.sdkext/priv-app
10-24 16:08:39.146   544   544 D PackageManager: No files in app dir /apex/com.android.sdkext/app
10-24 16:08:39.146   544   544 D PackageManager: No files in app dir /apex/com.android.conscrypt/priv-app
10-24 16:08:39.146   544   544 D PackageManager: No files in app dir /apex/com.android.conscrypt/app
10-24 16:08:39.146   544   544 D PackageManager: No files in app dir /apex/com.android.ipsec/priv-app
10-24 16:08:39.146   544   544 D PackageManager: No files in app dir /apex/com.android.ipsec/app
10-24 16:08:39.147   544   544 I ApexManager: Registering com.google.android.wifi.resources as apk-in-apex of com.android.wifi
10-24 16:08:39.148   544   544 I ApexManager: Registering com.google.android.hotspot2.osulogin as apk-in-apex of com.android.wifi
10-24 16:08:39.149   544   544 D PackageManager: No files in app dir /apex/com.android.resolv/priv-app
10-24 16:08:39.149   544   544 D PackageManager: No files in app dir /apex/com.android.resolv/app
10-24 16:08:39.150   544   544 I ApexManager: Registering com.google.android.permissioncontroller as apk-in-apex of com.android.permission
10-24 16:08:39.150   544   544 D PackageManager: No files in app dir /apex/com.android.permission/app
10-24 16:08:39.151   544   544 I ApexManager: Registering com.android.cts.priv.ctsshim as apk-in-apex of com.android.apex.cts.shim
10-24 16:08:39.151   544   544 I ApexManager: Registering com.android.cts.ctsshim as apk-in-apex of com.android.apex.cts.shim
10-24 16:08:39.152   544   544 D PackageManager: No files in app dir /apex/com.google.mainline.primary.libs/priv-app
10-24 16:08:39.152   544   544 D PackageManager: No files in app dir /apex/com.google.mainline.primary.libs/app
10-24 16:08:39.152   544   544 D PackageManager: No files in app dir /apex/com.android.neuralnetworks/priv-app
10-24 16:08:39.152   544   544 D PackageManager: No files in app dir /apex/com.android.neuralnetworks/app
10-24 16:08:39.152   544   544 D PackageManager: No files in app dir /apex/com.android.i18n/priv-app
10-24 16:08:39.152   544   544 D PackageManager: No files in app dir /apex/com.android.i18n/app
10-24 16:08:39.152   544   544 D PackageManager: No files in app dir /apex/com.android.art/priv-app
10-24 16:08:39.152   544   544 D PackageManager: No files in app dir /apex/com.android.art/app
10-24 16:08:39.154   544   544 I PackageManager: Finished scanning system apps. Time: 106 ms, packageCount: 158 , timePerPackage: 0 , cached: 203
10-24 16:08:39.159   544   544 D CompatibilityChangeReporter: Compat change id reported: 133396946; UID -1; state: ENABLED
10-24 16:08:39.160   544   544 W PackageManager: Relax SCAN_REQUIRE_KNOWN requirement for package com.google.android.trichromelibrary_447211484
10-24 16:08:39.160   544   544 W PackageManager: Relax SCAN_REQUIRE_KNOWN requirement for package com.google.android.partnersetup
10-24 16:08:39.203   544   544 W PackageManager: Relax SCAN_REQUIRE_KNOWN requirement for package com.google.android.youtube
10-24 16:08:39.204   544   544 W PackageManager: Relax SCAN_REQUIRE_KNOWN requirement for package com.google.android.apps.docs
10-24 16:08:39.220   544   544 W PackageManager: Relax SCAN_REQUIRE_KNOWN requirement for package com.google.android.webview
10-24 16:08:39.228   544   544 W PackageManager: Relax SCAN_REQUIRE_KNOWN requirement for package com.google.android.apps.wellbeing
10-24 16:08:39.248   544   597 W PackageParsing: Unknown element under <manifest>: uses-sdk at /data/app/~~9snLZnvtkjDp1iDsdUUAtQ==/com.android.chrome-TgU0Hg7LNDoutXQ3IZYdOA==/base.apk Binary XML file line #3
10-24 16:08:39.249   544   597 W PackageParsing: Unknown element under <manifest>: module at /data/app/~~9snLZnvtkjDp1iDsdUUAtQ==/com.android.chrome-TgU0Hg7LNDoutXQ3IZYdOA==/base.apk Binary XML file line #5
10-24 16:08:39.249   544   597 W PackageParsing: Unknown element under <manifest>: uses-split at /data/app/~~9snLZnvtkjDp1iDsdUUAtQ==/com.android.chrome-TgU0Hg7LNDoutXQ3IZYdOA==/base.apk Binary XML file line #11
10-24 16:08:39.249   544   597 W PackageParsing: Unknown element under <manifest>: uses-sdk at /data/app/~~9snLZnvtkjDp1iDsdUUAtQ==/com.android.chrome-TgU0Hg7LNDoutXQ3IZYdOA==/base.apk Binary XML file line #3
10-24 16:08:39.249   544   597 W PackageParsing: Unknown element under <manifest>: module at /data/app/~~9snLZnvtkjDp1iDsdUUAtQ==/com.android.chrome-TgU0Hg7LNDoutXQ3IZYdOA==/base.apk Binary XML file line #5
10-24 16:08:39.249   544   597 W PackageParsing: Unknown element under <manifest>: uses-split at /data/app/~~9snLZnvtkjDp1iDsdUUAtQ==/com.android.chrome-TgU0Hg7LNDoutXQ3IZYdOA==/base.apk Binary XML file line #11
10-24 16:08:39.249   544   597 W PackageParsing: Unknown element under <manifest>: uses-sdk at /data/app/~~9snLZnvtkjDp1iDsdUUAtQ==/com.android.chrome-TgU0Hg7LNDoutXQ3IZYdOA==/base.apk Binary XML file line #3
10-24 16:08:39.249   544   597 W PackageParsing: Unknown element under <manifest>: module at /data/app/~~9snLZnvtkjDp1iDsdUUAtQ==/com.android.chrome-TgU0Hg7LNDoutXQ3IZYdOA==/base.apk Binary XML file line #5
10-24 16:08:39.249   544   597 W PackageParsing: Unknown element under <manifest>: uses-permission at /data/app/~~9snLZnvtkjDp1iDsdUUAtQ==/com.android.chrome-TgU0Hg7LNDoutXQ3IZYdOA==/base.apk Binary XML file line #9
10-24 16:08:39.249   544   597 W PackageParsing: Unknown element under <manifest>: uses-permission at /data/app/~~9snLZnvtkjDp1iDsdUUAtQ==/com.android.chrome-TgU0Hg7LNDoutXQ3IZYdOA==/base.apk Binary XML file line #10
10-24 16:08:39.249   544   597 W PackageParsing: Unknown element under <manifest>: queries at /data/app/~~9snLZnvtkjDp1iDsdUUAtQ==/com.android.chrome-TgU0Hg7LNDoutXQ3IZYdOA==/base.apk Binary XML file line #12
10-24 16:08:39.251   544   595 W PackageParsing: No actions in intent-filter at /data/app/~~og7VOAwX5FUBUxNFcaTYbQ==/com.google.android.apps.restore-NaMHtAGElS0a1YFn4oWcyw==/base.apk Binary XML file line #642
10-24 16:08:39.251   544   595 W PackageParsing: No actions in intent-filter at /data/app/~~og7VOAwX5FUBUxNFcaTYbQ==/com.google.android.apps.restore-NaMHtAGElS0a1YFn4oWcyw==/base.apk Binary XML file line #650
10-24 16:08:39.251   544   595 W PackageParsing: No actions in intent-filter at /data/app/~~og7VOAwX5FUBUxNFcaTYbQ==/com.google.android.apps.restore-NaMHtAGElS0a1YFn4oWcyw==/base.apk Binary XML file line #658
10-24 16:08:39.253   544   544 W PackageManager: Relax SCAN_REQUIRE_KNOWN requirement for package com.google.android.apps.restore
10-24 16:08:39.253   544   596 W PackageParsing: Ignoring duplicate uses-permissions/uses-permissions-sdk-m: android.permission.ACCESS_NETWORK_STATE in package: com.google.android.gm at: Binary XML file line #311
10-24 16:08:39.253   544   596 W PackageParsing: Ignoring duplicate uses-permissions/uses-permissions-sdk-m: android.permission.FOREGROUND_SERVICE in package: com.google.android.gm at: Binary XML file line #314
10-24 16:08:39.253   544   596 W PackageParsing: Ignoring duplicate uses-permissions/uses-permissions-sdk-m: android.permission.FOREGROUND_SERVICE_DATA_SYNC in package: com.google.android.gm at: Binary XML file line #315
10-24 16:08:39.253   544   596 W PackageParsing: Ignoring duplicate uses-permissions/uses-permissions-sdk-m: android.permission.INTERNET in package: com.google.android.gm at: Binary XML file line #316
10-24 16:08:39.253   544   596 W PackageParsing: Ignoring duplicate uses-permissions/uses-permissions-sdk-m: android.permission.RECEIVE_BOOT_COMPLETED in package: com.google.android.gm at: Binary XML file line #317
10-24 16:08:39.253   544   596 W PackageParsing: Ignoring duplicate uses-permissions/uses-permissions-sdk-m: android.permission.VIBRATE in package: com.google.android.gm at: Binary XML file line #318
10-24 16:08:39.253   544   596 W PackageParsing: Ignoring duplicate uses-permissions/uses-permissions-sdk-m: android.permission.WAKE_LOCK in package: com.google.android.gm at: Binary XML file line #319
10-24 16:08:39.253   544   596 W PackageParsing: Ignoring duplicate uses-permissions/uses-permissions-sdk-m: android.permission.WRITE_EXTERNAL_STORAGE in package: com.google.android.gm at: Binary XML file line #321
10-24 16:08:39.253   544   596 W PackageParsing: Ignoring duplicate uses-permissions/uses-permissions-sdk-m: android.permission.POST_NOTIFICATIONS in package: com.google.android.gm at: Binary XML file line #322
10-24 16:08:39.253   544   596 W PackageParsing: Ignoring duplicate uses-permissions/uses-permissions-sdk-m: com.google.android.c2dm.permission.RECEIVE in package: com.google.android.gm at: Binary XML file line #324
10-24 16:08:39.253   544   596 W PackageParsing: Ignoring duplicate uses-permissions/uses-permissions-sdk-m: android.permission.GET_PACKAGE_SIZE in package: com.google.android.gm at: Binary XML file line #325
10-24 16:08:39.253   544   596 W PackageParsing: Ignoring duplicate uses-permissions/uses-permissions-sdk-m: com.google.android.providers.gsf.permission.READ_GSERVICES in package: com.google.android.gm at: Binary XML file line #326
10-24 16:08:39.253   544   596 W PackageParsing: Ignoring duplicate uses-permissions/uses-permissions-sdk-m: com.google.android.providers.gsf.permission.READ_GSERVICES in package: com.google.android.gm at: Binary XML file line #331
10-24 16:08:39.253   544   596 W PackageParsing: Ignoring duplicate uses-permissions/uses-permissions-sdk-m: android.permission.GET_PACKAGE_SIZE in package: com.google.android.gm at: Binary XML file line #332
10-24 16:08:39.253   544   596 W PackageParsing: Ignoring duplicate uses-permissions/uses-permissions-sdk-m: android.permission.ACCESS_NETWORK_STATE in package: com.google.android.gm at: Binary XML file line #334
10-24 16:08:39.253   544   596 W PackageParsing: Ignoring duplicate uses-permissions/uses-permissions-sdk-m: android.permission.CAMERA in package: com.google.android.gm at: Binary XML file line #345
10-24 16:08:39.253   544   596 W PackageParsing: Ignoring duplicate uses-permissions/uses-permissions-sdk-m: android.permission.FOREGROUND_SERVICE in package: com.google.android.gm at: Binary XML file line #360
10-24 16:08:39.253   544   596 W PackageParsing: Ignoring duplicate uses-permissions/uses-permissions-sdk-m: android.permission.INTERNET in package: com.google.android.gm at: Binary XML file line #361
10-24 16:08:39.253   544   596 W PackageParsing: Ignoring duplicate uses-permissions/uses-permissions-sdk-m: android.permission.RECORD_AUDIO in package: com.google.android.gm at: Binary XML file line #363
10-24 16:08:39.253   544   596 W PackageParsing: Ignoring duplicate uses-permissions/uses-permissions-sdk-m: android.permission.WAKE_LOCK in package: com.google.android.gm at: Binary XML file line #364
10-24 16:08:39.253   544   596 W PackageParsing: Ignoring duplicate uses-permissions/uses-permissions-sdk-m: android.permission.POST_NOTIFICATIONS in package: com.google.android.gm at: Binary XML file line #373
10-24 16:08:39.253   544   596 W PackageParsing: Ignoring duplicate uses-permissions/uses-permissions-sdk-m: android.permission.FOREGROUND_SERVICE_DATA_SYNC in package: com.google.android.gm at: Binary XML file line #379
10-24 16:08:39.253   544   596 W PackageParsing: Ignoring duplicate uses-permissions/uses-permissions-sdk-m: com.google.android.gm.DYNAMIC_RECEIVER_NOT_EXPORTED_PERMISSION in package: com.google.android.gm at: Binary XML file line #385
10-24 16:08:39.253   544   596 W PackageParsing: Ignoring duplicate uses-permissions/uses-permissions-sdk-m: android.permission.VIBRATE in package: com.google.android.gm at: Binary XML file line #386
10-24 16:08:39.253   544   596 W PackageParsing: Ignoring duplicate uses-permissions/uses-permissions-sdk-m: android.permission.READ_CONTACTS in package: com.google.android.gm at: Binary XML file line #387
10-24 16:08:39.253   544   596 W PackageParsing: Ignoring duplicate uses-permissions/uses-permissions-sdk-m: com.google.android.hangouts.START_HANGOUT in package: com.google.android.gm at: Binary XML file line #388
10-24 16:08:39.254   544   597 W PackageParsing: Unknown element under <manifest>: uses-sdk at /data/app/~~9snLZnvtkjDp1iDsdUUAtQ==/com.android.chrome-TgU0Hg7LNDoutXQ3IZYdOA==/base.apk Binary XML file line #3
10-24 16:08:39.254   544   597 W PackageParsing: Unknown element under <manifest>: module at /data/app/~~9snLZnvtkjDp1iDsdUUAtQ==/com.android.chrome-TgU0Hg7LNDoutXQ3IZYdOA==/base.apk Binary XML file line #5
10-24 16:08:39.254   544   597 W PackageParsing: Unknown element under <manifest>: uses-sdk at /data/app/~~9snLZnvtkjDp1iDsdUUAtQ==/com.android.chrome-TgU0Hg7LNDoutXQ3IZYdOA==/base.apk Binary XML file line #3
10-24 16:08:39.254   544   597 W PackageParsing: Unknown element under <manifest>: module at /data/app/~~9snLZnvtkjDp1iDsdUUAtQ==/com.android.chrome-TgU0Hg7LNDoutXQ3IZYdOA==/base.apk Binary XML file line #5
10-24 16:08:39.254   544   597 W PackageParsing: Unknown element under <manifest>: uses-split at /data/app/~~9snLZnvtkjDp1iDsdUUAtQ==/com.android.chrome-TgU0Hg7LNDoutXQ3IZYdOA==/base.apk Binary XML file line #26
10-24 16:08:39.255   544   597 W PackageParsing: Unknown element under <manifest>: uses-sdk at /data/app/~~9snLZnvtkjDp1iDsdUUAtQ==/com.android.chrome-TgU0Hg7LNDoutXQ3IZYdOA==/base.apk Binary XML file line #3
10-24 16:08:39.255   544   597 W PackageParsing: Unknown element under <manifest>: module at /data/app/~~9snLZnvtkjDp1iDsdUUAtQ==/com.android.chrome-TgU0Hg7LNDoutXQ3IZYdOA==/base.apk Binary XML file line #5
10-24 16:08:39.255   544   597 W PackageParsing: Unknown element under <manifest>: uses-split at /data/app/~~9snLZnvtkjDp1iDsdUUAtQ==/com.android.chrome-TgU0Hg7LNDoutXQ3IZYdOA==/base.apk Binary XML file line #11
10-24 16:08:39.255   544   597 W PackageParsing: Unknown element under <manifest>: uses-sdk at /data/app/~~9snLZnvtkjDp1iDsdUUAtQ==/com.android.chrome-TgU0Hg7LNDoutXQ3IZYdOA==/base.apk Binary XML file line #3
10-24 16:08:39.255   544   597 W PackageParsing: Unknown element under <manifest>: module at /data/app/~~9snLZnvtkjDp1iDsdUUAtQ==/com.android.chrome-TgU0Hg7LNDoutXQ3IZYdOA==/base.apk Binary XML file line #5
10-24 16:08:39.255   544   596 W PackageParsing: No actions in intent-filter at /data/app/~~kz82bgTp9rMP145c1dtBew==/com.google.android.gm-gJ00DPAkaNFlnqF1zXfvDA==/base.apk Binary XML file line #1023
10-24 16:08:39.255   544   597 W PackageParsing: Unknown element under <manifest>: uses-sdk at /data/app/~~9snLZnvtkjDp1iDsdUUAtQ==/com.android.chrome-TgU0Hg7LNDoutXQ3IZYdOA==/base.apk Binary XML file line #3
10-24 16:08:39.255   544   597 W PackageParsing: Unknown element under <manifest>: module at /data/app/~~9snLZnvtkjDp1iDsdUUAtQ==/com.android.chrome-TgU0Hg7LNDoutXQ3IZYdOA==/base.apk Binary XML file line #5
10-24 16:08:39.255   544   596 W PackageParsing: No actions in intent-filter at /data/app/~~kz82bgTp9rMP145c1dtBew==/com.google.android.gm-gJ00DPAkaNFlnqF1zXfvDA==/base.apk Binary XML file line #1094
10-24 16:08:39.255   544   597 W PackageParsing: Unknown element under <manifest>: uses-split at /data/app/~~9snLZnvtkjDp1iDsdUUAtQ==/com.android.chrome-TgU0Hg7LNDoutXQ3IZYdOA==/base.apk Binary XML file line #27
10-24 16:08:39.255   544   597 W PackageParsing: Unknown element under <manifest>: uses-sdk at /data/app/~~9snLZnvtkjDp1iDsdUUAtQ==/com.android.chrome-TgU0Hg7LNDoutXQ3IZYdOA==/base.apk Binary XML file line #3
10-24 16:08:39.255   544   597 W PackageParsing: Unknown element under <manifest>: module at /data/app/~~9snLZnvtkjDp1iDsdUUAtQ==/com.android.chrome-TgU0Hg7LNDoutXQ3IZYdOA==/base.apk Binary XML file line #5
10-24 16:08:39.257   544   544 W PackageManager: Relax SCAN_REQUIRE_KNOWN requirement for package com.android.chrome
10-24 16:08:39.262   544   544 W PackageManager: Relax SCAN_REQUIRE_KNOWN requirement for package com.google.android.gm
10-24 16:08:39.267   544   544 W PackageManager: Relax SCAN_REQUIRE_KNOWN requirement for package com.google.android.tts
10-24 16:08:39.274   544   594 W PackageParsing: Unknown element under <manifest>: uses-sdk at /data/app/~~Hj_QZzO_667b18n9ZaUU_A==/com.google.android.gms-hwS2YDMBC-93LTIirEpPwQ==/base.apk Binary XML file line #10
10-24 16:08:39.274   544   594 W PackageParsing: Unknown element under <manifest>: module at /data/app/~~Hj_QZzO_667b18n9ZaUU_A==/com.google.android.gms-hwS2YDMBC-93LTIirEpPwQ==/base.apk Binary XML file line #14
10-24 16:08:39.274   544   594 W PackageParsing: Unknown element under <manifest>: permission at /data/app/~~Hj_QZzO_667b18n9ZaUU_A==/com.google.android.gms-hwS2YDMBC-93LTIirEpPwQ==/base.apk Binary XML file line #24
10-24 16:08:39.275   544   594 W PackageParsing: Unknown element under <manifest>: uses-sdk at /data/app/~~Hj_QZzO_667b18n9ZaUU_A==/com.google.android.gms-hwS2YDMBC-93LTIirEpPwQ==/base.apk Binary XML file line #10
10-24 16:08:39.275   544   594 W PackageParsing: Unknown element under <manifest>: module at /data/app/~~Hj_QZzO_667b18n9ZaUU_A==/com.google.android.gms-hwS2YDMBC-93LTIirEpPwQ==/base.apk Binary XML file line #14
10-24 16:08:39.275   544   594 W PackageParsing: Unknown element under <manifest>: permission at /data/app/~~Hj_QZzO_667b18n9ZaUU_A==/com.google.android.gms-hwS2YDMBC-93LTIirEpPwQ==/base.apk Binary XML file line #24
10-24 16:08:39.275   544   594 W PackageParsing: Unknown element under <manifest>: uses-sdk at /data/app/~~Hj_QZzO_667b18n9ZaUU_A==/com.google.android.gms-hwS2YDMBC-93LTIirEpPwQ==/base.apk Binary XML file line #10
10-24 16:08:39.275   544   594 W PackageParsing: Unknown element under <manifest>: module at /data/app/~~Hj_QZzO_667b18n9ZaUU_A==/com.google.android.gms-hwS2YDMBC-93LTIirEpPwQ==/base.apk Binary XML file line #14
10-24 16:08:39.275   544   594 W PackageParsing: Unknown element under <manifest>: uses-feature at /data/app/~~Hj_QZzO_667b18n9ZaUU_A==/com.google.android.gms-hwS2YDMBC-93LTIirEpPwQ==/base.apk Binary XML file line #24
10-24 16:08:39.275   544   594 W PackageParsing: Unknown element under <manifest>: queries at /data/app/~~Hj_QZzO_667b18n9ZaUU_A==/com.google.android.gms-hwS2YDMBC-93LTIirEpPwQ==/base.apk Binary XML file line #28
10-24 16:08:39.275   544   594 W PackageParsing: Unknown element under <manifest>: permission at /data/app/~~Hj_QZzO_667b18n9ZaUU_A==/com.google.android.gms-hwS2YDMBC-93LTIirEpPwQ==/base.apk Binary XML file line #34
10-24 16:08:39.276   544   594 W PackageParsing: Unknown element under <manifest>: uses-sdk at /data/app/~~Hj_QZzO_667b18n9ZaUU_A==/com.google.android.gms-hwS2YDMBC-93LTIirEpPwQ==/base.apk Binary XML file line #10
10-24 16:08:39.276   544   594 W PackageParsing: Unknown element under <manifest>: module at /data/app/~~Hj_QZzO_667b18n9ZaUU_A==/com.google.android.gms-hwS2YDMBC-93LTIirEpPwQ==/base.apk Binary XML file line #14
10-24 16:08:39.276   544   594 W PackageParsing: Unknown element under <manifest>: permission at /data/app/~~Hj_QZzO_667b18n9ZaUU_A==/com.google.android.gms-hwS2YDMBC-93LTIirEpPwQ==/base.apk Binary XML file line #24
10-24 16:08:39.276   544   594 W PackageParsing: Unknown element under <manifest>: uses-sdk at /data/app/~~Hj_QZzO_667b18n9ZaUU_A==/com.google.android.gms-hwS2YDMBC-93LTIirEpPwQ==/base.apk Binary XML file line #10
10-24 16:08:39.276   544   594 W PackageParsing: Unknown element under <manifest>: module at /data/app/~~Hj_QZzO_667b18n9ZaUU_A==/com.google.android.gms-hwS2YDMBC-93LTIirEpPwQ==/base.apk Binary XML file line #14
10-24 16:08:39.276   544   594 W PackageParsing: Unknown element under <manifest>: permission at /data/app/~~Hj_QZzO_667b18n9ZaUU_A==/com.google.android.gms-hwS2YDMBC-93LTIirEpPwQ==/base.apk Binary XML file line #24
10-24 16:08:39.277   544   594 W PackageParsing: Unknown element under <manifest>: uses-sdk at /data/app/~~Hj_QZzO_667b18n9ZaUU_A==/com.google.android.gms-hwS2YDMBC-93LTIirEpPwQ==/base.apk Binary XML file line #10
10-24 16:08:39.277   544   594 W PackageParsing: Unknown element under <manifest>: module at /data/app/~~Hj_QZzO_667b18n9ZaUU_A==/com.google.android.gms-hwS2YDMBC-93LTIirEpPwQ==/base.apk Binary XML file line #14
10-24 16:08:39.277   544   594 W PackageParsing: Unknown element under <manifest>: permission at /data/app/~~Hj_QZzO_667b18n9ZaUU_A==/com.google.android.gms-hwS2YDMBC-93LTIirEpPwQ==/base.apk Binary XML file line #24
10-24 16:08:39.284   544   544 W PackageManager: Relax SCAN_REQUIRE_KNOWN requirement for package com.google.android.gms
10-24 16:08:39.289   544   544 W PackageManager: Relax SCAN_REQUIRE_KNOWN requirement for package com.google.android.deskclock
10-24 16:08:39.294   544   544 W PackageManager: Relax SCAN_REQUIRE_KNOWN requirement for package com.google.android.apps.photos
10-24 16:08:39.311   544   597 W PackageParsing: No actions in intent-filter at /data/app/~~KoDksNcxQNpJ3U2kuARCbA==/com.google.android.apps.messaging-kNx_LbvEzTuCqHqL9Iq0FQ==/base.apk Binary XML file line #1363
10-24 16:08:39.311   544   544 W PackageManager: Relax SCAN_REQUIRE_KNOWN requirement for package com.google.android.apps.maps
10-24 16:08:39.315   544   544 W PackageManager: Relax SCAN_REQUIRE_KNOWN requirement for package com.google.android.apps.youtube.music
10-24 16:08:39.316   544   544 W PackageManager: Relax SCAN_REQUIRE_KNOWN requirement for package com.google.android.apps.messaging
10-24 16:08:39.335   544   597 W PackageParsing: No actions in intent-filter at /data/app/~~67lzQVlq91DhJExfmuBn9g==/com.google.android.calendar-CD7cfA75YLsXPSwBh4zHwA==/base.apk Binary XML file line #993
10-24 16:08:39.338   544   544 W PackageManager: Relax SCAN_REQUIRE_KNOWN requirement for package com.google.android.calendar
10-24 16:08:39.341   544   595 W PackageParsing: Unknown element under <manifest>: uses-sdk at /data/app/~~wn-1bYMR_Tnw71R3hsKPEQ==/com.android.vending-oNQjgxlEDsPufw5HKI8kPg==/base.apk Binary XML file line #9
10-24 16:08:39.341   544   595 W PackageParsing: Unknown element under <manifest>: module at /data/app/~~wn-1bYMR_Tnw71R3hsKPEQ==/com.android.vending-oNQjgxlEDsPufw5HKI8kPg==/base.apk Binary XML file line #11
10-24 16:08:39.342   544   544 W PackageManager: Relax SCAN_REQUIRE_KNOWN requirement for package com.android.vending
10-24 16:08:39.364   544   544 W PackageManager: Relax SCAN_REQUIRE_KNOWN requirement for package com.google.android.inputmethod.latin
10-24 16:08:39.413   544   594 W PackageParsing: No actions in intent-filter at /data/app/~~01IqEDOTP3M4FL5L-_nRiA==/com.google.android.googlequicksearchbox-PNn7PzuL9OfPxyNoQJ4BQQ==/base.apk Binary XML file line #2324
10-24 16:08:39.415   544   594 W PackageParsing: No actions in intent-filter at /data/app/~~01IqEDOTP3M4FL5L-_nRiA==/com.google.android.googlequicksearchbox-PNn7PzuL9OfPxyNoQJ4BQQ==/base.apk Binary XML file line #3993
10-24 16:08:39.419   544   594 W PackageParsing: Unknown element under <manifest>: uses-sdk at /data/app/~~01IqEDOTP3M4FL5L-_nRiA==/com.google.android.googlequicksearchbox-PNn7PzuL9OfPxyNoQJ4BQQ==/base.apk Binary XML file line #9
10-24 16:08:39.419   544   594 W PackageParsing: Unknown element under <manifest>: module at /data/app/~~01IqEDOTP3M4FL5L-_nRiA==/com.google.android.googlequicksearchbox-PNn7PzuL9OfPxyNoQJ4BQQ==/base.apk Binary XML file line #11
10-24 16:08:39.421   544   544 W PackageManager: Relax SCAN_REQUIRE_KNOWN requirement for package com.google.android.googlequicksearchbox
10-24 16:08:39.424   544   544 I PackageManager: Finished scanning non-system apps. Time: 270 ms, packageCount: 24 , timePerPackage: 11 , cached: 0
10-24 16:08:39.425   544   544 I PackageManager: Time to scan packages: 0.377 seconds
10-24 16:08:39.428   544   544 I PackageManager: Permission ownership changed. Updating all permissions.
10-24 16:08:39.437   544   544 V PackageManager: reconcileAppsData for null u0 0x1 migrateAppData=true
10-24 16:08:39.440   410   426 I SELinux : SELinux: Loaded file_contexts
10-24 16:08:39.450   544   544 V PackageManager: reconcileAppsData finished 21 packages
10-24 16:08:39.450   544   544 I PackageManagerTiming: write settings
10-24 16:08:39.450   544   606 I SystemServerTimingAsync: InitThreadPoolExec:prepareAppData
10-24 16:08:39.458   544   544 I SELinux : SELinux: Loaded file_contexts
10-24 16:08:39.468   544   544 I PackageManagerTiming: GC
10-24 16:08:39.468   544   544 I PackageManager: Fix for b/169414761 is applied
10-24 16:08:39.468   544   544 V UserManagerService: Checking that all system packages are whitelisted.
10-24 16:08:39.468   544   544 W UserManagerService: checkWhitelistedSystemPackages(mode=ENFORCE|IMPLICIT_WHITELIST|IMPLICIT_WHITELIST_SYSTEM) has 51 warnings:
10-24 16:08:39.469   544   544 W UserManagerService: com.android.theme.color.amethyst is allowlisted but not present.
10-24 16:08:39.469   544   544 W UserManagerService: com.android.theme.icon.pebble is allowlisted but not present.
10-24 16:08:39.469   544   544 W UserManagerService: com.android.theme.color.sand is allowlisted but not present.
10-24 16:08:39.469   544   544 W UserManagerService: com.android.wallpapercropper is allowlisted but not present.
10-24 16:08:39.469   544   544 W UserManagerService: com.android.theme.icon.vessel is allowlisted but not present.
10-24 16:08:39.469   544   544 W UserManagerService: com.android.theme.color.cinnamon is allowlisted but not present.
10-24 16:08:39.469   544   544 W UserManagerService: com.android.theme.icon_pack.victor.settings is allowlisted but not present.
10-24 16:08:39.469   544   544 W UserManagerService: com.android.theme.icon_pack.rounded.systemui is allowlisted but not present.
10-24 16:08:39.469   544   544 W UserManagerService: com.android.theme.icon.taperedrect is allowlisted but not present.
10-24 16:08:39.469   544   544 W UserManagerService: com.android.theme.icon_pack.rounded.android is allowlisted but not present.
10-24 16:08:39.469   544   544 W UserManagerService: com.android.theme.icon_pack.victor.systemui is allowlisted but not present.
10-24 16:08:39.469   544   544 W UserManagerService: com.android.theme.icon_pack.circular.themepicker is allowlisted but not present.
10-24 16:08:39.469   544   544 W UserManagerService: com.android.theme.color.tangerine is allowlisted but not present.
10-24 16:08:39.469   544   544 W UserManagerService: com.android.theme.color.aquamarine is allowlisted but not present.
10-24 16:08:39.469   544   544 W UserManagerService: com.android.theme.color.black is allowlisted but not present.
10-24 16:08:39.469   544   544 W UserManagerService: com.android.theme.color.green is allowlisted but not present.
10-24 16:08:39.469   544   544 W UserManagerService: com.android.theme.color.ocean is allowlisted but not present.
10-24 16:08:39.469   544   544 W UserManagerService: com.android.theme.color.space is allowlisted but not present.
10-24 16:08:39.469   544   544 W UserManagerService: com.android.theme.icon_pack.rounded.launcher is allowlisted but not present.
10-24 16:08:39.469   544   544 W UserManagerService: com.android.theme.icon_pack.kai.settings is allowlisted but not present.
10-24 16:08:39.469   544   544 W UserManagerService: com.android.theme.icon_pack.sam.settings is allowlisted but not present.
10-24 16:08:39.469   544   544 W UserManagerService: com.android.theme.icon_pack.kai.themepicker is allowlisted but not present.
10-24 16:08:39.469   544   544 W UserManagerService: com.android.theme.icon_pack.victor.launcher is allowlisted but not present.
10-24 16:08:39.469   544   544 W UserManagerService: com.android.theme.icon_pack.filled.settings is allowlisted but not present.
10-24 16:08:39.469   544   544 W UserManagerService: com.android.theme.icon_pack.kai.systemui is allowlisted but not present.
10-24 16:08:39.469   544   544 W UserManagerService: com.android.theme.icon_pack.circular.settings is allowlisted but not present.
10-24 16:08:39.469   544   544 W UserManagerService: com.android.theme.icon_pack.sam.systemui is allowlisted but not present.
10-24 16:08:39.469   544   544 W UserManagerService: com.android.theme.icon.teardrop is allowlisted but not present.
10-24 16:08:39.469   544   544 W UserManagerService: com.android.theme.icon_pack.rounded.themepicker is allowlisted but not present.
10-24 16:08:39.469   544   544 W UserManagerService: com.android.theme.icon_pack.filled.systemui is allowlisted but not present.
10-24 16:08:39.469   544   544 W UserManagerService: com.android.theme.icon_pack.sam.android is allowlisted but not present.
10-24 16:08:39.469   544   544 W UserManagerService: com.android.theme.icon_pack.filled.android is allowlisted but not present.
10-24 16:08:39.469   544   544 W UserManagerService: com.android.theme.icon_pack.circular.systemui is allowlisted but not present.
10-24 16:08:39.469   544   544 W UserManagerService: com.android.theme.icon_pack.kai.android is allowlisted but not present.
10-24 16:08:39.469   544   544 W UserManagerService: com.android.theme.icon_pack.kai.launcher is allowlisted but not present.
10-24 16:08:39.469   544   544 W UserManagerService: com.android.theme.icon_pack.sam.launcher is allowlisted but not present.
10-24 16:08:39.469   544   544 W UserManagerService: com.android.theme.icon.squircle is allowlisted but not present.
10-24 16:08:39.469   544   544 W UserManagerService: com.android.theme.icon_pack.victor.android is allowlisted but not present.
10-24 16:08:39.469   544   544 W UserManagerService: com.android.theme.color.palette is allowlisted but not present.
10-24 16:08:39.469   544   544 W UserManagerService: com.android.theme.icon_pack.filled.launcher is allowlisted but not present.
10-24 16:08:39.469   544   544 W UserManagerService: com.android.theme.color.carbon is allowlisted but not present.
10-24 16:08:39.469   544   544 W UserManagerService: com.android.theme.icon_pack.circular.launcher is allowlisted but not present.
10-24 16:08:39.469   544   544 W UserManagerService: com.android.theme.icon_pack.filled.themepicker is allowlisted but not present.
10-24 16:08:39.469   544   544 W UserManagerService: com.android.theme.icon_pack.victor.themepicker is allowlisted but not present.
10-24 16:08:39.469   544   544 W UserManagerService: com.android.theme.color.orchid is allowlisted but not present.
10-24 16:08:39.469   544   544 W UserManagerService: com.android.theme.color.purple is allowlisted but not present.
10-24 16:08:39.469   544   544 W UserManagerService: com.android.theme.icon_pack.sam.themepicker is allowlisted but not present.
10-24 16:08:39.469   544   544 W UserManagerService: com.android.wallpaperpicker is allowlisted but not present.
10-24 16:08:39.469   544   544 W UserManagerService: com.android.theme.icon.roundedrect is allowlisted but not present.
10-24 16:08:39.469   544   544 W UserManagerService: com.android.theme.icon_pack.rounded.settings is allowlisted but not present.
10-24 16:08:39.469   544   544 W UserManagerService: com.android.theme.icon_pack.circular.android is allowlisted but not present.
10-24 16:08:39.469   544   544 I Watchdog: Resuming HandlerChecker: main thread for reason: packagemanagermain. Pause count: 0
10-24 16:08:39.469   544   544 I SystemServerDexLoadReporter: Configuring system server dex reporter
10-24 16:08:39.473   544   544 I SystemServerTiming: StartOtaDexOptService
10-24 16:08:39.473   544   544 I Watchdog: Pausing HandlerChecker: main thread for reason: moveab. Pause count: 1
10-24 16:08:39.474   544   544 D OTADexopt: No upgrade, skipping A/B artifacts check.
10-24 16:08:39.474   544   544 I Watchdog: Resuming HandlerChecker: main thread for reason: moveab. Pause count: 0
10-24 16:08:39.474   544   544 I SystemServerTiming: StartUserManagerService
10-24 16:08:39.474   544   544 I SystemServiceManager: Starting com.android.server.pm.UserManagerService$LifeCycle
10-24 16:08:39.474   544   544 I SystemServerTiming: InitAttributerCache
10-24 16:08:39.474   544   544 I SystemServerTiming: SetSystemProcess
10-24 16:08:39.477   176   176 I lowmemorykiller: lmkd data connection established
10-24 16:08:39.477   544   574 I ActivityManager: Connection with lmkd established
10-24 16:08:39.478   544   544 I SystemServerTiming: InitWatchdog
10-24 16:08:39.478   544   544 I SystemServerTiming: StartOverlayManagerService
10-24 16:08:39.480   544   560 V HistoricalRegistry: Interaction before persistence initialized
10-24 16:08:39.480   351   351 I audioserver: Waiting for sensor privacy service
10-24 16:08:39.486   544   560 V HistoricalRegistry: Interaction before persistence initialized
10-24 16:08:39.486   408   423 W idmap2d : failed to parse idmap header of '/data/resource-cache/product@overlay@ManagedProvisioning__auto_generated_rro_product.apk@idmap'
10-24 16:08:39.487   407   407 I cameraserver: Waiting for sensor privacy service
10-24 16:08:39.496   408   423 W idmap2d : failed to find resource 'array/vendor_required_apps_managed_device'
10-24 16:08:39.496   408   423 W idmap2d : failed to find resource 'array/vendor_required_apps_managed_profile'
10-24 16:08:39.496   408   423 W idmap2d : failed to find resource 'array/vendor_required_apps_managed_user'
10-24 16:08:39.496   408   423 E idmap2d : no resources were overlaid
10-24 16:08:39.506   412   446 I ServiceManager: Waiting for service 'package_native' on '/dev/binder' successful after waiting 1814ms
10-24 16:08:39.506   412   446 W AudioAnalytics: (key=audio.flinger) Audioflinger constructor event detected
10-24 16:08:39.513   408   611 W idmap2d : failed to parse idmap header of '/data/resource-cache/vendor@overlay@SystemUIGoogle__auto_generated_rro_vendor.apk@idmap'
10-24 16:08:39.552   408   611 W idmap2d : failed to find resource 'bool/config_show4GForLTE'
10-24 16:08:39.552   408   611 E idmap2d : no resources were overlaid
10-24 16:08:39.557   415   415 I ServiceManager: Waiting for service 'package_native' on '/dev/binder' successful after waiting 1913ms
10-24 16:08:39.559   415   613 I storaged: storaged: Start
10-24 16:08:39.608   408   408 W idmap2d : active ffro iterator was not previously released
10-24 16:08:39.611   410   426 W cutils  : Expected path /data/user_de/0/com.google.android.gms with mode 700 but found 711
10-24 16:08:39.611   544   544 I SystemServerTiming: StartSensorPrivacyService
10-24 16:08:39.612   544   561 W ActivityTaskManager: Skip updateConfiguration because mWindowManager isn't set
10-24 16:08:39.613   544   544 I SystemServerTiming: StartSensorService
10-24 16:08:39.613   544   544 I SystemServiceManager: Starting com.android.server.sensors.SensorService
10-24 16:08:39.613   544   544 I SystemServerTiming: startCoreServices
10-24 16:08:39.613   544   544 I SystemServerTiming: StartSystemConfigService
10-24 16:08:39.613   544   544 I SystemServiceManager: Starting com.android.server.SystemConfigService
10-24 16:08:39.613   544   544 I SystemServerTiming: StartBatteryService
10-24 16:08:39.613   544   544 I SystemServiceManager: Starting com.android.server.BatteryService
10-24 16:08:39.613   544   615 I SystemServerTimingAsync: InitThreadPoolExec:StartNativeSensorService
10-24 16:08:39.613   544   615 I SystemServerTimingAsync: StartNativeSensorService
10-24 16:08:39.614   544   615 D SensorService: nuSensorService starting...
10-24 16:08:39.614   544   544 I android_os_HwBinder: HwBinder: Starting thread pool for getting: android.hardware.health@2.0::IHealth/default
10-24 16:08:39.614   407   407 I HidlServiceManagement: Registered android.frameworks.cameraservice.service@2.2::ICameraService/default
10-24 16:08:39.615   407   407 I CameraService: CameraService pinged cameraservice proxy
10-24 16:08:39.615   544   615 W SensorService: Goldfish 3-axis Accelerometer's max range 39.299999237061 is not a multiple of the resolution 0.000248015887 - updated to 39.300102233887
10-24 16:08:39.615   407   407 I cameraserver: ServiceManager: 0xb400007636257d60 done instantiate
10-24 16:08:39.615   544   615 I SensorService: Goldfish Ambient Temperature sensor's reported power 0.000000 invalid, clamped to 0.001000
10-24 16:08:39.615   544   579 E BluetoothAdapter: Bluetooth binder is null
10-24 16:08:39.612   191   191 W Binder:191_2: type=1400 audit(0.0:16): avc: denied { read } for name="wakeup4" dev="sysfs" ino=18129 scontext=u:r:system_suspend:s0 tcontext=u:object_r:sysfs:s0 tclass=dir permissive=0
10-24 16:08:39.612   191   191 W Binder:191_2: type=1400 audit(0.0:17): avc: denied { read } for name="wakeup2" dev="sysfs" ino=17256 scontext=u:r:system_suspend:s0 tcontext=u:object_r:sysfs:s0 tclass=dir permissive=0
10-24 16:08:39.612   191   191 W Binder:191_2: type=1400 audit(0.0:18): avc: denied { read } for name="wakeup0" dev="sysfs" ino=14159 scontext=u:r:system_suspend:s0 tcontext=u:object_r:sysfs:s0 tclass=dir permissive=0
10-24 16:08:39.612   191   191 W Binder:191_2: type=1400 audit(0.0:19): avc: denied { read } for name="wakeup5" dev="sysfs" ino=18189 scontext=u:r:system_suspend:s0 tcontext=u:object_r:sysfs:s0 tclass=dir permissive=0
10-24 16:08:39.612   191   191 W Binder:191_2: type=1400 audit(0.0:20): avc: denied { read } for name="wakeup3" dev="sysfs" ino=17304 scontext=u:r:system_suspend:s0 tcontext=u:object_r:sysfs:s0 tclass=dir permissive=0
10-24 16:08:39.612   191   191 W Binder:191_2: type=1400 audit(0.0:21): avc: denied { read } for name="wakeup1" dev="sysfs" ino=14220 scontext=u:r:system_suspend:s0 tcontext=u:object_r:sysfs:s0 tclass=dir permissive=0
10-24 16:08:39.616   191   197 E android.system.suspend@1.0-service: Error opening kernel wakelock stats for: wakeup4: Permission denied
10-24 16:08:39.616   191   197 E android.system.suspend@1.0-service: Error opening kernel wakelock stats for: wakeup2: Permission denied
10-24 16:08:39.616   191   197 E android.system.suspend@1.0-service: Error opening kernel wakelock stats for: wakeup0: Permission denied
10-24 16:08:39.616   191   197 E android.system.suspend@1.0-service: Error opening kernel wakelock stats for: wakeup5: Permission denied
10-24 16:08:39.616   191   197 E android.system.suspend@1.0-service: Error opening kernel wakelock stats for: wakeup3: Permission denied
10-24 16:08:39.616   191   197 E android.system.suspend@1.0-service: Error opening kernel wakelock stats for: wakeup1: Permission denied
10-24 16:08:39.616   191   191 W Binder:191_2: type=1400 audit(0.0:22): avc: denied { read } for name="wakeup4" dev="sysfs" ino=18129 scontext=u:r:system_suspend:s0 tcontext=u:object_r:sysfs:s0 tclass=dir permissive=0
10-24 16:08:39.616   191   191 W Binder:191_2: type=1400 audit(0.0:23): avc: denied { read } for name="wakeup2" dev="sysfs" ino=17256 scontext=u:r:system_suspend:s0 tcontext=u:object_r:sysfs:s0 tclass=dir permissive=0
10-24 16:08:39.616   191   191 W Binder:191_2: type=1400 audit(0.0:24): avc: denied { read } for name="wakeup0" dev="sysfs" ino=14159 scontext=u:r:system_suspend:s0 tcontext=u:object_r:sysfs:s0 tclass=dir permissive=0
10-24 16:08:39.617   191   197 E android.system.suspend@1.0-service: Error opening kernel wakelock stats for: wakeup4: Permission denied
10-24 16:08:39.617   191   197 E android.system.suspend@1.0-service: Error opening kernel wakelock stats for: wakeup2: Permission denied
10-24 16:08:39.617   191   197 E android.system.suspend@1.0-service: Error opening kernel wakelock stats for: wakeup0: Permission denied
10-24 16:08:39.617   191   197 E android.system.suspend@1.0-service: Error opening kernel wakelock stats for: wakeup5: Permission denied
10-24 16:08:39.617   191   197 E android.system.suspend@1.0-service: Error opening kernel wakelock stats for: wakeup3: Permission denied
10-24 16:08:39.617   191   197 E android.system.suspend@1.0-service: Error opening kernel wakelock stats for: wakeup1: Permission denied
10-24 16:08:39.616   191   191 W Binder:191_2: type=1400 audit(0.0:25): avc: denied { read } for name="wakeup5" dev="sysfs" ino=18189 scontext=u:r:system_suspend:s0 tcontext=u:object_r:sysfs:s0 tclass=dir permissive=0
10-24 16:08:39.616   191   191 W Binder:191_2: type=1400 audit(0.0:26): avc: denied { read } for name="wakeup3" dev="sysfs" ino=17304 scontext=u:r:system_suspend:s0 tcontext=u:object_r:sysfs:s0 tclass=dir permissive=0
10-24 16:08:39.616   191   191 W Binder:191_2: type=1400 audit(0.0:27): avc: denied { read } for name="wakeup1" dev="sysfs" ino=14220 scontext=u:r:system_suspend:s0 tcontext=u:object_r:sysfs:s0 tclass=dir permissive=0
10-24 16:08:39.617   544   621 D SensorService: nuSensorService thread starting...
10-24 16:08:39.617   544   620 D SensorService: new thread SensorEventAckReceiver
10-24 16:08:39.617   544   615 V HistoricalRegistry: Interaction before persistence initialized
10-24 16:08:39.619   544   544 I android_os_HwBinder: HwBinder: Starting thread pool for getting: android.hidl.manager@1.0::IServiceManager/default
10-24 16:08:39.619   544   544 I HealthServiceWrapper: health: HealthServiceWrapper listening to instance default
10-24 16:08:39.619   544   544 I BatteryService: health: Waited 0ms and received the update.
10-24 16:08:39.620   544   544 I SystemServerTiming: StartUsageService
10-24 16:08:39.620   544   544 I SystemServiceManager: Starting com.android.server.usage.UsageStatsService
10-24 16:08:39.621   544   619 I android_os_HwBinder: HwBinder: Starting thread pool for getting: android.hardware.health@2.0::IHealth/default
10-24 16:08:39.622   544   544 I SystemServerTiming: StartWebViewUpdateService
10-24 16:08:39.623   544   544 I SystemServiceManager: Starting com.android.server.webkit.WebViewUpdateService
10-24 16:08:39.623   544   544 I SystemServerTiming: StartCachedDeviceStateService
10-24 16:08:39.623   544   544 I SystemServiceManager: Starting com.android.server.CachedDeviceStateService
10-24 16:08:39.623   544   544 I SystemServerTiming: StartBinderCallsStatsService
10-24 16:08:39.623   544   544 I SystemServiceManager: Starting com.android.server.BinderCallsStatsService$LifeCycle
10-24 16:08:39.623   544   544 I SystemServerTiming: StartLooperStatsService
10-24 16:08:39.624   544   544 I SystemServiceManager: Starting com.android.server.LooperStatsService$Lifecycle
10-24 16:08:39.624   544   544 I SystemServerTiming: StartRollbackManagerService
10-24 16:08:39.624   544   544 I SystemServiceManager: Starting com.android.server.rollback.RollbackManagerService
10-24 16:08:39.624   544   606 I PackageManager: Deferred reconcileAppsData finished 161 packages
10-24 16:08:39.624   410   426 D installd: Found quota mount /dev/block/dm-4 at /data
10-24 16:08:39.624   410   426 D installd: Found quota mount /dev/block/dm-4 at /data/user/0
10-24 16:08:39.625   544   544 I PackageWatchdog: Syncing state, reason: added new observer
10-24 16:08:39.625   544   544 I PackageWatchdog: Not pruning observers, elapsed time: 0ms
10-24 16:08:39.625   544   571 I PackageWatchdog: Saving observer state to file
10-24 16:08:39.625   544   544 I SystemServerTiming: StartNativeTombstoneManagerService
10-24 16:08:39.625   544   544 I SystemServiceManager: Starting com.android.server.os.NativeTombstoneManagerService
10-24 16:08:39.626   544   544 I SystemServerTiming: StartBugreportManagerService
10-24 16:08:39.626   544   544 I SystemServiceManager: Starting com.android.server.os.BugreportManagerService
10-24 16:08:39.626   544   544 I SystemServerTiming: GpuService
10-24 16:08:39.626   544   544 I SystemServiceManager: Starting com.android.server.gpu.GpuService
10-24 16:08:39.626   544   544 I SystemServerTiming: startOtherServices
10-24 16:08:39.626   544   544 I SystemServerTiming: StartKeyAttestationApplicationIdProviderService
10-24 16:08:39.626   544   626 I SystemServerTimingAsync: InitThreadPoolExec:SecondaryZygotePreload
10-24 16:08:39.626   544   626 I SystemServer: SecondaryZygotePreload
10-24 16:08:39.626   544   626 I SystemServerTimingAsync: SecondaryZygotePreload
10-24 16:08:39.627   544   626 E SystemServer: Exception preloading default resources
10-24 16:08:39.627   544   626 E SystemServer: java.lang.ArrayIndexOutOfBoundsException: length=0; index=0
10-24 16:08:39.627   544   626 E SystemServer: 	at com.android.server.SystemServer.lambda$startOtherServices$1(SystemServer.java:1384)
10-24 16:08:39.627   544   626 E SystemServer: 	at com.android.server.SystemServer$$ExternalSyntheticLambda7.run(Unknown Source:0)
10-24 16:08:39.627   544   626 E SystemServer: 	at com.android.server.SystemServerInitThreadPool.lambda$submitTask$0$SystemServerInitThreadPool(SystemServerInitThreadPool.java:105)
