10-24 16:08:39.627   544   626 E SystemServer: 	at com.android.server.SystemServerInitThreadPool$$ExternalSyntheticLambda0.run(Unknown Source:6)
10-24 16:08:39.627   544   626 E SystemServer: 	at java.util.concurrent.Executors$RunnableAdapter.call(Executors.java:462)
10-24 16:08:39.627   544   626 E SystemServer: 	at java.util.concurrent.FutureTask.run(FutureTask.java:266)
10-24 16:08:39.627   544   626 E SystemServer: 	at java.util.concurrent.ThreadPoolExecutor.runWorker(ThreadPoolExecutor.java:1167)
10-24 16:08:39.627   544   626 E SystemServer: 	at java.util.concurrent.ThreadPoolExecutor$Worker.run(ThreadPoolExecutor.java:641)
10-24 16:08:39.627   544   626 E SystemServer: 	at com.android.internal.util.ConcurrentUtils$1$1.run(ConcurrentUtils.java:65)
10-24 16:08:39.627   544   544 I SystemServerTiming: StartKeyChainSystemService
10-24 16:08:39.627   544   544 I SystemServiceManager: Starting com.android.server.security.KeyChainSystemService
10-24 16:08:39.627   544   544 I SystemServerTiming: StartSchedulingPolicyService
10-24 16:08:39.627   544   568 I SystemServerTimingAsync: InitThreadPoolExec:SchedulingPolicyService.<init>
10-24 16:08:39.627   544   544 I SystemServerTiming: StartTelecomLoaderService
10-24 16:08:39.627   544   544 I SystemServiceManager: Starting com.android.server.telecom.TelecomLoaderService
10-24 16:08:39.628   544   544 I SystemServerTiming: StartTelephonyRegistry
10-24 16:08:39.628   544   568 I SchedulingPolicyService: Moving 418 back to group default
10-24 16:08:39.629   544   544 I SystemServerTiming: StartEntropyMixer
10-24 16:08:39.629   544   544 I EntropyMixer: Writing entropy...
10-24 16:08:39.631   544   544 I SystemServerTiming: StartAccountManagerService
10-24 16:08:39.631   544   544 I SystemServiceManager: Starting com.android.server.accounts.AccountManagerService$Lifecycle
10-24 16:08:39.632   544   544 D CompatibilityChangeReporter: Compat change id reported: 148180766; UID 1000; state: ENABLED
10-24 16:08:39.632   544   544 I SystemServerTiming: StartContentService
10-24 16:08:39.632   544   544 I SystemServiceManager: Starting com.android.server.content.ContentService$Lifecycle
10-24 16:08:39.632   544   544 I SystemServerTiming: InstallSystemProviders
10-24 16:08:39.650   544   572 D ActivityManager: Freezer enabled
10-24 16:08:39.650   544   572 D ActivityManager: freezer override set to false
10-24 16:08:39.650   544   544 I SystemServerTiming: StartDropBoxManager
10-24 16:08:39.650   544   544 I SystemServiceManager: Starting com.android.server.DropBoxManagerService
10-24 16:08:39.651   544   544 I SystemServerTiming: StartRoleManagerService
10-24 16:08:39.651   544   544 I SystemServiceManager: Starting com.android.role.RoleService
10-24 16:08:39.652   544   544 I SystemServerTiming: StartVibratorManagerService
10-24 16:08:39.652   544   544 I SystemServiceManager: Starting com.android.server.vibrator.VibratorManagerService$Lifecycle
10-24 16:08:39.653   177   177 I servicemanager: Found android.hardware.vibrator.IVibratorManager/default in device VINTF manifest.
10-24 16:08:39.653   349   349 I android.hardware.vibrator-service.example: Vibrator manager reporting capabilities
10-24 16:08:39.653   349   349 I android.hardware.vibrator-service.example: Vibrator manager getting vibrator ids
10-24 16:08:39.654   349   349 I android.hardware.vibrator-service.example: Vibrator manager getting vibrator 1
10-24 16:08:39.654   349   349 I android.hardware.vibrator-service.example: Vibrator reporting capabilities
10-24 16:08:39.655   349   349 I android.hardware.vibrator-service.example: Vibrator Manager cancel synced
10-24 16:08:39.655   349   349 I android.hardware.vibrator-service.example: Vibrator manager getting vibrator 1
10-24 16:08:39.655   349   349 I android.hardware.vibrator-service.example: Vibrator off
10-24 16:08:39.656   544   544 I SystemServerTiming: StartDynamicSystemService
10-24 16:08:39.656   544   544 I SystemServerTiming: StartConsumerIrService
10-24 16:08:39.656   178   178 I hwservicemanager: getTransport: Cannot find entry android.hardware.ir@1.0::IConsumerIr/default in either framework or device VINTF manifest.
10-24 16:08:39.656   544   544 I SystemServerTiming: StartAlarmManagerService
10-24 16:08:39.657   544   544 I SystemServiceManager: Starting com.android.server.alarm.AlarmManagerService
10-24 16:08:39.658   544   544 D AlarmManagerService: Kernel timezone updated to -420 minutes west of GMT
10-24 16:08:39.658   544   544 D CompatibilityChangeReporter: Compat change id reported: 160794467; UID 1000; state: ENABLED
10-24 16:08:39.658   544   544 I SystemServerTiming: StartInputManagerService
10-24 16:08:39.659   544   544 I InputManager: Initializing input manager, mUseDevInputEventForAudioJack=true
10-24 16:08:39.659   311   324 I ServiceManager: Waiting for service 'statscompanion' on '/dev/binder'...
10-24 16:08:39.660   544   544 I SystemServerTiming: DeviceStateManagerService
10-24 16:08:39.660   544   544 I SystemServiceManager: Starting com.android.server.devicestate.DeviceStateManagerService
10-24 16:08:39.661   544   544 I SystemServerTiming: StartCameraServiceProxy
10-24 16:08:39.662   544   544 I SystemServiceManager: Starting com.android.server.camera.CameraServiceProxy
10-24 16:08:39.662   544   544 I SystemServerTiming: StartWindowManagerService
10-24 16:08:39.662   544   544 I SystemServiceManager: Starting phase 200
10-24 16:08:39.662   544   544 I SystemServerTiming: OnBootPhase_200
10-24 16:08:39.662   544   544 I SystemServerTiming: OnBootPhase_200_com.android.server.security.FileIntegrityService
10-24 16:08:39.662   544   544 I SystemServerTiming: OnBootPhase_200_com.android.server.pm.Installer
10-24 16:08:39.662   544   544 I SystemServerTiming: OnBootPhase_200_com.android.server.os.DeviceIdentifiersPolicyService
10-24 16:08:39.662   544   544 I SystemServerTiming: OnBootPhase_200_com.android.server.uri.UriGrantsManagerService$Lifecycle
10-24 16:08:39.662   544   544 I SystemServerTiming: OnBootPhase_200_com.android.server.powerstats.PowerStatsService
10-24 16:08:39.662   544   544 I SystemServerTiming: OnBootPhase_200_com.android.server.wm.ActivityTaskManagerService$Lifecycle
10-24 16:08:39.662   544   544 I SystemServerTiming: OnBootPhase_200_com.android.server.am.ActivityManagerService$Lifecycle
10-24 16:08:39.662   544   544 I SystemServerTiming: OnBootPhase_200_com.android.server.pm.DataLoaderManagerService
10-24 16:08:39.662   544   544 I SystemServerTiming: OnBootPhase_200_com.android.server.power.PowerManagerService
10-24 16:08:39.662   544   544 I SystemServerTiming: OnBootPhase_200_com.android.server.power.ThermalManagerService
10-24 16:08:39.662   544   544 I SystemServerTiming: OnBootPhase_200_com.android.server.power.hint.HintManagerService
10-24 16:08:39.662   544   544 I SystemServerTiming: OnBootPhase_200_com.android.server.recoverysystem.RecoverySystemService$Lifecycle
10-24 16:08:39.662   544   544 I SystemServerTiming: OnBootPhase_200_com.android.server.lights.LightsService
10-24 16:08:39.662   544   544 I SystemServerTiming: OnBootPhase_200_com.android.server.display.DisplayManagerService
10-24 16:08:39.662   544   544 I SystemServerTiming: OnBootPhase_200_com.android.server.pm.verify.domain.DomainVerificationService
10-24 16:08:39.662   544   544 I SystemServerTiming: OnBootPhase_200_com.android.server.pm.PackageInstallerService$Lifecycle
10-24 16:08:39.662   544   544 I SystemServerTiming: OnBootPhase_200_com.android.server.pm.UserManagerService$LifeCycle
10-24 16:08:39.662   544   544 I SystemServerTiming: OnBootPhase_200_com.android.server.om.OverlayManagerService
10-24 16:08:39.662   544   544 I SystemServerTiming: OnBootPhase_200_com.android.server.SensorPrivacyService
10-24 16:08:39.662   544   544 I SystemServerTiming: OnBootPhase_200_com.android.server.sensors.SensorService
10-24 16:08:39.662   544   544 I SystemServerTiming: OnBootPhase_200_com.android.server.SystemConfigService
10-24 16:08:39.662   544   544 I SystemServerTiming: OnBootPhase_200_com.android.server.BatteryService
10-24 16:08:39.662   544   544 I SystemServerTiming: OnBootPhase_200_com.android.server.usage.UsageStatsService
10-24 16:08:39.662   544   544 I SystemServerTiming: OnBootPhase_200_com.android.server.webkit.WebViewUpdateService
10-24 16:08:39.662   544   544 I SystemServerTiming: OnBootPhase_200_com.android.server.CachedDeviceStateService
10-24 16:08:39.662   544   544 I SystemServerTiming: OnBootPhase_200_com.android.server.BinderCallsStatsService$LifeCycle
10-24 16:08:39.662   544   544 I SystemServerTiming: OnBootPhase_200_com.android.server.LooperStatsService$Lifecycle
10-24 16:08:39.662   544   544 I SystemServerTiming: OnBootPhase_200_com.android.server.rollback.RollbackManagerService
10-24 16:08:39.662   544   544 I SystemServerTiming: OnBootPhase_200_com.android.server.os.NativeTombstoneManagerService
10-24 16:08:39.662   544   544 I SystemServerTiming: OnBootPhase_200_com.android.server.os.BugreportManagerService
10-24 16:08:39.662   544   544 I SystemServerTiming: OnBootPhase_200_com.android.server.gpu.GpuService
10-24 16:08:39.662   544   544 I SystemServerTiming: OnBootPhase_200_com.android.server.security.KeyChainSystemService
10-24 16:08:39.662   544   544 I SystemServerTiming: OnBootPhase_200_com.android.server.telecom.TelecomLoaderService
10-24 16:08:39.662   544   544 I SystemServerTiming: OnBootPhase_200_com.android.server.accounts.AccountManagerService$Lifecycle
10-24 16:08:39.662   544   544 I SystemServerTiming: OnBootPhase_200_com.android.server.content.ContentService$Lifecycle
10-24 16:08:39.662   544   544 I SystemServerTiming: OnBootPhase_200_com.android.server.DropBoxManagerService
10-24 16:08:39.662   544   544 I SystemServerTiming: OnBootPhase_200_com.android.role.RoleService
10-24 16:08:39.662   544   544 I SystemServerTiming: OnBootPhase_200_com.android.server.vibrator.VibratorManagerService$Lifecycle
10-24 16:08:39.662   544   544 I SystemServerTiming: OnBootPhase_200_com.android.server.alarm.AlarmManagerService
10-24 16:08:39.662   544   544 I SystemServerTiming: OnBootPhase_200_com.android.server.devicestate.DeviceStateManagerService
10-24 16:08:39.662   544   544 I SystemServerTiming: OnBootPhase_200_com.android.server.camera.CameraServiceProxy
10-24 16:08:39.663   544   544 I WindowManager: No existing display settings, starting empty
10-24 16:08:39.666   544   564 I WindowTracing: Setting window tracing log level to 1
10-24 16:08:39.666   544   564 I WindowTracing: Setting window tracing buffer capacity to 2097152bytes
10-24 16:08:39.669   544   544 I SystemServerTiming: SetWindowManagerService
10-24 16:08:39.670   544   544 I InputDispatcher: Created monitor PointerEventDispatcher0 for display 0, gesture=false, pid=544
10-24 16:08:39.680   544   544 I ActivityTaskManager: Loaded persisted task ids for user 0
10-24 16:08:39.681   544   544 I SystemServerTiming: WindowManagerServiceOnInitReady
10-24 16:08:39.688   544   562 W ShortcutManager: Unable to add bookmark: com.google.android.talk/com.google.android.talk.SigningInActivity
10-24 16:08:39.688   544   562 W ShortcutManager: android.content.pm.PackageManager$NameNotFoundException: ComponentInfo{com.google.android.talk/com.google.android.talk.SigningInActivity}
10-24 16:08:39.688   544   562 W ShortcutManager: 	at android.app.ApplicationPackageManager.getActivityInfo(ApplicationPackageManager.java:509)
10-24 16:08:39.688   544   562 W ShortcutManager: 	at com.android.server.policy.ModifierShortcutManager.loadShortcuts(ModifierShortcutManager.java:176)
10-24 16:08:39.688   544   562 W ShortcutManager: 	at com.android.server.policy.ModifierShortcutManager.<init>(ModifierShortcutManager.java:96)
10-24 16:08:39.688   544   562 W ShortcutManager: 	at com.android.server.policy.PhoneWindowManager.init(PhoneWindowManager.java:1673)
10-24 16:08:39.688   544   562 W ShortcutManager: 	at com.android.server.wm.WindowManagerService$5.run(WindowManagerService.java:1194)
10-24 16:08:39.688   544   562 W ShortcutManager: 	at android.os.Handler$BlockingRunnable.run(Handler.java:961)
10-24 16:08:39.688   544   562 W ShortcutManager: 	at android.os.Handler.handleCallback(Handler.java:938)
10-24 16:08:39.688   544   562 W ShortcutManager: 	at android.os.Handler.dispatchMessage(Handler.java:99)
10-24 16:08:39.688   544   562 W ShortcutManager: 	at android.os.Looper.loopOnce(Looper.java:201)
10-24 16:08:39.688   544   562 W ShortcutManager: 	at android.os.Looper.loop(Looper.java:288)
10-24 16:08:39.688   544   562 W ShortcutManager: 	at android.os.HandlerThread.run(HandlerThread.java:67)
10-24 16:08:39.688   544   562 W ShortcutManager: 	at com.android.server.ServiceThread.run(ServiceThread.java:44)
10-24 16:08:39.688   544   562 W ShortcutManager: 	at com.android.server.UiThread.run(UiThread.java:45)
10-24 16:08:39.692   544   544 I SystemServerTiming: StartInputManager
10-24 16:08:39.692   544   615 I SystemServerTimingAsync: InitThreadPoolExec:StartHidlServices
10-24 16:08:39.692   544   615 I SystemServerTimingAsync: StartHidlServices
10-24 16:08:39.692   544   544 I InputManager: Starting input manager
10-24 16:08:39.692   544   615 I HidlServiceManagement: Registered android.frameworks.sensorservice@1.0::ISensorManager/default
10-24 16:08:39.693   544   615 I HidlServiceManagement: Registered android.frameworks.schedulerservice@1.0::ISchedulingPolicyService/default
10-24 16:08:39.693   544   544 I InputManager: Enabling motion classifier because just booted: feature enabled, long press timeout = 400
10-24 16:08:39.693   544   544 I InputClassifier: Enabling motion classifier
10-24 16:08:39.693   544   544 I SystemServerTiming: DisplayManagerWindowManagerAndInputReady
10-24 16:08:39.693   178   178 I hwservicemanager: Since android.hardware.input.classifier@1.0::IInputClassifier/default is not registered, trying to start it as a lazy HAL.
10-24 16:08:39.693   544   544 I SystemServerTiming: StartBluetoothService
10-24 16:08:39.693   544   544 I SystemServiceManager: Starting com.android.server.BluetoothService
10-24 16:08:39.693   544   564 I LogicalDisplayMapper: Requesting Transition to state: 0
10-24 16:08:39.694   544   564 I LogicalDisplayMapper: Applying layout: [{addr: {port=0, model=0x401cec6a7a2b7b}, dispId: 0(ON)}], Previous layout: [{addr: {port=0, model=0x401cec6a7a2b7b}, dispId: 0(ON)}]
10-24 16:08:39.694   178   178 I hwservicemanager: Since android.hardware.input.classifier@1.0::IInputClassifier/default is not registered, trying to start it as a lazy HAL.
10-24 16:08:39.694   544   637 I HidlServiceManagement: getService: Trying again for android.hardware.input.classifier@1.0::IInputClassifier/default...
10-24 16:08:39.695   544   636 I EventHub: usingClockIoctl=true
10-24 16:08:39.695   544   636 I EventHub: New device: id=1, fd=185, path='/dev/input/event10', name='virtio_input_multi_touch_10', classes=TOUCH | TOUCH_MT | SWITCH, configuration='/vendor/usr/idc/virtio_input_multi_touch_10.idc', keyLayout='', keyCharacterMap='', builtinKeyboard=false, 
10-24 16:08:39.695   544   544 D BluetoothManagerService: Loading stored name and address
10-24 16:08:39.695   544   544 D BluetoothManagerService: Stored bluetooth Name=sdk_gphone64_arm64,Address=DA:4C:10:DE:17:00
10-24 16:08:39.695   544   544 D BluetoothManagerService: Bluetooth persisted state: 1
10-24 16:08:39.695   544   544 D BluetoothManagerService: Startup: Bluetooth persisted state is ON.
10-24 16:08:39.695   544   544 D BluetoothManagerService: Detected SystemUiUid: 10135
10-24 16:08:39.695   544   544 I SystemServerTiming: IpConnectivityMetrics
10-24 16:08:39.695   544   544 I SystemServiceManager: Starting com.android.server.connectivity.IpConnectivityMetrics
10-24 16:08:39.695   544   544 I SystemServerTiming: NetworkWatchlistService
10-24 16:08:39.695   544   544 I SystemServiceManager: Starting com.android.server.net.watchlist.NetworkWatchlistService$Lifecycle
10-24 16:08:39.695   544   636 I EventHub: usingClockIoctl=true
10-24 16:08:39.695   544   636 I EventHub: New device: id=2, fd=186, path='/dev/input/event6', name='virtio_input_multi_touch_6', classes=TOUCH | TOUCH_MT | SWITCH, configuration='/vendor/usr/idc/virtio_input_multi_touch_6.idc', keyLayout='', keyCharacterMap='', builtinKeyboard=false, 
10-24 16:08:39.696   544   636 I EventHub: usingClockIoctl=true
10-24 16:08:39.696   544   636 I EventHub: New device: id=3, fd=187, path='/dev/input/event11', name='virtio_input_multi_touch_11', classes=TOUCH | TOUCH_MT | SWITCH, configuration='/vendor/usr/idc/virtio_input_multi_touch_11.idc', keyLayout='', keyCharacterMap='', builtinKeyboard=false, 
10-24 16:08:39.697   544   636 I EventHub: usingClockIoctl=true
10-24 16:08:39.697   544   636 I EventHub: New device: id=4, fd=188, path='/dev/input/event8', name='virtio_input_multi_touch_8', classes=TOUCH | TOUCH_MT | SWITCH, configuration='/vendor/usr/idc/virtio_input_multi_touch_8.idc', keyLayout='', keyCharacterMap='', builtinKeyboard=false, 
10-24 16:08:39.698   544   636 I EventHub: usingClockIoctl=true
10-24 16:08:39.698   544   636 I EventHub: New device: id=5, fd=189, path='/dev/input/event4', name='virtio_input_multi_touch_4', classes=TOUCH | TOUCH_MT | SWITCH, configuration='/vendor/usr/idc/virtio_input_multi_touch_4.idc', keyLayout='', keyCharacterMap='', builtinKeyboard=false, 
10-24 16:08:39.699   544   636 I EventHub: usingClockIoctl=true
10-24 16:08:39.699   544   636 I EventHub: New device: id=6, fd=192, path='/dev/input/event1', name='virtio_input_multi_touch_1', classes=TOUCH | TOUCH_MT | SWITCH, configuration='/vendor/usr/idc/virtio_input_multi_touch_1.idc', keyLayout='', keyCharacterMap='', builtinKeyboard=false, 
10-24 16:08:39.700   544   544 I WatchlistSettings: Reload watchlist settings done
10-24 16:08:39.701   544   641 I WatchlistLoggingHandler: Start aggregating watchlist records.
10-24 16:08:39.701   544   636 I EventHub: usingClockIoctl=true
10-24 16:08:39.701   544   636 I EventHub: New device: id=7, fd=193, path='/dev/input/event12', name='qwerty2', classes=KEYBOARD | ALPHAKEY | DPAD, configuration='/vendor/usr/idc/qwerty2.idc', keyLayout='/vendor/usr/keylayout/qwerty.kl', keyCharacterMap='/system/usr/keychars/qwerty2.kcm', builtinKeyboard=true, 
10-24 16:08:39.701   544   544 I SystemServerTiming: PinnerService
10-24 16:08:39.701   544   544 I SystemServiceManager: Starting com.android.server.PinnerService
10-24 16:08:39.701   544   636 I EventHub: usingClockIoctl=true
10-24 16:08:39.701   544   636 I EventHub: New device: id=8, fd=194, path='/dev/input/event7', name='virtio_input_multi_touch_7', classes=TOUCH | TOUCH_MT | SWITCH, configuration='/vendor/usr/idc/virtio_input_multi_touch_7.idc', keyLayout='', keyCharacterMap='', builtinKeyboard=false, 
10-24 16:08:39.702   544   636 I EventHub: usingClockIoctl=true
10-24 16:08:39.702   544   636 I EventHub: New device: id=9, fd=195, path='/dev/input/event2', name='virtio_input_multi_touch_2', classes=TOUCH | TOUCH_MT | SWITCH, configuration='/vendor/usr/idc/virtio_input_multi_touch_2.idc', keyLayout='', keyCharacterMap='', builtinKeyboard=false, 
10-24 16:08:39.702   544   636 I EventHub: usingClockIoctl=true
10-24 16:08:39.702   544   636 I EventHub: New device: id=10, fd=196, path='/dev/input/event3', name='virtio_input_multi_touch_3', classes=TOUCH | TOUCH_MT | SWITCH, configuration='/vendor/usr/idc/virtio_input_multi_touch_3.idc', keyLayout='', keyCharacterMap='', builtinKeyboard=false, 
10-24 16:08:39.702   544   544 V HistoricalRegistry: Interaction before persistence initialized
10-24 16:08:39.703   544   636 I EventHub: usingClockIoctl=true
10-24 16:08:39.703   544   636 I EventHub: New device: id=11, fd=197, path='/dev/input/event9', name='virtio_input_multi_touch_9', classes=TOUCH | TOUCH_MT | SWITCH, configuration='/vendor/usr/idc/virtio_input_multi_touch_9.idc', keyLayout='', keyCharacterMap='', builtinKeyboard=false, 
10-24 16:08:39.704   544   636 I EventHub: usingClockIoctl=true
10-24 16:08:39.704   544   636 I EventHub: New device: id=12, fd=200, path='/dev/input/event5', name='virtio_input_multi_touch_5', classes=TOUCH | TOUCH_MT | SWITCH, configuration='/vendor/usr/idc/virtio_input_multi_touch_5.idc', keyLayout='', keyCharacterMap='', builtinKeyboard=false, 
10-24 16:08:39.704   640   640 I HidlServiceManagement: Registered android.hardware.input.classifier@1.0::IInputClassifier/default
10-24 16:08:39.704   544   636 D EventHub: No input device configuration file found for device 'gpio-keys'.
10-24 16:08:39.704   640   640 I HidlServiceManagement: Removing namespace from process name android.hardware.input.classifier@1.0-service.default to classifier@1.0-service.default.
10-24 16:08:39.705   178   178 I hw-BpHwBinder: onLastStrongRef automatically unlinking death recipients
10-24 16:08:39.706   544   636 W EventHub: Unable to disable kernel key repeat for /dev/input/event0: Function not implemented
10-24 16:08:39.706   544   636 I EventHub: usingClockIoctl=true
10-24 16:08:39.706   544   636 I EventHub: New device: id=13, fd=201, path='/dev/input/event0', name='gpio-keys', classes=KEYBOARD, configuration='', keyLayout='/system/usr/keylayout/Generic.kl', keyCharacterMap='/system/usr/keychars/Generic.kcm', builtinKeyboard=false, 
10-24 16:08:39.707   544   636 I InputReader: Device added: id=-1, eventHubId=-1, name='Virtual', descriptor='a718a782d34bc767f4689c232d64d527998ea7fd',sources=0x00000301
10-24 16:08:39.707   544   636 I InputReader: Device added: id=2, eventHubId=13, name='gpio-keys', descriptor='485d69228e24f5e46da1598745890b214130dbc4',sources=0x00000101
10-24 16:08:39.707   544   636 I InputReader: Touch device 'virtio_input_multi_touch_5' could not query the properties of its associated display.  The device will be inoperable until the display size becomes available.
10-24 16:08:39.708   544   636 I InputReader: Device added: id=3, eventHubId=12, name='virtio_input_multi_touch_5', descriptor='a009ac16f7539a9e4072c1f537120c35a8163d3b',sources=0x80005002
10-24 16:08:39.708   544   636 I InputReader: Touch device 'virtio_input_multi_touch_9' could not query the properties of its associated display.  The device will be inoperable until the display size becomes available.
10-24 16:08:39.708   544   636 I InputReader: Device added: id=4, eventHubId=11, name='virtio_input_multi_touch_9', descriptor='ac8abc2b3d95a68148a903fffc0a312b4dd19302',sources=0x80005002
10-24 16:08:39.708   544   636 I InputReader: Touch device 'virtio_input_multi_touch_3' could not query the properties of its associated display.  The device will be inoperable until the display size becomes available.
10-24 16:08:39.708   544   636 I InputReader: Device added: id=5, eventHubId=10, name='virtio_input_multi_touch_3', descriptor='d02b0eff93435c71d7fcb0c5db2c4e01c700002e',sources=0x80005002
10-24 16:08:39.708   544   636 I InputReader: Touch device 'virtio_input_multi_touch_2' could not query the properties of its associated display.  The device will be inoperable until the display size becomes available.
10-24 16:08:39.708   544   636 I InputReader: Device added: id=6, eventHubId=9, name='virtio_input_multi_touch_2', descriptor='929d4636b8e04f50240a26561429a6e91c9eff9e',sources=0x80005002
10-24 16:08:39.708   544   636 I InputReader: Touch device 'virtio_input_multi_touch_7' could not query the properties of its associated display.  The device will be inoperable until the display size becomes available.
10-24 16:08:39.708   544   636 I InputReader: Device added: id=7, eventHubId=8, name='virtio_input_multi_touch_7', descriptor='e1c836c7be888adb29ca6646292e486f96461e97',sources=0x80005002
10-24 16:08:39.708   544   636 I InputReader: Device added: id=0, eventHubId=0, name='qwerty2', descriptor='e9ac6dde47cf0ffa91b87f7b85e6f8de0933fc98',sources=0x00000301
10-24 16:08:39.708   544   636 I InputReader: Touch device 'virtio_input_multi_touch_1' could not query the properties of its associated display.  The device will be inoperable until the display size becomes available.
10-24 16:08:39.708   544   636 I InputReader: Device added: id=8, eventHubId=6, name='virtio_input_multi_touch_1', descriptor='43db9dd6fa61939c1b516cd9522f0fe93926a00b',sources=0x80005002
10-24 16:08:39.708   544   636 I InputReader: Touch device 'virtio_input_multi_touch_4' could not query the properties of its associated display.  The device will be inoperable until the display size becomes available.
10-24 16:08:39.708   544   636 I InputReader: Device added: id=9, eventHubId=5, name='virtio_input_multi_touch_4', descriptor='3e50b6575df319e017bd447766007caeb20ef93b',sources=0x80005002
10-24 16:08:39.708   544   636 I InputReader: Touch device 'virtio_input_multi_touch_8' could not query the properties of its associated display.  The device will be inoperable until the display size becomes available.
10-24 16:08:39.708   544   636 I InputReader: Device added: id=10, eventHubId=4, name='virtio_input_multi_touch_8', descriptor='df0ec362af5f2fec5a1bbb512f6e9556bd6b3fcf',sources=0x80005002
10-24 16:08:39.708   544   636 I InputReader: Touch device 'virtio_input_multi_touch_11' could not query the properties of its associated display.  The device will be inoperable until the display size becomes available.
10-24 16:08:39.708   544   636 I InputReader: Device added: id=11, eventHubId=3, name='virtio_input_multi_touch_11', descriptor='e760666b71e579617395a5018f318365e9f44147',sources=0x80005002
10-24 16:08:39.708   544   636 I InputReader: Touch device 'virtio_input_multi_touch_6' could not query the properties of its associated display.  The device will be inoperable until the display size becomes available.
10-24 16:08:39.708   544   636 I InputReader: Device added: id=12, eventHubId=2, name='virtio_input_multi_touch_6', descriptor='0b49b597447c4c7be1d009f9a86bbed08b2e6b6d',sources=0x80005002
10-24 16:08:39.708   544   636 I InputReader: Touch device 'virtio_input_multi_touch_10' could not query the properties of its associated display.  The device will be inoperable until the display size becomes available.
10-24 16:08:39.708   544   636 I InputReader: Device added: id=13, eventHubId=1, name='virtio_input_multi_touch_10', descriptor='03d5168c37d991df1726df002537cd6ccc5b68cb',sources=0x80005002
10-24 16:08:39.708   544   636 E InputClassifier: Could not add the event to the queue. Resetting
10-24 16:08:39.708   544   636 E InputClassifier: Could not add the event to the queue. Resetting
10-24 16:08:39.708   544   544 I SystemServerTiming: IorapForwardingService
10-24 16:08:39.708   544   544 I SystemServiceManager: Starting com.google.android.startop.iorap.IorapForwardingService
10-24 16:08:39.708   544   544 I SystemServerTiming: SignedConfigService
10-24 16:08:39.708   544   544 I SystemServerTiming: AppIntegrityService
10-24 16:08:39.708   544   544 I SystemServiceManager: Starting com.android.server.integrity.AppIntegrityManagerService
10-24 16:08:39.709   544   544 E IntegrityFileManager: Error creating staging and rules directory
10-24 16:08:39.711   544   544 I WindowManager: SAFE MODE not enabled
10-24 16:08:39.711   544   544 I SystemServerTiming: StartInputMethodManagerLifecycle
10-24 16:08:39.711   544   544 I SystemServiceManager: Starting com.android.server.inputmethod.InputMethodManagerService$Lifecycle
10-24 16:08:39.712   544   544 I SystemServerTiming: StartAccessibilityManagerService
10-24 16:08:39.712   544   544 I SystemServiceManager: Starting com.android.server.accessibility.AccessibilityManagerService$Lifecycle
10-24 16:08:39.714   544   544 I SystemServerTiming: MakeDisplayReady
10-24 16:08:39.715   544   544 I ActivityTaskManager: Config changes=20005df8 {1.0 ?mcc?mnc [en_US] ldltr sw392dp w392dp h757dp 440dpi nrml long port ?uimode ?night -touch qwerty/v/v dpad/v winConfig={ mBounds=Rect(0, 0 - 1080, 2280) mAppBounds=Rect(0, 0 - 1080, 2148) mMaxBounds=Rect(0, 0 - 1080, 2280) mWindowingMode=fullscreen mDisplayWindowingMode=fullscreen mActivityType=undefined mAlwaysOnTop=undefined mRotation=ROTATION_0} s.2 ?fontWeightAdjustment}
10-24 16:08:39.715   544   544 I WindowManager: Override config changes=60007dfc {1.0 ?mcc?mnc [en_US] ldltr sw392dp w392dp h757dp 440dpi nrml long port ?uimode ?night -touch qwerty/v/v dpad/v winConfig={ mBounds=Rect(0, 0 - 1080, 2280) mAppBounds=Rect(0, 0 - 1080, 2148) mMaxBounds=Rect(0, 0 - 1080, 2280) mWindowingMode=fullscreen mDisplayWindowingMode=fullscreen mActivityType=undefined mAlwaysOnTop=undefined mRotation=ROTATION_0} s.2 ?fontWeightAdjustment} for displayId=0
10-24 16:08:39.719   544   544 I ActivityTaskManager: Config changes=8 {1.0 ?mcc?mnc [en_US] ldltr sw392dp w392dp h757dp 440dpi nrml long port ?uimode ?night finger qwerty/v/v dpad/v winConfig={ mBounds=Rect(0, 0 - 1080, 2280) mAppBounds=Rect(0, 0 - 1080, 2148) mMaxBounds=Rect(0, 0 - 1080, 2280) mWindowingMode=fullscreen mDisplayWindowingMode=fullscreen mActivityType=undefined mAlwaysOnTop=undefined mRotation=ROTATION_0} s.4 ?fontWeightAdjustment}
10-24 16:08:39.719   544   544 I WindowManager: Override config changes=8 {1.0 ?mcc?mnc [en_US] ldltr sw392dp w392dp h757dp 440dpi nrml long port ?uimode ?night finger qwerty/v/v dpad/v winConfig={ mBounds=Rect(0, 0 - 1080, 2280) mAppBounds=Rect(0, 0 - 1080, 2148) mMaxBounds=Rect(0, 0 - 1080, 2280) mWindowingMode=fullscreen mDisplayWindowingMode=fullscreen mActivityType=undefined mAlwaysOnTop=undefined mRotation=ROTATION_0} s.4 ?fontWeightAdjustment} for displayId=0
10-24 16:08:39.719   544   544 I SystemServerTiming: StartStorageManagerService
10-24 16:08:39.719   544   544 I SystemServiceManager: Starting com.android.server.StorageManagerService$Lifecycle
10-24 16:08:39.720   544   564 I InputManager-JNI: Viewport [0] to add: local:4619827259835644672, isActive: false
10-24 16:08:39.721   544   636 I InputReader: Reconfiguring input devices, changes=DISPLAY_INFO | 
10-24 16:08:39.721   544   636 I InputReader: Touch device 'virtio_input_multi_touch_10' could not query the properties of its associated display.  The device will be inoperable until the display size becomes available.
10-24 16:08:39.721   544   636 I InputReader: Touch device 'virtio_input_multi_touch_6' could not query the properties of its associated display.  The device will be inoperable until the display size becomes available.
10-24 16:08:39.721   544   636 I InputReader: Touch device 'virtio_input_multi_touch_11' could not query the properties of its associated display.  The device will be inoperable until the display size becomes available.
10-24 16:08:39.721   544   636 I InputReader: Touch device 'virtio_input_multi_touch_4' could not query the properties of its associated display.  The device will be inoperable until the display size becomes available.
10-24 16:08:39.721   544   636 I InputReader: Disabling virtio_input_multi_touch_1 (device 8) because the associated viewport is not active
10-24 16:08:39.721   544   636 I InputReader: Touch device 'virtio_input_multi_touch_7' could not query the properties of its associated display.  The device will be inoperable until the display size becomes available.
10-24 16:08:39.721   544   636 I InputReader: Touch device 'virtio_input_multi_touch_2' could not query the properties of its associated display.  The device will be inoperable until the display size becomes available.
10-24 16:08:39.721   544   636 I InputReader: Touch device 'virtio_input_multi_touch_9' could not query the properties of its associated display.  The device will be inoperable until the display size becomes available.
10-24 16:08:39.721   544   636 I InputReader: Touch device 'virtio_input_multi_touch_5' could not query the properties of its associated display.  The device will be inoperable until the display size becomes available.
10-24 16:08:39.721   544   636 I InputReader: Touch device 'virtio_input_multi_touch_3' could not query the properties of its associated display.  The device will be inoperable until the display size becomes available.
10-24 16:08:39.721   544   636 I InputReader: Touch device 'virtio_input_multi_touch_8' could not query the properties of its associated display.  The device will be inoperable until the display size becomes available.
10-24 16:08:39.722   410   426 D installd: Found quota mount /dev/block/dm-4 at /data
10-24 16:08:39.722   410   426 D installd: Found quota mount /dev/block/dm-4 at /data/user/0
10-24 16:08:39.723   544   647 D StorageManagerService: Thinking about init, mBootCompleted=false, mDaemonConnected=true
10-24 16:08:39.723   544   647 D StorageManagerService: Thinking about reset, mBootCompleted=false, mDaemonConnected=true
10-24 16:08:39.724   544   647 D StorageManagerService: Thinking about init, mBootCompleted=false, mDaemonConnected=true
10-24 16:08:39.724   544   647 D StorageManagerService: Thinking about reset, mBootCompleted=false, mDaemonConnected=true
10-24 16:08:39.724   544   544 I SystemServerTiming: StartStorageStatsService
10-24 16:08:39.724   544   544 I SystemServiceManager: Starting com.android.server.usage.StorageStatsService$Lifecycle
10-24 16:08:39.724   410   426 D installd: Found quota mount /dev/block/dm-4 at /data
10-24 16:08:39.725   410   426 D installd: Found quota mount /dev/block/dm-4 at /data/user/0
10-24 16:08:39.725   410   426 D installd: Found quota mount /dev/block/dm-4 at /data
10-24 16:08:39.725   410   426 D installd: Found quota mount /dev/block/dm-4 at /data/user/0
10-24 16:08:39.726   544   544 I SystemServerTiming: StartUiModeManager
10-24 16:08:39.726   544   544 I SystemServiceManager: Starting com.android.server.UiModeManagerService
10-24 16:08:39.726   544   606 I SystemServerTimingAsync: InitThreadPoolExec:UiModeManager.onStart
10-24 16:08:39.727   544   544 I SystemServerTiming: UpdatePackagesIfNeeded
10-24 16:08:39.727   544   544 I Watchdog: Pausing HandlerChecker: main thread for reason: dexopt. Pause count: 1
10-24 16:08:39.727   544   544 I Watchdog: Resuming HandlerChecker: main thread for reason: dexopt. Pause count: 0
10-24 16:08:39.727   544   544 I SystemServerTiming: PerformFstrimIfNeeded
10-24 16:08:39.727   544   544 W PackageManager: No disk maintenance in 8473151727; running immediately
10-24 16:08:39.727   544   544 I SystemServerTiming: StartLockSettingsService
10-24 16:08:39.727   544   647 I StorageManagerService: Running fstrim idle maintenance
10-24 16:08:39.727   544   544 I SystemServiceManager: Starting com.android.server.locksettings.LockSettingsService$Lifecycle
10-24 16:08:39.729   184   648 D vold    : Starting trim of /data
10-24 16:08:39.730   184   648 W vold    : Trim failed on /data: Operation not supported on transport endpoint
10-24 16:08:39.730   184   648 D vold    : Starting trim of /metadata
10-24 16:08:39.730   184   648 W vold    : Trim failed on /metadata: Operation not supported on transport endpoint
10-24 16:08:39.736   544   544 I SystemServerTiming: StartTestHarnessMode
10-24 16:08:39.736   544   544 I SystemServiceManager: Starting com.android.server.testharness.TestHarnessModeService
10-24 16:08:39.736   178   178 I hwservicemanager: getTransport: Cannot find entry android.hardware.oemlock@1.0::IOemLock/default in either framework or device VINTF manifest.
10-24 16:08:39.737   544   544 I OemLock : OemLock HAL not present on device
10-24 16:08:39.737   544   544 I SystemServerTiming: StartDeviceIdleController
10-24 16:08:39.737   544   544 I SystemServiceManager: Starting com.android.server.DeviceIdleController
10-24 16:08:39.738   544   544 I SystemServerTiming: StartDevicePolicyManager
10-24 16:08:39.738   544   544 I SystemServiceManager: Starting com.android.server.devicepolicy.DevicePolicyManagerService$Lifecycle
10-24 16:08:39.742   544   544 I DevicePolicyManager: Set ro.organization_owned property to false
10-24 16:08:39.743   544   544 I SystemServerTiming: StartStatusBarManagerService
10-24 16:08:39.743   544   544 I SystemServerTiming: StartMusicRecognitionManagerService
10-24 16:08:39.743   544   544 I SystemServiceManager: Starting com.android.server.musicrecognition.MusicRecognitionManagerService
10-24 16:08:39.743   544   544 I SystemServerTiming: StartContentCaptureService
10-24 16:08:39.743   544   544 I SystemServiceManager: Starting com.android.server.contentcapture.ContentCaptureManagerService
10-24 16:08:39.744   544   544 I ContentCaptureHelper: Setting logging level to OFF
10-24 16:08:39.744   544   544 D SystemServer: AttentionService is not configured on this device
10-24 16:08:39.744   544   544 D SystemServer: RotationResolverService is not configured on this device
10-24 16:08:39.744   544   544 I SystemServerTiming: StartSystemCaptionsManagerService
10-24 16:08:39.744   544   544 I SystemServiceManager: Starting com.android.server.systemcaptions.SystemCaptionsManagerService
10-24 16:08:39.744   544   544 I SystemServerTiming: StartTextToSpeechManagerService
10-24 16:08:39.744   544   544 I SystemServiceManager: Starting com.android.server.texttospeech.TextToSpeechManagerService
10-24 16:08:39.745   544   544 I SystemServerTiming: StartSpeechRecognitionManagerService
10-24 16:08:39.745   544   544 I SystemServiceManager: Starting com.android.server.speech.SpeechRecognitionManagerService
10-24 16:08:39.746   544   544 I SystemServerTiming: StartAppPredictionService
10-24 16:08:39.746   544   544 I SystemServiceManager: Starting com.android.server.appprediction.AppPredictionManagerService
10-24 16:08:39.746   544   544 I SystemServerTiming: StartContentSuggestionsService
10-24 16:08:39.746   544   544 I SystemServiceManager: Starting com.android.server.contentsuggestions.ContentSuggestionsManagerService
10-24 16:08:39.746   544   544 I SystemServerTiming: StartSearchUiService
10-24 16:08:39.746   544   544 I SystemServiceManager: Starting com.android.server.searchui.SearchUiManagerService
10-24 16:08:39.747   544   544 I SystemServerTiming: StartSmartspaceService
10-24 16:08:39.747   544   544 I SystemServiceManager: Starting com.android.server.smartspace.SmartspaceManagerService
10-24 16:08:39.748   544   544 I SystemServerTiming: InitConnectivityModuleConnector
10-24 16:08:39.748   544   544 D ConnectivityModuleConnector: Network stack init
10-24 16:08:39.748   544   544 I SystemServerTiming: InitNetworkStackClient
10-24 16:08:39.749   544   544 I SystemServerTiming: StartNetworkManagementService
10-24 16:08:39.751   544   544 I SystemServerTiming: StartIpSecService
10-24 16:08:39.752   544   544 I SystemServerTiming: StartFontManagerService
10-24 16:08:39.789   544   544 I SystemServerTiming: StartTextServicesManager
10-24 16:08:39.790   544   544 I SystemServiceManager: Starting com.android.server.textservices.TextServicesManagerService$Lifecycle
10-24 16:08:39.790   544   544 I SystemServerTiming: StartTextClassificationManagerService
10-24 16:08:39.790   544   544 I SystemServiceManager: Starting com.android.server.textclassifier.TextClassificationManagerService$Lifecycle
10-24 16:08:39.791   544   544 I SystemServerTiming: StartNetworkScoreService
10-24 16:08:39.791   544   544 I SystemServiceManager: Starting com.android.server.NetworkScoreService$Lifecycle
10-24 16:08:39.791   544   544 I NetworkScoreService: Registering network_score
10-24 16:08:39.791   544   544 I SystemServerTiming: StartNetworkStatsService
10-24 16:08:39.792   544   544 I SystemServerTiming: StartNetworkPolicyManagerService
10-24 16:08:39.793   544   544 I SystemServerTiming: StartWifi
10-24 16:08:39.803   544   544 I SystemServiceManager: Starting com.android.server.wifi.WifiService
10-24 16:08:39.809   544   544 I WifiContext: Found Wifi Resources APK at: com.google.android.wifi.resources
10-24 16:08:39.814   544   544 V NetworkScoreManager: registerNetworkScoreCallback: callback=com.android.server.wifi.WifiNetworkScoreCache@16f0aa2, executor=com.android.wifi.x.android.os.HandlerExecutor@cd11333
10-24 16:08:39.834   544   544 D ScanMetrics: Settings package: com.android.settings
10-24 16:08:39.834   544   544 D ScanMetrics: GMS uid: 10102
10-24 16:08:39.842   544   544 I WifiCoexManager: Default coex algorithm is disabled.
10-24 16:08:39.855   544   544 D WifiOpenNetworkNotifier: Settings toggle enabled=true
10-24 16:08:39.857   544   544 D WifiNl80211Manager: registerCountryCodeEventListener called
10-24 16:08:39.857   544   544 D WifiCountryCode: Default country code from system property ro.boot.wificountrycode is null
10-24 16:08:39.859   416   416 I wificond: New wificond event callback registered
10-24 16:08:39.859   329   394 D goldfish-address-space: claimShared: Ask to claim region [0x1fef08000 0x1ff870000]
10-24 16:08:39.859   544   544 D WakeupController: WifiWake enabled
10-24 16:08:39.860   544   544 V HistoricalRegistry: Interaction before persistence initialized
10-24 16:08:39.861   544   544 I WifiService: Registering wifi
10-24 16:08:39.862   544   544 I SystemServerTiming: StartWifiScanning
10-24 16:08:39.862   544   544 I SystemServiceManager: Starting com.android.server.wifi.scanner.WifiScanningService
10-24 16:08:39.862   544   544 I WifiScanningService: Creating wifiscanner
10-24 16:08:39.863   544   544 I WifiScanningService: Publishing wifiscanner
10-24 16:08:39.864   544   544 I SystemServerTiming: StartWifiP2P
10-24 16:08:39.864   544   544 I SystemServiceManager: Starting com.android.server.wifi.p2p.WifiP2pService
10-24 16:08:39.865   544   544 I WifiP2pService: Registering wifip2p
10-24 16:08:39.866   544   544 I SystemServerTiming: StartPacProxyService
10-24 16:08:39.866   544   544 I SystemServerTiming: StartConnectivityService
10-24 16:08:39.874   544   544 I SystemServiceManager: Starting com.android.server.ConnectivityServiceInitializer
10-24 16:08:39.885   544   544 D ConnectivityService: ConnectivityService starting up
10-24 16:08:39.890   544   544 E SystemServiceRegistry: No service published for: ethernet
10-24 16:08:39.890   544   544 E SystemServiceRegistry: android.os.ServiceManager$ServiceNotFoundException: No service published for: ethernet
10-24 16:08:39.890   544   544 E SystemServiceRegistry: 	at android.os.ServiceManager.getServiceOrThrow(ServiceManager.java:153)
10-24 16:08:39.890   544   544 E SystemServiceRegistry: 	at android.app.SystemServiceRegistry$62.createService(SystemServiceRegistry.java:793)
10-24 16:08:39.890   544   544 E SystemServiceRegistry: 	at android.app.SystemServiceRegistry$62.createService(SystemServiceRegistry.java:790)
10-24 16:08:39.890   544   544 E SystemServiceRegistry: 	at android.app.SystemServiceRegistry$CachedServiceFetcher.getService(SystemServiceRegistry.java:1848)
10-24 16:08:39.890   544   544 E SystemServiceRegistry: 	at android.app.SystemServiceRegistry.getSystemService(SystemServiceRegistry.java:1525)
10-24 16:08:39.890   544   544 E SystemServiceRegistry: 	at android.app.ContextImpl.getSystemService(ContextImpl.java:2064)
10-24 16:08:39.890   544   544 E SystemServiceRegistry: 	at com.android.server.ConnectivityService$LegacyTypeTracker.loadSupportedTypes(ConnectivityService.java:873)
10-24 16:08:39.890   544   544 E SystemServiceRegistry: 	at com.android.server.ConnectivityService.<init>(ConnectivityService.java:1412)
10-24 16:08:39.890   544   544 E SystemServiceRegistry: 	at com.android.server.ConnectivityService.<init>(ConnectivityService.java:1336)
10-24 16:08:39.890   544   544 E SystemServiceRegistry: 	at com.android.server.ConnectivityServiceInitializer.<init>(ConnectivityServiceInitializer.java:35)
10-24 16:08:39.890   544   544 E SystemServiceRegistry: 	at java.lang.reflect.Constructor.newInstance0(Native Method)
10-24 16:08:39.890   544   544 E SystemServiceRegistry: 	at java.lang.reflect.Constructor.newInstance(Constructor.java:343)
10-24 16:08:39.890   544   544 E SystemServiceRegistry: 	at com.android.server.SystemServiceManager.startService(SystemServiceManager.java:177)
10-24 16:08:39.890   544   544 E SystemServiceRegistry: 	at com.android.server.SystemServiceManager.startServiceFromJar(SystemServiceManager.java:133)
10-24 16:08:39.890   544   544 E SystemServiceRegistry: 	at com.android.server.SystemServer.startOtherServices(SystemServer.java:1917)
10-24 16:08:39.890   544   544 E SystemServiceRegistry: 	at com.android.server.SystemServer.run(SystemServer.java:879)
10-24 16:08:39.890   544   544 E SystemServiceRegistry: 	at com.android.server.SystemServer.main(SystemServer.java:610)
10-24 16:08:39.890   544   544 E SystemServiceRegistry: 	at java.lang.reflect.Method.invoke(Native Method)
10-24 16:08:39.890   544   544 E SystemServiceRegistry: 	at com.android.internal.os.RuntimeInit$MethodAndArgsCaller.run(RuntimeInit.java:548)
10-24 16:08:39.890   544   544 E SystemServiceRegistry: 	at com.android.internal.os.ZygoteInit.main(ZygoteInit.java:981)
10-24 16:08:39.892   544   572 I DropBoxManagerService: add tag=system_server_wtf isTagEnabled=true flags=0x2
10-24 16:08:39.900   544   544 D CompatibilityChangeReporter: Compat change id reported: 182478738; UID 1000; state: ENABLED
10-24 16:08:39.901   544   544 I ConnectivityServiceInitializer: Registering connectivity
10-24 16:08:39.902   544   544 I SystemServerTiming: StartVpnManagerService
10-24 16:08:39.904   544   544 D VpnManagerService: VpnManagerService starting up
10-24 16:08:39.905   544   544 I SystemServerTiming: StartVcnManagementService
10-24 16:08:39.906   544   544 I SystemServerTiming: StartNsdService
10-24 16:08:39.906   544   544 D NsdService: Network service discovery is enabled
10-24 16:08:39.907   544   544 I SystemServerTiming: StartSystemUpdateManagerService
10-24 16:08:39.907   544   544 I SystemUpdateManagerService: No existing info file /data/system/system-update-info.xml
10-24 16:08:39.908   544   544 I SystemServerTiming: StartUpdateLockService
10-24 16:08:39.908   544   544 I SystemServerTiming: StartNotificationManager
10-24 16:08:39.908   544   544 I SystemServiceManager: Starting com.android.server.notification.NotificationManagerService
10-24 16:08:39.928   544   544 D ConditionProviders.SCP: new ScheduleConditionProvider()
10-24 16:08:39.932   544   544 I NotificationListeners: Read notification listener permissions from xml
10-24 16:08:39.932   544   544 I ConditionProviders: Read condition provider permissions from xml
10-24 16:08:39.932   544   544 I ConditionProviders: Read condition provider permissions from xml
10-24 16:08:39.932   544   544 D NotificationAssistants: Approving default notification assistant for user 0
10-24 16:08:39.933   544   544 D CompatibilityChangeReporter: Compat change id reported: 147600208; UID 1000; state: ENABLED
10-24 16:08:39.934   544   544 D CompatibilityChangeReporter: Compat change id reported: 157233955; UID 1000; state: ENABLED
10-24 16:08:39.936   544   544 I SystemServerTiming: StartDeviceMonitor
10-24 16:08:39.936   544   544 I SystemServiceManager: Starting com.android.server.storage.DeviceStorageMonitorService
10-24 16:08:39.938   544   544 I SystemServerTiming: StartLocationManagerService
10-24 16:08:39.938   544   544 I SystemServiceManager: Starting com.android.server.location.LocationManagerService$Lifecycle
10-24 16:08:39.941   544   544 I SystemServerTiming: StartCountryDetectorService
10-24 16:08:39.942   544   544 I SystemServerTiming: StartTimeDetectorService
10-24 16:08:39.942   544   544 I SystemServiceManager: Starting com.android.server.timedetector.TimeDetectorService$Lifecycle
10-24 16:08:39.943   544   544 I SystemServerTiming: StartTimeZoneDetectorService
10-24 16:08:39.943   544   544 I SystemServiceManager: Starting com.android.server.timezonedetector.TimeZoneDetectorService$Lifecycle
10-24 16:08:39.945   544   544 I SystemServerTiming: StartLocationTimeZoneManagerService
10-24 16:08:39.945   544   544 I SystemServiceManager: Starting com.android.server.timezonedetector.location.LocationTimeZoneManagerService$Lifecycle
10-24 16:08:39.946   544   544 I SystemServerTiming: StartSearchManagerService
10-24 16:08:39.946   544   544 I SystemServiceManager: Starting com.android.server.search.SearchManagerService$Lifecycle
10-24 16:08:39.946   544   544 I SystemServerTiming: StartWallpaperManagerService
10-24 16:08:39.946   544   544 I SystemServiceManager: Starting com.android.server.wallpaper.WallpaperManagerService$Lifecycle
10-24 16:08:39.947   544   544 I SystemServerTiming: StartAudioService
10-24 16:08:39.947   544   544 I SystemServiceManager: Starting com.android.server.audio.AudioService$Lifecycle
10-24 16:08:39.962   544   544 I android_os_HwBinder: HwBinder: Starting thread pool for getting: android.hidl.manager@1.0::IServiceManager/default
10-24 16:08:39.967   351   489 D PermissionCache: checking android.permission.MODIFY_AUDIO_ROUTING for uid=1000 => granted (358 us)
10-24 16:08:39.973   351   488 D PermissionCache: checking android.permission.MODIFY_AUDIO_SETTINGS for uid=1000 => granted (164 us)
10-24 16:08:39.976   351   488 D AudioFlinger: isLowRamDevice:false totalMemory:2061529088 mClientSharedHeapSize:4194304
10-24 16:08:39.976   544   544 I SystemServerTiming: StartSoundTriggerMiddlewareService
10-24 16:08:39.976   544   544 I SystemServiceManager: Starting com.android.server.soundtrigger_middleware.SoundTriggerMiddlewareService$Lifecycle
10-24 16:08:39.977   544   544 D SoundTriggerMiddlewareService: Connecting to default ISoundTriggerHw
10-24 16:08:39.978   544   544 I android_os_HwBinder: HwBinder: Starting thread pool for getting: android.hardware.soundtrigger@2.0::ISoundTriggerHw/default
10-24 16:08:39.980   544   544 I SystemServerTiming: StartDockObserver
10-24 16:08:39.980   544   544 I SystemServiceManager: Starting com.android.server.DockObserver
10-24 16:08:39.980   544   544 W DockObserver: This kernel does not have dock station support
10-24 16:08:39.980   351   488 I CaptureStateNotifier: Registering a listener
10-24 16:08:39.980   544   544 I SystemServerTiming: StartWiredAccessoryManager
10-24 16:08:39.980   544   680 I SoundTriggerMiddlewareLogging: setCaptureState[this=com.android.server.soundtrigger_middleware.SoundTriggerMiddlewareImpl@8cf8d4c, client=null](false)
